<?xml version="1.0" encoding="utf-8"?><testsuites name="pytest tests"><testsuite name="pytest" errors="0" failures="0" skipped="22" tests="3251" time="243.976" timestamp="2026-07-30T16:17:30.616490+01:00" hostname="StevesBigLaptop"><testcase classname="tests.backend.common.test_account_models.TestOwnerSummaryRecord" name="test_missing_owner_raises" time="0.023" /><testcase classname="tests.backend.common.test_account_models.TestOwnerSummaryRecord" name="test_blank_owner_raises" time="0.004" /><testcase classname="tests.backend.common.test_account_models.TestOwnerSummaryRecord" name="test_none_owner_raises" time="0.003" /><testcase classname="tests.backend.common.test_account_models.TestOwnerSummaryRecord" name="test_defaults_when_optional_fields_missing" time="0.002" /><testcase classname="tests.backend.common.test_account_models.TestOwnerSummaryRecord" name="test_non_string_account_items_are_dropped" time="0.002" /><testcase classname="tests.backend.common.test_account_models.TestOwnerSummaryRecord" name="test_accounts_must_be_a_list" time="0.002" /><testcase classname="tests.backend.common.test_account_models.TestOwnerSummaryRecord" name="test_duplicate_accounts_are_deduped_case_insensitively" time="0.002" /><testcase classname="tests.backend.common.test_account_models.TestOwnerSummaryRecord" name="test_unknown_extra_fields_are_ignored" time="0.003" /><testcase classname="tests.backend.common.test_account_models.TestPersonMetadata" name="test_all_fields_optional" time="0.002" /><testcase classname="tests.backend.common.test_account_models.TestPersonMetadata" name="test_blank_strings_normalise_to_none" time="0.002" /><testcase classname="tests.backend.common.test_account_models.TestPersonMetadata" name="test_non_string_optional_field_raises" time="0.002" /><testcase classname="tests.backend.common.test_account_models.TestPersonMetadata" name="test_dob_datetime_normalises_to_isoformat" time="0.002" /><testcase classname="tests.backend.common.test_account_models.TestPersonMetadata" name="test_viewers_deduped_case_insensitively" time="0.002" /><testcase classname="tests.backend.common.test_account_models.TestPersonMetadata" name="test_viewers_must_be_list" time="0.002" /><testcase classname="tests.backend.common.test_account_models.TestAccountRecord" name="test_defaults_when_fields_missing" time="0.003" /><testcase classname="tests.backend.common.test_account_models.TestAccountRecord" name="test_extra_keys_are_preserved" time="0.002" /><testcase classname="tests.backend.common.test_account_models.TestAccountRecord" name="test_holdings_must_be_list" time="0.004" /><testcase classname="tests.backend.common.test_accounts_store" name="test_local_store_edit_creates_and_updates" time="0.020" /><testcase classname="tests.backend.common.test_accounts_store" name="test_local_store_edit_discards_new_file_on_error" time="0.010" /><testcase classname="tests.backend.common.test_accounts_store" name="test_local_store_coerces_non_dict_to_default" time="0.014" /><testcase classname="tests.backend.common.test_accounts_store" name="test_local_store_ensure_owner_scaffolds_person" time="0.013" /><testcase classname="tests.backend.common.test_accounts_store" name="test_local_store_global_is_read_only" time="0.006" /><testcase classname="tests.backend.common.test_accounts_store" name="test_local_store_none_root_lists_empty" time="0.002" /><testcase classname="tests.backend.common.test_accounts_store" name="test_s3_store_write_uses_writable_prefix" time="0.003" /><testcase classname="tests.backend.common.test_accounts_store" name="test_s3_store_read_missing_returns_none" time="0.002" /><testcase classname="tests.backend.common.test_accounts_store" name="test_s3_store_edit_reads_existing_then_writes" time="0.003" /><testcase classname="tests.backend.common.test_accounts_store" name="test_s3_store_list_and_iter" time="0.003" /><testcase classname="tests.backend.common.test_accounts_store" name="test_s3_store_ensure_owner_idempotent" time="0.003" /><testcase classname="tests.backend.common.test_accounts_store" name="test_local_store_rebuild_portfolio" time="0.017" /><testcase classname="tests.backend.common.test_accounts_store" name="test_s3_store_rebuild_portfolio" time="0.003" /><testcase classname="tests.backend.common.test_accounts_store" name="test_s3_store_rebuild_portfolio_missing_transactions" time="0.003" /><testcase classname="tests.backend.common.test_accounts_store" name="test_local_store_rebuild_portfolio_none_root" time="0.003" /><testcase classname="tests.backend.common.test_accounts_store.TestS3Integration" name="test_write_then_read_cycle_ensure_owner_and_holdings" time="0.003" /><testcase classname="tests.backend.common.test_accounts_store.TestS3Integration" name="test_write_then_read_cycle_multiple_accounts" time="0.002" /><testcase classname="tests.backend.common.test_accounts_store.TestS3Integration" name="test_write_then_read_cycle_update_existing_holding" time="0.003" /><testcase classname="tests.backend.common.test_accounts_store.TestS3Integration" name="test_write_then_read_cycle_multiple_owners_isolated" time="0.003" /><testcase classname="tests.backend.common.test_accounts_store.TestS3Integration" name="test_ensure_owner_is_idempotent_under_integration" time="0.002" /><testcase classname="tests.backend.common.test_accounts_store" name="test_accounts_store_uses_shared_sanitiser" time="0.002" /><testcase classname="tests.backend.common.test_accounts_store" name="test_s3_read_document_log_injection_stripped" time="0.003" /><testcase classname="tests.backend.common.test_accounts_store" name="test_s3_rebuild_portfolio_log_injection_stripped" time="0.003" /><testcase classname="tests.backend.common.test_accounts_store" name="test_s3_iter_keys_log_injection_stripped" time="0.003" /><testcase classname="tests.backend.common.test_analytics_store" name="test_append_and_load_round_trip" time="0.018" /><testcase classname="tests.backend.common.test_analytics_store" name="test_load_events_skips_invalid_rows_and_normalises" time="0.012" /><testcase classname="tests.backend.common.test_analytics_store" name="test_clear_events_removes_file" time="0.013" /><testcase classname="tests.backend.common.test_approvals" name="test_load_approvals_handles_variants_and_invalid_rows" time="0.018" /><testcase classname="tests.backend.common.test_approvals" name="test_trading_days_and_validity_calculations" time="0.002" /><testcase classname="tests.backend.common.test_approvals" name="test_save_and_mutate_approvals" time="0.019" /><testcase classname="tests.backend.common.test_authz" name="test_identity_can_access_owner[alice-alice-meta0-True]" time="0.003" /><testcase classname="tests.backend.common.test_authz" name="test_identity_can_access_owner[ALICE-alice-meta1-True]" time="0.003" /><testcase classname="tests.backend.common.test_authz" name="test_identity_can_access_owner[  alice  -alice-meta2-True]" time="0.003" /><testcase classname="tests.backend.common.test_authz" name="test_identity_can_access_owner[alice@example.com-alice-meta3-True]" time="0.003" /><testcase classname="tests.backend.common.test_authz" name="test_identity_can_access_owner[ALICE@EXAMPLE.COM-alice-meta4-True]" time="0.003" /><testcase classname="tests.backend.common.test_authz" name="test_identity_can_access_owner[mum@example.com-alice-meta5-True]" time="0.003" /><testcase classname="tests.backend.common.test_authz" name="test_identity_can_access_owner[bob-alice-meta6-False]" time="0.003" /><testcase classname="tests.backend.common.test_authz" name="test_identity_can_access_owner[bob-alice-meta7-False]" time="0.003" /><testcase classname="tests.backend.common.test_authz" name="test_identity_can_access_owner[None-alice-meta8-False]" time="0.004" /><testcase classname="tests.backend.common.test_authz" name="test_identity_can_access_owner[-alice-meta9-False]" time="0.003" /><testcase classname="tests.backend.common.test_authz" name="test_identity_can_access_owner[   -alice-meta10-False]" time="0.003" /><testcase classname="tests.backend.common.test_authz" name="test_identity_can_access_owner[bob-alice-meta11-False]" time="0.003" /><testcase classname="tests.backend.common.test_authz" name="test_ensure_owner_access_noop_when_auth_disabled" time="0.002" /><testcase classname="tests.backend.common.test_authz" name="test_ensure_owner_access_allows_authorized" time="0.002" /><testcase classname="tests.backend.common.test_authz" name="test_ensure_owner_access_rejects_unauthorized" time="0.002" /><testcase classname="tests.backend.common.test_authz" name="test_ensure_owner_access_rejects_missing_identity" time="0.002" /><testcase classname="tests.backend.common.test_authz" name="test_ensure_owner_access_denial_is_logged" time="0.003" /><testcase classname="tests.backend.common.test_authz" name="test_ensure_owner_access_denial_log_reports_identity_present_when_unauthorized" time="0.003" /><testcase classname="tests.backend.common.test_compliance" name="test_load_transactions_missing_owner_raises" time="0.009" /><testcase classname="tests.backend.common.test_compliance" name="test_ensure_owner_scaffold_creates_defaults" time="0.019" /><testcase classname="tests.backend.common.test_compliance" name="test_check_trade_requires_owner" time="0.003" /><testcase classname="tests.backend.common.test_compliance" name="test_check_transactions_logs_sanitised_invalid_share_count" time="0.004" /><testcase classname="tests.backend.common.test_compliance" name="test_check_transactions_sanitises_ticker_when_shares_valid" time="0.003" /><testcase classname="tests.backend.common.test_compliance" name="test_evaluate_trades_attach_warnings_once" time="0.003" /><testcase classname="tests.backend.common.test_data_loader.TestExtractAccountNames" name="test_dedupes_and_filters_metadata" time="0.018" /><testcase classname="tests.backend.common.test_data_loader.TestMergeAccounts" name="test_merges_unique_accounts_and_full_name" time="0.002" /><testcase classname="tests.backend.common.test_data_loader.TestSafeJsonLoad" name="test_parses_json_with_utf8_bom" time="0.008" /><testcase classname="tests.backend.common.test_data_loader.TestSafeJsonLoad" name="test_missing_file_raises_file_not_found" time="0.007" /><testcase classname="tests.backend.common.test_data_loader.TestSafeJsonLoad" name="test_whitespace_only_raises_value_error" time="0.008" /><testcase classname="tests.backend.common.test_data_loader.TestBuildOwnerSummary" name="test_prefers_full_name_and_strips_whitespace" time="0.002" /><testcase classname="tests.backend.common.test_data_loader.TestBuildOwnerSummary" name="test_defaults_to_owner_slug_when_names_missing" time="0.002" /><testcase classname="tests.backend.common.test_data_loader.TestBuildOwnerSummary" name="test_includes_email_when_present" time="0.003" /><testcase classname="tests.backend.common.test_data_loader.TestLoadPersonMeta" name="test_malformed_person_json_returns_empty_meta" time="0.012" /><testcase classname="tests.backend.common.test_data_loader.TestLoadPersonMeta" name="test_extracts_full_name_when_present" time="0.010" /><testcase classname="tests.backend.common.test_data_loader.TestLoadPersonMeta" name="test_invalid_viewers_drops_key_preserves_other_fields" time="0.010" /><testcase classname="tests.backend.common.test_data_loader.TestLoadPersonMeta" name="test_load_person_metadata_returns_typed_model" time="0.010" /><testcase classname="tests.backend.common.test_data_loader.TestLoadPersonMeta" name="test_load_person_metadata_rejects_malformed_viewers" time="0.011" /><testcase classname="tests.backend.common.test_data_loader.TestLoadPersonMeta" name="test_person_metadata_accepts_date_like_dob_values" time="0.002" /><testcase classname="tests.backend.common.test_data_loader.TestLoadAccountRecord" name="test_load_account_record_returns_typed_model" time="0.009" /><testcase classname="tests.backend.common.test_data_loader.TestLoadAccountRecord" name="test_invalid_account_record_raises_validation_error" time="0.011" /><testcase classname="tests.backend.common.test_data_loader.TestMergeAccountsWithOwner" name="test_merges_without_duplication_and_sets_missing_full_name" time="0.002" /><testcase classname="tests.backend.common.test_data_loader.TestResolvePaths" name="test_with_relative_accounts_root" time="0.011" /><testcase classname="tests.backend.common.test_data_loader.TestResolvePaths" name="test_with_absolute_accounts_root" time="0.009" /><testcase classname="tests.backend.common.test_data_loader.TestResolvePaths" name="test_handles_windows_style_absolute_paths" time="0.007" /><testcase classname="tests.backend.common.test_data_loader.TestResolveDefaultAccountsRoot" name="test_falls_back_when_configured_root_missing" time="0.008" /><testcase classname="tests.backend.common.test_data_loader.TestResolveDefaultAccountsRoot" name="test_uses_configured_root_when_it_exists" time="0.008" /><testcase classname="tests.backend.common.test_data_loader.TestResolveDefaultAccountsRoot" name="test_returns_primary_when_neither_root_exists" time="0.008" /><testcase classname="tests.backend.common.test_data_loader.TestResolveOwnerDir" name="test_finds_owner_under_fallback_root" time="0.009" /><testcase classname="tests.backend.common.test_data_loader.TestResolveOwnerDir" name="test_raises_when_owner_missing_everywhere" time="0.009" /><testcase classname="tests.backend.common.test_data_loader.TestResolveOwnerDir" name="test_explicit_accounts_root_bypasses_fallback" time="0.009" /><testcase classname="tests.backend.common.test_data_loader.TestVirtualPortfolioPersistence" name="test_save_and_load_round_trip" time="0.017" /><testcase classname="tests.backend.common.test_data_loader.TestListLocalPlots" name="test_authentication_required_skips_special_accounts" time="0.022" /><testcase classname="tests.backend.common.test_data_loader.TestListLocalPlots" name="test_enforces_viewer_permissions" time="0.028" /><testcase classname="tests.backend.common.test_data_loader.TestListLocalPlots" name="test_respects_viewers_when_auth_disabled_and_user_provided" time="0.022" /><testcase classname="tests.backend.common.test_data_loader.TestListLocalPlots" name="test_accepts_contextvar_current_user" time="0.023" /><testcase classname="tests.backend.common.test_data_loader.TestListLocalPlots" name="test_includes_full_name_from_metadata" time="0.018" /><testcase classname="tests.backend.common.test_data_loader.TestListLocalPlots" name="test_skips_metadata_and_transaction_exports" time="0.031" /><testcase classname="tests.backend.common.test_data_loader.TestListLocalPlots" name="test_authentication_disabled_allows_anonymous_access" time="0.022" /><testcase classname="tests.backend.common.test_data_loader.TestListLocalPlots" name="test_overridden_demo_identity_hides_default_directory" time="0.116"><skipped type="pytest.xfail" message="To fix" /></testcase><testcase classname="tests.backend.common.test_data_loader.TestListLocalPlots" name="test_falls_back_to_repository_when_primary_empty" time="0.023" /><testcase classname="tests.backend.common.test_data_loader.TestListLocalPlots" name="test_explicit_root_does_not_merge_fallback" time="0.023" /><testcase classname="tests.backend.common.test_data_loader.TestListLocalPlots" name="test_list_plots_with_explicit_root_skips_demo" time="0.023" /><testcase classname="tests.backend.common.test_data_loader.TestListLocalPlots" name="test_allows_access_when_user_matches_owner_email" time="0.021" /><testcase classname="tests.backend.common.test_data_loader.TestLocalOwnerIndexCache" name="test_safe_file_signature_reuses_digest_when_stat_is_unchanged" time="0.008" /><testcase classname="tests.backend.common.test_data_loader.TestLocalOwnerIndexCache" name="test_reuses_cached_owner_index_when_signature_is_unchanged" time="0.020" /><testcase classname="tests.backend.common.test_data_loader.TestLocalOwnerIndexCache" name="test_invalidates_cached_owner_index_when_metadata_changes" time="0.026" /><testcase classname="tests.backend.common.test_data_loader.TestLocalOwnerIndexCache" name="test_invalidates_cached_owner_index_when_accounts_change" time="0.025" /><testcase classname="tests.backend.common.test_data_loader.TestLocalOwnerIndexCache" name="test_invalidates_cached_owner_index_when_owner_added" time="0.028" /><testcase classname="tests.backend.common.test_data_loader.TestLocalOwnerIndexCache" name="test_invalidates_cached_owner_index_when_content_changes_without_stat_change" time="0.001"><skipped type="pytest.skip" message="st_ctime_ns is file creation time on Windows; content-only changes cannot be detected without re-reading">C:\Users\steph\workspace\GitHub\allotmint\tests\backend\common\test_data_loader.py:770: st_ctime_ns is file creation time on Windows; content-only changes cannot be detected without re-reading</skipped></testcase><testcase classname="tests.backend.common.test_data_loader.TestLoadDemoOwner" name="test_returns_demo_summary_when_available" time="0.016" /><testcase classname="tests.backend.common.test_data_loader.TestLoadDemoOwner" name="test_returns_none_when_demo_directory_missing" time="0.007" /><testcase classname="tests.backend.common.test_data_loader" name="test_list_aws_plots_enforces_email_and_viewer_permissions" time="0.008" /><testcase classname="tests.backend.common.test_data_loader" name="test_list_plots_prefers_aws_results" time="0.007" /><testcase classname="tests.backend.common.test_data_loader" name="test_list_plots_aws_falls_back_to_local" time="0.008" /><testcase classname="tests.backend.common.test_data_loader" name="test_list_plots_skips_invalid_entries_without_failing_whole_batch" time="0.016" /><testcase classname="tests.backend.common.test_data_loader" name="test_load_account_dotdot_owner_raises_missing_data" time="0.009" /><testcase classname="tests.backend.common.test_data_loader" name="test_load_account_dotdot_account_raises_missing_data" time="0.010" /><testcase classname="tests.backend.common.test_data_provider_parity" name="test_load_account_matches_between_local_and_mocked_aws[Alice-ISA]" time="0.018" /><testcase classname="tests.backend.common.test_data_provider_parity" name="test_load_account_matches_between_local_and_mocked_aws[Alice-GIA]" time="0.021" /><testcase classname="tests.backend.common.test_data_provider_parity" name="test_load_account_matches_between_local_and_mocked_aws[bob-SIPP]" time="0.019" /><testcase classname="tests.backend.common.test_data_provider_parity" name="test_load_person_meta_matches_between_local_and_mocked_aws[Alice]" time="0.018" /><testcase classname="tests.backend.common.test_data_provider_parity" name="test_load_person_meta_matches_between_local_and_mocked_aws[bob]" time="0.018" /><testcase classname="tests.backend.common.test_data_provider_parity" name="test_list_plots_matches_between_local_and_mocked_aws_after_normalisation" time="0.028" /><testcase classname="tests.backend.common.test_data_providers" name="test_load_account_valid" time="0.012" /><testcase classname="tests.backend.common.test_data_providers" name="test_load_account_dotdot_owner_blocked" time="0.010" /><testcase classname="tests.backend.common.test_data_providers" name="test_load_account_dotdot_account_blocked" time="0.011" /><testcase classname="tests.backend.common.test_data_providers" name="test_load_account_absolute_owner_blocked" time="0.011" /><testcase classname="tests.backend.common.test_data_providers" name="test_load_account_percent_encoded_owner_blocked" time="0.010" /><testcase classname="tests.backend.common.test_data_providers" name="test_load_person_meta_dotdot_blocked" time="0.011" /><testcase classname="tests.backend.common.test_data_providers" name="test_load_person_meta_absolute_path_blocked" time="0.010" /><testcase classname="tests.backend.common.test_data_providers" name="test_load_person_meta_valid_missing_file" time="0.012" /><testcase classname="tests.backend.common.test_data_providers" name="test_load_person_meta_valid" time="0.014" /><testcase classname="tests.backend.common.test_instrument_api" name="test_derive_grouping_prefers_sector_over_currency" time="0.003" /><testcase classname="tests.backend.common.test_instrument_api" name="test_derive_grouping_prefers_currency_over_region" time="0.002" /><testcase classname="tests.backend.common.test_instrument_api_groupings" name="test_resolve_grouping_uses_catalogue" time="0.002" /><testcase classname="tests.backend.common.test_instrument_api_groupings" name="test_resolve_grouping_falls_back_to_metadata[meta0-expected0]" time="0.003" /><testcase classname="tests.backend.common.test_instrument_api_groupings" name="test_resolve_grouping_falls_back_to_metadata[meta1-expected1]" time="0.003" /><testcase classname="tests.backend.common.test_instrument_api_groupings" name="test_resolve_grouping_falls_back_to_metadata[meta2-expected2]" time="0.003" /><testcase classname="tests.backend.common.test_instruments" name="test_validate_part_accepts_valid_symbols[abc-ABC]" time="0.003" /><testcase classname="tests.backend.common.test_instruments" name="test_validate_part_accepts_valid_symbols[a-bc123-A-BC123]" time="0.002" /><testcase classname="tests.backend.common.test_instruments" name="test_validate_part_accepts_valid_symbols[XYZ-XYZ]" time="0.003" /><testcase classname="tests.backend.common.test_instruments" name="test_validate_part_rejects_invalid_symbols[]" time="0.002" /><testcase classname="tests.backend.common.test_instruments" name="test_validate_part_rejects_invalid_symbols[abc!]" time="0.002" /><testcase classname="tests.backend.common.test_instruments" name="test_validate_part_rejects_invalid_symbols[with space]" time="0.002" /><testcase classname="tests.backend.common.test_instruments" name="test_validate_part_rejects_invalid_symbols[inv.alid]" time="0.002" /><testcase classname="tests.backend.common.test_instruments" name="test_instrument_path_generates_expected_locations" time="0.010" /><testcase classname="tests.backend.common.test_instruments" name="test_instrument_path_rejects_invalid_symbols[bad$ticker]" time="0.009" /><testcase classname="tests.backend.common.test_instruments" name="test_instrument_path_rejects_invalid_symbols[abc.ba@d]" time="0.010" /><testcase classname="tests.backend.common.test_instruments" name="test_get_instrument_meta_reads_local_file_when_no_s3" time="0.011" /><testcase classname="tests.backend.common.test_instruments" name="test_get_instrument_meta_prefers_s3_when_available" time="0.009" /><testcase classname="tests.backend.common.test_instruments" name="test_get_instrument_meta_falls_back_to_local_on_s3_error" time="0.012" /><testcase classname="tests.backend.common.test_instruments" name="test_save_instrument_meta_writes_uploads_and_clears_cache" time="0.016" /><testcase classname="tests.backend.common.test_instruments" name="test_delete_instrument_meta_removes_file_and_handles_missing" time="0.012" /><testcase classname="tests.backend.common.test_instruments" name="test_list_instruments_adds_default_fields" time="0.013" /><testcase classname="tests.backend.common.test_instruments" name="test_list_group_definitions_returns_empty_when_missing" time="0.010" /><testcase classname="tests.backend.common.test_instruments" name="test_instruments_dir_resolution[configured-directory]" time="0.021" /><testcase classname="tests.backend.common.test_instruments" name="test_instruments_dir_resolution[packaged-fallback]" time="0.024" /><testcase classname="tests.backend.common.test_instruments" name="test_instruments_dir_resolution[missing-everywhere]" time="0.020" /><testcase classname="tests.backend.common.test_instruments" name="test_save_instrument_meta_variants" time="0.013" /><testcase classname="tests.backend.common.test_instruments" name="test_save_instrument_meta_handles_read_only_filesystem" time="0.011" /><testcase classname="tests.backend.common.test_instruments" name="test_fetch_metadata_from_yahoo_builds_normalized_payload" time="0.002" /><testcase classname="tests.backend.common.test_instruments" name="test_fetch_metadata_from_yahoo_falls_back_to_info_and_fast_info[object]" time="0.003" /><testcase classname="tests.backend.common.test_instruments" name="test_fetch_metadata_from_yahoo_falls_back_to_info_and_fast_info[dict]" time="0.002" /><testcase classname="tests.backend.common.test_instruments" name="test_fetch_metadata_from_yahoo_rejects_unknown_exchange" time="0.002" /><testcase classname="tests.backend.common.test_instruments" name="test_auto_create_instrument_meta_merges_payload" time="0.013" /><testcase classname="tests.backend.common.test_instruments" name="test_auto_create_respects_offline_and_failure_cache" time="0.002" /><testcase classname="tests.backend.common.test_instruments" name="test_auto_create_respects_testing_guard" time="0.002"><skipped type="pytest.xfail" message="Query fallback mechanism needs investigation" /></testcase><testcase classname="tests.backend.common.test_instruments" name="test_list_group_definitions_loads_json" time="0.020" /><testcase classname="tests.backend.common.test_instruments" name="test_clean_str_variants[  spaced  -False-spaced]" time="0.003" /><testcase classname="tests.backend.common.test_instruments" name="test_clean_str_variants[lower-True-LOWER]" time="0.003" /><testcase classname="tests.backend.common.test_instruments" name="test_clean_str_variants[123-False-123]" time="0.003" /><testcase classname="tests.backend.common.test_instruments" name="test_clean_str_variants[  -False-None]" time="0.003" /><testcase classname="tests.backend.common.test_instruments" name="test_clean_str_variants[None-True-None]" time="0.003" /><testcase classname="tests.backend.common.test_instruments" name="test_asset_class_from_quote_type_variants[equity-Equity]" time="0.002" /><testcase classname="tests.backend.common.test_instruments" name="test_asset_class_from_quote_type_variants[mutualfund-Fund]" time="0.003" /><testcase classname="tests.backend.common.test_instruments" name="test_asset_class_from_quote_type_variants[cryptoCurrency-Crypto]" time="0.002" /><testcase classname="tests.backend.common.test_instruments" name="test_asset_class_from_quote_type_variants[unknown_type-Unknown Type]" time="0.002" /><testcase classname="tests.backend.common.test_instruments" name="test_asset_class_from_quote_type_variants[None-None]" time="0.002" /><testcase classname="tests.backend.common.test_instruments" name="test_yahoo_suffix_for_exchange[LSE-.L]" time="0.002" /><testcase classname="tests.backend.common.test_instruments" name="test_yahoo_suffix_for_exchange[lse-.L]" time="0.002" /><testcase classname="tests.backend.common.test_instruments" name="test_yahoo_suffix_for_exchange[NASDAQ-]" time="0.003" /><testcase classname="tests.backend.common.test_instruments" name="test_yahoo_suffix_for_exchange[fx-=X]" time="0.002" /><testcase classname="tests.backend.common.test_instruments" name="test_yahoo_suffix_for_exchange_unknown" time="0.002" /><testcase classname="tests.backend.common.test_instruments" name="test_build_yahoo_symbol[abc-lse-ABC.L]" time="0.003" /><testcase classname="tests.backend.common.test_instruments" name="test_build_yahoo_symbol[abc.l-LSE-ABC.L]" time="0.003" /><testcase classname="tests.backend.common.test_instruments" name="test_build_yahoo_symbol[usdgbp=x-fx-USDGBP=X]" time="0.003" /><testcase classname="tests.backend.common.test_instruments" name="test_build_yahoo_symbol[spy-NYSE-SPY]" time="0.003" /><testcase classname="tests.backend.common.test_metrics" name="test_parse_date_handles_various_inputs[2024-03-01-expected0]" time="0.003" /><testcase classname="tests.backend.common.test_metrics" name="test_parse_date_handles_various_inputs[value1-expected1]" time="0.002" /><testcase classname="tests.backend.common.test_metrics" name="test_parse_date_handles_various_inputs[-None]" time="0.002" /><testcase classname="tests.backend.common.test_metrics" name="test_parse_date_handles_various_inputs[None-None]" time="0.002" /><testcase classname="tests.backend.common.test_metrics" name="test_parse_date_handles_various_inputs[not-a-date-None]" time="0.003" /><testcase classname="tests.backend.common.test_metrics" name="test_position_periods_tracks_closed_and_open_positions" time="0.002" /><testcase classname="tests.backend.common.test_metrics" name="test_position_periods_ignores_incomplete_transactions" time="0.002" /><testcase classname="tests.backend.common.test_metrics" name="test_calculate_portfolio_turnover_with_zero_portfolio_value" time="0.002" /><testcase classname="tests.backend.common.test_metrics" name="test_calculate_portfolio_turnover_aggregates_trade_amounts" time="0.002" /><testcase classname="tests.backend.common.test_metrics" name="test_calculate_average_holding_period_includes_open_positions" time="0.002" /><testcase classname="tests.backend.common.test_metrics" name="test_compute_and_store_metrics_writes_file" time="0.013" /><testcase classname="tests.backend.common.test_pension" name="test_state_pension_age_uk_boundaries[1954-10-05-65]" time="0.003" /><testcase classname="tests.backend.common.test_pension" name="test_state_pension_age_uk_boundaries[1954-10-06-66]" time="0.002" /><testcase classname="tests.backend.common.test_pension" name="test_state_pension_age_uk_boundaries[1960-04-05-66]" time="0.002" /><testcase classname="tests.backend.common.test_pension" name="test_state_pension_age_uk_boundaries[1960-04-06-67]" time="0.002" /><testcase classname="tests.backend.common.test_pension" name="test_state_pension_age_uk_boundaries[1977-04-05-67]" time="0.002" /><testcase classname="tests.backend.common.test_pension" name="test_state_pension_age_uk_boundaries[1977-04-06-68]" time="0.003" /><testcase classname="tests.backend.common.test_pension" name="test_state_pension_age_uk_boundaries[2050-01-01-68]" time="0.003" /><testcase classname="tests.backend.common.test_pension" name="test_state_pension_age_uk_invalid_string" time="0.002" /><testcase classname="tests.backend.common.test_pension" name="test_state_pension_age_valid_inputs[1959-12-31-66]" time="0.002" /><testcase classname="tests.backend.common.test_pension" name="test_state_pension_age_valid_inputs[1960-04-05-66]" time="0.003" /><testcase classname="tests.backend.common.test_pension" name="test_state_pension_age_valid_inputs[1960-04-06-67]" time="0.002" /><testcase classname="tests.backend.common.test_pension" name="test_state_pension_age_valid_inputs[1977-04-05-67]" time="0.002" /><testcase classname="tests.backend.common.test_pension" name="test_state_pension_age_valid_inputs[1977-04-06-68]" time="0.003" /><testcase classname="tests.backend.common.test_pension" name="test_state_pension_age_valid_inputs[2050-01-01-68]" time="0.003" /><testcase classname="tests.backend.common.test_pension" name="test_state_pension_age_invalid_inputs" time="0.002" /><testcase classname="tests.backend.common.test_pension" name="test_age_from_dob_fractional_years[2000-01-01-today0]" time="0.003" /><testcase classname="tests.backend.common.test_pension" name="test_age_from_dob_fractional_years[1980-06-15-today1]" time="0.002" /><testcase classname="tests.backend.common.test_pension" name="test_age_from_dob_invalid_and_future_dates" time="0.002" /><testcase classname="tests.backend.common.test_pension" name="test_estimate_db_pension_value_with_growth_and_custom_multiple" time="0.003" /><testcase classname="tests.backend.common.test_pension" name="test_estimate_db_pension_value_immediate_start" time="0.002" /><testcase classname="tests.backend.common.test_pension" name="test_forecast_pension_scenario" time="0.002" /><testcase classname="tests.backend.common.test_pension" name="test_dc_pension_pot_gbp_sums_sipp_accounts_only" time="0.003" /><testcase classname="tests.backend.common.test_pension" name="test_dc_pension_pot_gbp_handles_missing_and_none_values" time="0.002" /><testcase classname="tests.backend.common.test_pension" name="test_pension_ytd_return_positive_growth" time="0.002" /><testcase classname="tests.backend.common.test_pension" name="test_pension_ytd_return_zero_baseline_returns_none_pct" time="0.002" /><testcase classname="tests.backend.common.test_pension" name="test_pension_shortfall_vs_target_on_track" time="0.002" /><testcase classname="tests.backend.common.test_pension" name="test_pension_shortfall_vs_target_short_of_goal" time="0.002" /><testcase classname="tests.backend.common.test_portfolio_builder" name="test_build_owner_portfolio_applies_transaction_impact" time="0.003" /><testcase classname="tests.backend.common.test_portfolio_builder" name="test_build_owner_portfolio_requires_plot" time="0.003" /><testcase classname="tests.backend.common.test_portfolio_builder" name="test_build_owner_portfolio_logs_total_plot_count_on_miss[discovered_plots0]" time="0.004" /><testcase classname="tests.backend.common.test_portfolio_builder" name="test_build_owner_portfolio_logs_total_plot_count_on_miss[discovered_plots1]" time="0.004" /><testcase classname="tests.backend.common.test_portfolio_loader" name="test_rebuild_account_holdings_scaling" time="0.020" /><testcase classname="tests.backend.common.test_portfolio_loader" name="test_rebuild_account_holdings_missing_file" time="0.015" /><testcase classname="tests.backend.common.test_portfolio_loader" name="test_rebuild_account_holdings_bad_json" time="0.017" /><testcase classname="tests.backend.common.test_portfolio_loader" name="test_compute_holdings_from_transactions" time="0.002" /><testcase classname="tests.backend.common.test_portfolio_loader" name="test_compute_holdings_from_transactions_empty" time="0.003" /><testcase classname="tests.backend.common.test_portfolio_utils" name="test_compute_var_with_normal_data" time="0.028" /><testcase classname="tests.backend.common.test_portfolio_utils" name="test_compute_var_with_insufficient_data" time="0.004" /><testcase classname="tests.backend.common.test_portfolio_utils" name="test_compute_var_with_non_numeric_input" time="0.023" /><testcase classname="tests.backend.common.test_portfolio_utils" name="test_fx_to_base_uses_fetched_rates" time="0.004" /><testcase classname="tests.backend.common.test_portfolio_utils" name="test_fx_to_base_falls_back_to_default_rate" time="0.003" /><testcase classname="tests.backend.common.test_portfolio_utils" name="test_normalise_snapshot_native_price_keeps_gbx_value_when_already_gbp_scaled" time="0.002" /><testcase classname="tests.backend.common.test_portfolio_utils" name="test_normalise_snapshot_native_price_scales_pence_value_against_holding_price" time="0.003" /><testcase classname="tests.backend.common.test_portfolio_utils" name="test_normalise_snapshot_native_price_scales_when_holding_price_is_zero" time="0.002" /><testcase classname="tests.backend.common.test_portfolio_utils" name="test_normalise_snapshot_native_price_scales_when_holding_price_is_negative" time="0.003" /><testcase classname="tests.backend.common.test_portfolio_utils" name="test_load_snapshot_from_s3" time="0.003" /><testcase classname="tests.backend.common.test_portfolio_utils" name="test_load_snapshot_s3_failure_falls_back_to_local" time="0.016" /><testcase classname="tests.backend.common.test_portfolio_utils" name="test_load_snapshot_local_missing_file" time="0.008" /><testcase classname="tests.backend.common.test_portfolio_utils" name="test_first_nonempty_str_returns_trimmed_value" time="0.002" /><testcase classname="tests.backend.common.test_portfolio_utils" name="test_first_nonempty_str_returns_none_when_missing" time="0.003" /><testcase classname="tests.backend.common.test_portfolio_utils" name="test_safe_num_parses_numeric_strings" time="0.002" /><testcase classname="tests.backend.common.test_portfolio_utils" name="test_safe_num_returns_default_for_invalid" time="0.003" /><testcase classname="tests.backend.common.test_portfolio_utils" name="test_aggregate_by_ticker_uses_shared_grouping" time="0.004" /><testcase classname="tests.backend.common.test_portfolio_utils" name="test_aggregate_by_ticker_prefers_cost_basis" time="0.003" /><testcase classname="tests.backend.common.test_portfolio_utils" name="test_aggregate_by_ticker_uses_zero_snapshot_price" time="0.003" /><testcase classname="tests.backend.common.test_portfolio_utils" name="test_aggregate_by_ticker_cash_gbp_is_never_derived_from_snapshot" time="0.002" /><testcase classname="tests.backend.common.test_portfolio_utils" name="test_aggregate_by_ticker_cash_gbp_zero_cost_basis" time="0.003" /><testcase classname="tests.backend.common.test_portfolio_utils" name="test_aggregate_by_ticker_cash_gbp_none_cost_basis" time="0.003" /><testcase classname="tests.backend.common.test_portfolio_utils" name="test_aggregate_by_ticker_cash_gbp_ticker_normalisation[cash.gbp]" time="0.003" /><testcase classname="tests.backend.common.test_portfolio_utils" name="test_aggregate_by_ticker_cash_gbp_ticker_normalisation[ CASH.GBP ]" time="0.003" /><testcase classname="tests.backend.common.test_portfolio_utils" name="test_aggregate_by_ticker_cash_gbp_ticker_normalisation[Cash.Gbp]" time="0.003" /><testcase classname="tests.backend.common.test_portfolio_utils" name="test_aggregate_by_ticker_uses_default_meta_and_handles_price_errors" time="0.002" /><testcase classname="tests.backend.common.test_portfolio_utils" name="test_aggregate_by_ticker_security_meta_and_default_fallback" time="0.003" /><testcase classname="tests.backend.common.test_portfolio_utils" name="test_aggregate_by_ticker_backfills_default_meta_and_marks_fallback" time="0.003" /><testcase classname="tests.backend.common.test_portfolio_utils" name="test_fx_to_base_cache_reuse_and_aggregate_scaling" time="0.009" /><testcase classname="tests.backend.common.test_portfolio_utils" name="test_list_all_unique_tickers_logs_missing_and_counts_nulls" time="0.003" /><testcase classname="tests.backend.common.test_portfolio_utils" name="test_securities_are_not_built_at_import_time" time="0.003" /><testcase classname="tests.backend.common.test_prices" name="test_close_on_falls_back_to_close_column" time="0.005" /><testcase classname="tests.backend.common.test_prices" name="test_close_on_returns_none_when_no_price_columns" time="0.003" /><testcase classname="tests.backend.common.test_prices" name="test_close_on_returns_none_for_nan_close" time="0.004" /><testcase classname="tests.backend.common.test_prices" name="test_close_on_converts_native_currency_to_gbp" time="0.004" /><testcase classname="tests.backend.common.test_prices" name="test_close_on_converts_gbx_pence_to_gbp" time="0.005" /><testcase classname="tests.backend.common.test_prices" name="test_get_price_snapshot_handles_stale_and_missing_data" time="0.003" /><testcase classname="tests.backend.common.test_prices" name="test_get_price_snapshot_treats_nan_price_as_no_data" time="0.002" /><testcase classname="tests.backend.common.test_prices" name="test_refresh_prices_uploads_to_s3_in_aws_env" time="0.014" /><testcase classname="tests.backend.common.test_prices" name="test_refresh_prices_s3_upload_failure_logs_warning_not_error" time="0.012" /><testcase classname="tests.backend.common.test_prices" name="test_refresh_prices_skips_s3_when_data_bucket_not_set" time="0.009" /><testcase classname="tests.backend.common.test_prices" name="test_refresh_prices_does_not_upload_to_s3_in_local_env" time="0.008" /><testcase classname="tests.backend.common.test_prices" name="test_build_securities_and_get_security_meta" time="0.002" /><testcase classname="tests.backend.common.test_prices" name="test_last_close_fallback_snapshot_does_not_double_convert_fx" time="0.003" /><testcase classname="tests.backend.common.test_prices" name="test_last_close_fallback_snapshot_marks_gbx_prices_as_gbp" time="0.003" /><testcase classname="tests.backend.common.test_prices" name="test_close_on_returns_none_when_fx_lookup_is_invalid" time="0.005" /><testcase classname="tests.backend.common.test_storage" name="test_file_storage_load_missing_file" time="0.007" /><testcase classname="tests.backend.common.test_storage" name="test_file_storage_save_and_load" time="0.009" /><testcase classname="tests.backend.common.test_storage" name="test_file_storage_invalid_json_logs_warning" time="0.008" /><testcase classname="tests.backend.common.test_storage" name="test_s3_storage_load_and_save" time="0.003" /><testcase classname="tests.backend.common.test_storage" name="test_s3_storage_load_error_logs_warning" time="0.003" /><testcase classname="tests.backend.common.test_storage" name="test_parameter_store_load_and_save" time="0.003" /><testcase classname="tests.backend.common.test_storage" name="test_parameter_store_save_explicit_string_type" time="0.003" /><testcase classname="tests.backend.common.test_storage" name="test_parameter_store_load_error_logs_warning" time="0.003" /><testcase classname="tests.backend.common.test_storage" name="test_get_storage_supported_schemes[s3://bucket/key.json-S3JSONStorage-attrs0]" time="0.003" /><testcase classname="tests.backend.common.test_storage" name="test_get_storage_supported_schemes[ssm://parameter/name-ParameterStoreJSONStorage-attrs1]" time="0.003" /><testcase classname="tests.backend.common.test_storage" name="test_get_storage_unsupported_scheme" time="0.002" /><testcase classname="tests.backend.common.test_storage" name="test_get_storage_ssm_defaults_to_secure_string" time="0.002" /><testcase classname="tests.backend.common.test_storage" name="test_get_storage_preserves_hierarchical_parameter_name" time="0.003" /><testcase classname="tests.backend.common.test_storage" name="test_get_storage_ssm_explicit_string_type" time="0.002" /><testcase classname="tests.backend.common.test_transaction_reconciliation" name="test_normalise_account_key[trim-and-lower]" time="0.003" /><testcase classname="tests.backend.common.test_transaction_reconciliation" name="test_normalise_account_key[fallback]" time="0.003" /><testcase classname="tests.backend.common.test_transaction_reconciliation" name="test_load_json_handles_missing_file" time="0.009" /><testcase classname="tests.backend.common.test_transaction_reconciliation" name="test_load_json_handles_invalid_json" time="0.010" /><testcase classname="tests.backend.common.test_transaction_reconciliation" name="test_load_json_parses_valid_json" time="0.012" /><testcase classname="tests.backend.common.test_transaction_reconciliation" name="test_transactions_to_positions[basic-buys-sells]" time="0.004" /><testcase classname="tests.backend.common.test_transaction_reconciliation" name="test_transactions_to_positions[alternate-fields]" time="0.003" /><testcase classname="tests.backend.common.test_transaction_reconciliation" name="test_transactions_to_positions[scaled-quantity]" time="0.002" /><testcase classname="tests.backend.common.test_transaction_reconciliation" name="test_transactions_to_positions[skip-malformed-rows]" time="0.002" /><testcase classname="tests.backend.common.test_transaction_reconciliation" name="test_reconcile_transactions_with_holdings_adds_synthetic_entries" time="0.016" /><testcase classname="tests.backend.quests.test_trail" name="test_owners_for_user_matches_email_and_viewer" time="0.012" /><testcase classname="tests.backend.quests.test_trail" name="test_owners_for_user_handles_missing_root" time="0.008" /><testcase classname="tests.backend.quests.test_trail" name="test_owners_for_user_slug_fallback" time="0.009" /><testcase classname="tests.backend.quests.test_trail" name="test_build_allowance_and_compliance_tasks" time="0.002" /><testcase classname="tests.backend.quests.test_trail" name="test_once_tasks_custom_threshold_and_push_completion" time="0.003" /><testcase classname="tests.backend.routes.test_accounts_helpers" name="test_resolve_accounts_root_cached_directory_and_config_fallback" time="0.016" /><testcase classname="tests.backend.routes.test_accounts_helpers" name="test_resolve_accounts_root_global_fallback" time="0.009" /><testcase classname="tests.backend.routes.test_accounts_helpers" name="test_resolve_accounts_root_cached_allow_missing" time="0.008" /><testcase classname="tests.backend.routes.test_accounts_helpers" name="test_resolve_owner_directory_case_insensitive" time="0.010" /><testcase classname="tests.backend.routes.test_accounts_helpers" name="test_resolve_owner_directory_iteration_failure" time="0.007" /><testcase classname="tests.backend.routes.test_accounts_helpers" name="test_resolve_owner_directory_prefers_direct_match" time="0.010" /><testcase classname="tests.backend.routes.test_accounts_helpers" name="test_resolve_owner_directory_dotdot_returns_none" time="0.008" /><testcase classname="tests.backend.routes.test_accounts_helpers" name="test_resolve_owner_directory_absolute_path_returns_none" time="0.008" /><testcase classname="tests.backend.routes.test_accounts_helpers" name="test_resolve_owner_directory_nested_dotdot_returns_none" time="0.010" /><testcase classname="tests.backend.routes.test_alert_settings" name="test_resolve_identity_prefers_overrides[asyncio]" time="0.010" /><testcase classname="tests.backend.routes.test_alert_settings" name="test_resolve_identity_awaits_coroutine_overrides[asyncio]" time="0.007" /><testcase classname="tests.backend.routes.test_alert_settings" name="test_resolve_identity_defaults_to_demo[asyncio]" time="0.007" /><testcase classname="tests.backend.routes.test_alert_settings" name="test_get_threshold_uses_resolved_identity[asyncio]" time="0.005" /><testcase classname="tests.backend.routes.test_alert_settings" name="test_set_threshold_uses_resolved_identity[asyncio]" time="0.007" /><testcase classname="tests.backend.routes.test_alert_settings" name="test_get_threshold_owner_mismatch[asyncio]" time="0.005" /><testcase classname="tests.backend.routes.test_alert_settings" name="test_set_threshold_owner_mismatch[asyncio]" time="0.005" /><testcase classname="tests.backend.routes.test_alert_settings" name="test_resolve_identity_prefers_overrides[trio]" time="0.005" /><testcase classname="tests.backend.routes.test_alert_settings" name="test_resolve_identity_awaits_coroutine_overrides[trio]" time="0.005" /><testcase classname="tests.backend.routes.test_alert_settings" name="test_resolve_identity_defaults_to_demo[trio]" time="0.006" /><testcase classname="tests.backend.routes.test_alert_settings" name="test_get_threshold_uses_resolved_identity[trio]" time="0.006" /><testcase classname="tests.backend.routes.test_alert_settings" name="test_set_threshold_uses_resolved_identity[trio]" time="0.005" /><testcase classname="tests.backend.routes.test_alert_settings" name="test_get_threshold_owner_mismatch[trio]" time="0.005" /><testcase classname="tests.backend.routes.test_alert_settings" name="test_set_threshold_owner_mismatch[trio]" time="0.005" /><testcase classname="tests.backend.routes.test_alerts" name="test_validate_owner_updates_request_state[asyncio]" time="0.007" /><testcase classname="tests.backend.routes.test_alerts" name="test_validate_owner_missing_everywhere[asyncio]" time="0.005" /><testcase classname="tests.backend.routes.test_alerts" name="test_get_settings_honours_updated_state[asyncio]" time="0.008" /><testcase classname="tests.backend.routes.test_alerts" name="test_set_settings_honours_updated_state[asyncio]" time="0.009" /><testcase classname="tests.backend.routes.test_alerts" name="test_validate_owner_updates_request_state[trio]" time="0.008" /><testcase classname="tests.backend.routes.test_alerts" name="test_validate_owner_missing_everywhere[trio]" time="0.006" /><testcase classname="tests.backend.routes.test_alerts" name="test_get_settings_honours_updated_state[trio]" time="0.007" /><testcase classname="tests.backend.routes.test_alerts" name="test_set_settings_honours_updated_state[trio]" time="0.006" /><testcase classname="tests.backend.routes.test_analytics" name="test_optional_current_user_skips_when_auth_disabled" time="0.005" /><testcase classname="tests.backend.routes.test_analytics" name="test_optional_current_user_uses_dependencies_when_enabled" time="0.006" /><testcase classname="tests.backend.routes.test_analytics" name="test_log_event_appends_expected_event" time="0.018" /><testcase classname="tests.backend.routes.test_analytics" name="test_log_event_validation_errors[payload_kwargs0-Unknown analytics source]" time="0.006" /><testcase classname="tests.backend.routes.test_analytics" name="test_log_event_validation_errors[payload_kwargs1-Unsupported event for source]" time="0.007" /><testcase classname="tests.backend.routes.test_analytics" name="test_log_event_rejects_unserialisable_metadata" time="0.005" /><testcase classname="tests.backend.routes.test_analytics" name="test_get_funnel_with_no_events" time="0.008" /><testcase classname="tests.backend.routes.test_analytics" name="test_get_funnel_with_events" time="0.005" /><testcase classname="tests.backend.routes.test_compliance" name="test_known_owners_aggregates_plot_metadata" time="0.010" /><testcase classname="tests.backend.routes.test_compliance" name="test_known_owners_falls_back_to_directory_iteration" time="0.013" /><testcase classname="tests.backend.routes.test_compliance" name="test_known_owners_adds_demo_owner_when_available" time="0.012" /><testcase classname="tests.backend.routes.test_compliance" name="test_known_owners_uses_metadata_when_root_missing" time="0.011" /><testcase classname="tests.backend.routes.test_compliance" name="test_known_owners_skips_demo_when_metadata_lookup_fails" time="0.013" /><testcase classname="tests.backend.routes.test_compliance" name="test_compliance_for_owner_missing_directory[asyncio]" time="0.012" /><testcase classname="tests.backend.routes.test_compliance" name="test_compliance_for_owner_rejects_unknown_owner[asyncio]" time="0.013" /><testcase classname="tests.backend.routes.test_compliance" name="test_compliance_for_owner_translates_missing_files[asyncio]" time="0.011" /><testcase classname="tests.backend.routes.test_compliance" name="test_validate_trade_requires_owner[asyncio]" time="0.014" /><testcase classname="tests.backend.routes.test_compliance" name="test_validate_trade_rejects_blank_owner[asyncio]" time="0.012" /><testcase classname="tests.backend.routes.test_compliance" name="test_validate_trade_rejects_disallowed_owner[asyncio]" time="0.011" /><testcase classname="tests.backend.routes.test_compliance" name="test_validate_trade_requires_known_directory_when_present[asyncio]" time="0.011" /><testcase classname="tests.backend.routes.test_compliance" name="test_validate_trade_normalises_owner_name[asyncio]" time="0.012" /><testcase classname="tests.backend.routes.test_compliance" name="test_validate_trade_translates_value_error[asyncio]" time="0.012" /><testcase classname="tests.backend.routes.test_compliance" name="test_validate_trade_scaffolds_missing_directory[asyncio]" time="0.012" /><testcase classname="tests.backend.routes.test_compliance" name="test_validate_trade_scaffolds_when_owner_discovery_fails[asyncio]" time="0.011" /><testcase classname="tests.backend.routes.test_compliance" name="test_compliance_for_owner_missing_directory[trio]" time="0.012" /><testcase classname="tests.backend.routes.test_compliance" name="test_compliance_for_owner_rejects_unknown_owner[trio]" time="0.016" /><testcase classname="tests.backend.routes.test_compliance" name="test_compliance_for_owner_translates_missing_files[trio]" time="0.012" /><testcase classname="tests.backend.routes.test_compliance" name="test_validate_trade_requires_owner[trio]" time="0.011" /><testcase classname="tests.backend.routes.test_compliance" name="test_validate_trade_rejects_blank_owner[trio]" time="0.011" /><testcase classname="tests.backend.routes.test_compliance" name="test_validate_trade_rejects_disallowed_owner[trio]" time="0.010" /><testcase classname="tests.backend.routes.test_compliance" name="test_validate_trade_requires_known_directory_when_present[trio]" time="0.013" /><testcase classname="tests.backend.routes.test_compliance" name="test_validate_trade_normalises_owner_name[trio]" time="0.009" /><testcase classname="tests.backend.routes.test_compliance" name="test_validate_trade_translates_value_error[trio]" time="0.011" /><testcase classname="tests.backend.routes.test_compliance" name="test_validate_trade_scaffolds_missing_directory[trio]" time="0.011" /><testcase classname="tests.backend.routes.test_compliance" name="test_validate_trade_scaffolds_when_owner_discovery_fails[trio]" time="0.011" /><testcase classname="tests.backend.routes.test_config" name="test_read_config_exposes_auth_enabled_bootstrap_fields" time="0.005" /><testcase classname="tests.backend.routes.test_config" name="test_read_config_exposes_auth_disabled_local_login_fields" time="0.005" /><testcase classname="tests.backend.routes.test_config" name="test_read_config_includes_aws_ui_auth_when_env_set" time="0.005" /><testcase classname="tests.backend.routes.test_config" name="test_read_config_omits_aws_ui_auth_when_disabled" time="0.006" /><testcase classname="tests.backend.routes.test_config" name="test_update_config_rejects_invalid_google_auth_env" time="0.015" /><testcase classname="tests.backend.routes.test_config" name="test_update_config_supported_env_values[YES-True]" time="0.023" /><testcase classname="tests.backend.routes.test_config" name="test_update_config_supported_env_values[0-False]" time="0.019" /><testcase classname="tests.backend.routes.test_config" name="test_update_config_rejects_blank_client_id" time="0.014" /><testcase classname="tests.backend.routes.test_config" name="test_update_config_validates_with_env_client_id" time="0.019" /><testcase classname="tests.backend.routes.test_config" name="test_update_config_env_provides_client_id" time="0.016" /><testcase classname="tests.backend.routes.test_config" name="test_update_config_noop_payload_preserves_config" time="0.017" /><testcase classname="tests.backend.routes.test_config" name="test_update_config_normalises_string_google_auth_flag" time="0.020" /><testcase classname="tests.backend.routes.test_config" name="test_update_config_accepts_string_false_flag" time="0.018" /><testcase classname="tests.backend.routes.test_config" name="test_update_config_empty_payload_env_toggle_requires_client_id" time="0.017" /><testcase classname="tests.backend.routes.test_config" name="test_update_config_treats_blank_google_auth_env_as_absent" time="0.016" /><testcase classname="tests.backend.routes.test_goals" name="test_create_goal_uses_payload_and_returns_dict" time="0.004" /><testcase classname="tests.backend.routes.test_goals" name="test_list_goals_returns_payloads" time="0.002" /><testcase classname="tests.backend.routes.test_goals" name="test_get_goal_returns_progress_and_trades" time="0.005" /><testcase classname="tests.backend.routes.test_goals" name="test_get_goal_missing_raises_404" time="0.002" /><testcase classname="tests.backend.routes.test_goals" name="test_update_goal_replaces_goal_and_saves" time="0.002" /><testcase classname="tests.backend.routes.test_goals" name="test_update_goal_missing_raises_404" time="0.003" /><testcase classname="tests.backend.routes.test_goals" name="test_remove_goal_deletes_when_present" time="0.002" /><testcase classname="tests.backend.routes.test_goals" name="test_remove_goal_missing_raises_404" time="0.002" /><testcase classname="tests.backend.routes.test_instrument" name="test_search_instruments_validation_and_trim[asyncio]" time="0.005" /><testcase classname="tests.backend.routes.test_instrument" name="test_instrument_empty_template[asyncio]" time="0.023" /><testcase classname="tests.backend.routes.test_instrument" name="test_instrument_json_gbx_and_base_currency[asyncio]" time="0.065" /><testcase classname="tests.backend.routes.test_instrument" name="test_instrument_json_foreign_currency_fx[asyncio]" time="0.026" /><testcase classname="tests.backend.routes.test_instrument" name="test_instrument_json_scales_positions[asyncio]" time="0.017" /><testcase classname="tests.backend.routes.test_instrument" name="test_instrument_last_close_fx_conversion[asyncio]" time="0.021" /><testcase classname="tests.backend.routes.test_instrument" name="test_intraday_no_data[asyncio]" time="0.006" /><testcase classname="tests.backend.routes.test_instrument" name="test_instrument_empty_html_escapes_xss_in_positions[asyncio]" time="0.020" /><testcase classname="tests.backend.routes.test_instrument" name="test_search_instruments_validation_and_trim[trio]" time="0.005" /><testcase classname="tests.backend.routes.test_instrument" name="test_instrument_empty_template[trio]" time="0.009" /><testcase classname="tests.backend.routes.test_instrument" name="test_instrument_json_gbx_and_base_currency[trio]" time="0.031" /><testcase classname="tests.backend.routes.test_instrument" name="test_instrument_json_foreign_currency_fx[trio]" time="0.023" /><testcase classname="tests.backend.routes.test_instrument" name="test_instrument_json_scales_positions[trio]" time="0.016" /><testcase classname="tests.backend.routes.test_instrument" name="test_instrument_last_close_fx_conversion[trio]" time="0.020" /><testcase classname="tests.backend.routes.test_instrument" name="test_intraday_no_data[trio]" time="0.006" /><testcase classname="tests.backend.routes.test_instrument" name="test_instrument_empty_html_escapes_xss_in_positions[trio]" time="0.013" /><testcase classname="tests.backend.routes.test_instrument" name="test_positions_for_ticker_cost_basis_fallback" time="0.004" /><testcase classname="tests.backend.routes.test_instrument" name="test_intraday_returns_prices" time="0.012" /><testcase classname="tests.backend.routes.test_instrument" name="test_instrument_search_truncates_at_maximum" time="0.455" /><testcase classname="tests.backend.routes.test_instrument" name="test_instrument_json_days_zero_uses_epoch_and_usd_branch" time="0.623" /><testcase classname="tests.backend.routes.test_instrument" name="test_intraday_returns_502_on_provider_error" time="0.456" /><testcase classname="tests.backend.routes.test_instrument" name="test_render_html_escapes_xss_in_position_strings" time="0.026" /><testcase classname="tests.backend.routes.test_instrument" name="test_render_html_escapes_xss_in_ticker" time="0.009" /><testcase classname="tests.backend.routes.test_instrument_admin" name="test_list_group_labels_merges_trimmed_metadata" time="0.007" /><testcase classname="tests.backend.routes.test_instrument_admin" name="test_create_group_handles_duplicates_and_validation" time="0.006" /><testcase classname="tests.backend.routes.test_instrument_admin" name="test_create_instrument_validation_and_persistence" time="0.011" /><testcase classname="tests.backend.routes.test_instrument_admin" name="test_update_instrument_errors_and_merges" time="0.014" /><testcase classname="tests.backend.routes.test_instrument_admin" name="test_refresh_instrument_offline_guard" time="0.012" /><testcase classname="tests.backend.routes.test_instrument_admin" name="test_refresh_instrument_fetch_failure_returns_502" time="0.011" /><testcase classname="tests.backend.routes.test_instrument_admin" name="test_refresh_instrument_preview_shows_diff_without_saving" time="0.010" /><testcase classname="tests.backend.routes.test_instrument_admin" name="test_refresh_instrument_persists_when_not_preview" time="0.012" /><testcase classname="tests.backend.routes.test_instrument_admin" name="test_normalise_group_rejects_invalid_values" time="0.005" /><testcase classname="tests.backend.routes.test_instrument_admin" name="test_assign_group_validates_and_persists" time="0.012" /><testcase classname="tests.backend.routes.test_instrument_admin" name="test_clear_group_persists_then_skips_when_absent" time="0.010" /><testcase classname="tests.backend.routes.test_market" name="test_fetch_headlines_uses_cached_helper" time="0.002" /><testcase classname="tests.backend.routes.test_market" name="test_fetch_headlines_stops_on_quota_exhaustion" time="0.003" /><testcase classname="tests.backend.routes.test_market" name="test_market_overview_selects_region" time="0.005" /><testcase classname="tests.backend.routes.test_market" name="test_fetch_uk_sectors_flat_dict" time="0.002" /><testcase classname="tests.backend.routes.test_market" name="test_fetch_uk_sectors_nested_values" time="0.002" /><testcase classname="tests.backend.routes.test_market" name="test_sort_and_filter_headlines_excludes_old_and_sorts_newest_first" time="0.002" /><testcase classname="tests.backend.routes.test_market" name="test_sort_and_filter_headlines_falls_back_when_nothing_recent" time="0.002" /><testcase classname="tests.backend.routes.test_market" name="test_sort_and_filter_headlines_keeps_undated_when_no_dated_items" time="0.004" /><testcase classname="tests.backend.routes.test_market" name="test_fetch_uk_sectors_skips_invalid_entries" time="0.002" /><testcase classname="tests.backend.routes.test_metrics" name="test_get_metrics_returns_cached_payload" time="0.007" /><testcase classname="tests.backend.routes.test_metrics" name="test_get_metrics_computes_when_cache_empty" time="0.005" /><testcase classname="tests.backend.routes.test_metrics" name="test_get_metrics_raises_http_not_found" time="0.004" /><testcase classname="tests.backend.routes.test_opportunities" name="test_get_opportunities_rejects_invalid_days" time="0.005" /><testcase classname="tests.backend.routes.test_opportunities" name="test_get_opportunities_rejects_group_and_tickers" time="0.004" /><testcase classname="tests.backend.routes.test_opportunities" name="test_group_requires_authentication" time="0.004" /><testcase classname="tests.backend.routes.test_opportunities" name="test_group_invalid_token" time="0.004" /><testcase classname="tests.backend.routes.test_opportunities" name="test_group_flow_populates_context_and_entries" time="0.006" /><testcase classname="tests.backend.routes.test_opportunities" name="test_group_opportunities_recalculates_weights_and_enriches" time="0.003" /><testcase classname="tests.backend.routes.test_opportunities" name="test_group_opportunities_sums_duplicate_ticker_market_values" time="0.003" /><testcase classname="tests.backend.routes.test_opportunities" name="test_group_opportunities_error_and_short_circuit" time="0.003" /><testcase classname="tests.backend.routes.test_opportunities" name="test_watchlist_blank_tickers" time="0.005" /><testcase classname="tests.backend.routes.test_opportunities" name="test_watchlist_flow_sorted_and_enriched" time="0.005" /><testcase classname="tests.backend.routes.test_opportunities_endpoint" name="test_watchlist_sorts_by_abs_change_and_preserves_anomalies" time="0.028" /><testcase classname="tests.backend.routes.test_opportunities_endpoint" name="test_group_requires_token_when_auth_enabled" time="0.028" /><testcase classname="tests.backend.routes.test_opportunities_endpoint" name="test_group_rejects_invalid_token" time="0.020" /><testcase classname="tests.backend.routes.test_opportunities_endpoint" name="test_group_success_decorates_signals" time="0.021" /><testcase classname="tests.backend.routes.test_opportunities_endpoint" name="test_invalid_days_rejected" time="0.019" /><testcase classname="tests.backend.routes.test_opportunities_endpoint" name="test_empty_tickers_rejected" time="0.021" /><testcase classname="tests.backend.routes.test_portfolio_helpers" name="test_collect_account_stems_filters_metadata_and_transactions" time="0.022" /><testcase classname="tests.backend.routes.test_portfolio_helpers" name="test_has_transactions_artifact_detects_file_and_directory" time="0.012" /><testcase classname="tests.backend.routes.test_portfolio_helpers" name="test_build_demo_summary_upgrades_default_name" time="0.017" /><testcase classname="tests.backend.routes.test_portfolio_helpers" name="test_list_owner_summaries_appends_demo_when_missing" time="0.023" /><testcase classname="tests.backend.routes.test_portfolio_helpers" name="test_do_refresh_prices_uses_to_thread" time="0.009" /><testcase classname="tests.backend.routes.test_positions_date_filter" name="test_meta_default_no_date_params" time="0.432" /><testcase classname="tests.backend.routes.test_positions_date_filter" name="test_meta_start_date_only" time="0.436" /><testcase classname="tests.backend.routes.test_positions_date_filter" name="test_meta_end_date_only" time="0.419" /><testcase classname="tests.backend.routes.test_positions_date_filter" name="test_meta_both_dates" time="0.423" /><testcase classname="tests.backend.routes.test_positions_date_filter" name="test_meta_start_after_end_is_422" time="0.415" /><testcase classname="tests.backend.routes.test_positions_date_filter" name="test_meta_no_data_in_range_is_404" time="0.438" /><testcase classname="tests.backend.routes.test_positions_date_filter" name="test_instrument_default_no_date_params" time="0.466" /><testcase classname="tests.backend.routes.test_positions_date_filter" name="test_instrument_start_date_only" time="0.457" /><testcase classname="tests.backend.routes.test_positions_date_filter" name="test_instrument_end_date_only" time="0.447" /><testcase classname="tests.backend.routes.test_positions_date_filter" name="test_instrument_both_dates" time="0.432" /><testcase classname="tests.backend.routes.test_positions_date_filter" name="test_instrument_start_after_end_is_400" time="0.462" /><testcase classname="tests.backend.routes.test_positions_date_filter" name="test_instrument_no_data_in_range_is_404" time="0.431" /><testcase classname="tests.backend.routes.test_positions_date_filter" name="test_portfolio_instrument_default_no_date_params" time="0.424" /><testcase classname="tests.backend.routes.test_positions_date_filter" name="test_portfolio_instrument_start_date_only" time="0.397" /><testcase classname="tests.backend.routes.test_positions_date_filter" name="test_portfolio_instrument_end_date_only" time="0.389" /><testcase classname="tests.backend.routes.test_positions_date_filter" name="test_portfolio_instrument_both_dates" time="0.344" /><testcase classname="tests.backend.routes.test_positions_date_filter" name="test_portfolio_instrument_start_after_end_is_400" time="0.375" /><testcase classname="tests.backend.routes.test_positions_date_filter" name="test_portfolio_instrument_no_data_in_range_is_404" time="0.618" /><testcase classname="tests.backend.routes.test_query" name="test_list_saved_queries_returns_rich_entries[asyncio]" time="0.016" /><testcase classname="tests.backend.routes.test_query" name="test_list_saved_queries_returns_empty_when_missing_dir[asyncio]" time="0.010" /><testcase classname="tests.backend.routes.test_query" name="test_list_saved_queries_returns_rich_entries[trio]" time="0.016" /><testcase classname="tests.backend.routes.test_query" name="test_list_saved_queries_returns_empty_when_missing_dir[trio]" time="0.012" /><testcase classname="tests.backend.routes.test_routes_init" name="test_get_active_user_returns_none_when_auth_disabled" time="0.005" /><testcase classname="tests.backend.routes.test_routes_init" name="test_get_active_user_invokes_oauth_helpers_when_enabled" time="0.005" /><testcase classname="tests.backend.routes.test_signup" name="test_valid_request_records_and_notifies" time="0.031" /><testcase classname="tests.backend.routes.test_signup" name="test_invalid_payload_returns_400" time="0.025" /><testcase classname="tests.backend.routes.test_signup" name="test_missing_base_url_returns_503" time="0.030" /><testcase classname="tests.backend.routes.test_signup" name="test_existing_and_new_emails_are_indistinguishable" time="0.036" /><testcase classname="tests.backend.routes.test_signup" name="test_missing_admin_email_returns_503" time="0.024" /><testcase classname="tests.backend.routes.test_signup" name="test_email_send_failure_is_not_swallowed" time="0.031" /><testcase classname="tests.backend.routes.test_signup" name="test_approve_provisions_owner_and_notifies_user" time="0.047" /><testcase classname="tests.backend.routes.test_signup" name="test_missing_login_url_fails_fast_without_provisioning[None]" time="0.029" /><testcase classname="tests.backend.routes.test_signup" name="test_missing_login_url_fails_fast_without_provisioning[]" time="0.030" /><testcase classname="tests.backend.routes.test_signup" name="test_approved_email_is_in_allowed_emails" time="0.047" /><testcase classname="tests.backend.routes.test_signup" name="test_approve_is_single_use" time="0.055" /><testcase classname="tests.backend.routes.test_signup" name="test_approve_invalid_token_rejected" time="0.028" /><testcase classname="tests.backend.routes.test_signup" name="test_approve_unknown_request_rejected" time="0.025" /><testcase classname="tests.backend.routes.test_signup" name="test_reject_marks_request_and_blocks_later_approval" time="0.040" /><testcase classname="tests.backend.routes.test_signup" name="test_reject_invalid_token_rejected" time="0.029" /><testcase classname="tests.backend.routes.test_signup" name="test_approve_user_email_failure_is_not_swallowed" time="0.047" /><testcase classname="tests.backend.routes.test_signup" name="test_get_approve_is_a_safe_confirmation_page" time="0.057" /><testcase classname="tests.backend.routes.test_signup" name="test_get_approve_invalid_token_renders_error_page" time="0.028" /><testcase classname="tests.backend.routes.test_signup" name="test_get_approve_expired_token_renders_error_page" time="0.031" /><testcase classname="tests.backend.routes.test_signup" name="test_rate_limit_allows_up_to_limit" time="0.069" /><testcase classname="tests.backend.routes.test_signup" name="test_rate_limit_blocks_after_limit" time="0.076" /><testcase classname="tests.backend.routes.test_signup" name="test_rate_limited_invalid_payload_still_400" time="0.063" /><testcase classname="tests.backend.routes.test_signup" name="test_create_router_copies_are_independent_of_module_router" time="0.014" /><testcase classname="tests.backend.routes.test_signup" name="test_create_router_warns_when_returning_unprotected_router" time="0.004" /><testcase classname="tests.backend.routes.test_signup" name="test_create_router_does_not_warn_when_properly_configured" time="0.016" /><testcase classname="tests.backend.routes.test_signup" name="test_throttling_response_is_identical_for_all_emails" time="0.086" /><testcase classname="tests.backend.routes.test_signup" name="test_prune_stale_removes_expired_requests" time="0.022" /><testcase classname="tests.backend.routes.test_signup" name="test_enforce_cap_removes_oldest_when_exceeded" time="2.583" /><testcase classname="tests.backend.routes.test_transactions" name="test_require_writable_store_uses_cached_value" time="0.010" /><testcase classname="tests.backend.routes.test_transactions" name="test_require_writable_store_rejects_global_cache" time="0.010" /><testcase classname="tests.backend.routes.test_transactions" name="test_require_writable_store_missing_resolved_path" time="0.010" /><testcase classname="tests.backend.routes.test_transactions" name="test_require_writable_store_rejects_matching_global_root" time="0.008" /><testcase classname="tests.backend.routes.test_transactions" name="test_as_non_empty_str_trims_and_rejects_whitespace" time="0.002" /><testcase classname="tests.backend.routes.test_transactions" name="test_validate_component_rejects_invalid_characters" time="0.002" /><testcase classname="tests.backend.routes.test_transactions" name="test_create_transaction_requires_reason" time="0.015" /><testcase classname="tests.backend.routes.test_transactions" name="test_create_transaction_requires_price" time="0.011" /><testcase classname="tests.backend.routes.test_transactions" name="test_create_transaction_requires_units" time="0.011" /><testcase classname="tests.backend.routes.test_transactions" name="test_instrument_name_from_entry" time="0.002" /><testcase classname="tests.backend.routes.test_transactions" name="test_format_transaction_response_injects_instrument_name" time="0.002" /><testcase classname="tests.backend.routes.test_transactions" name="test_format_transaction_response_omits_missing_instrument_name" time="0.002" /><testcase classname="tests.backend.routes.test_transactions" name="test_tx_data_from_parsed_raises_on_conflicting_price_and_price_gbp" time="0.003" /><testcase classname="tests.backend.routes.test_transactions" name="test_tx_data_from_parsed_allows_matching_price_and_price_gbp" time="0.003" /><testcase classname="tests.backend.routes.test_transactions" name="test_tx_data_from_parsed_coalesces_price_only" time="0.002" /><testcase classname="tests.backend.routes.test_transactions" name="test_tx_data_from_parsed_keeps_price_gbp_only" time="0.002" /><testcase classname="tests.backend.routes.test_transactions" name="test_tx_data_from_parsed_no_prices_set" time="0.002" /><testcase classname="tests.backend.routes.test_transactions" name="test_create_transaction_records_valid_payload" time="0.029" /><testcase classname="tests.backend.routes.test_transactions" name="test_update_and_delete_transactions_flow" time="7.020" /><testcase classname="tests.backend.routes.test_transactions" name="test_update_transaction_out_of_range_index" time="0.478" /><testcase classname="tests.backend.routes.test_transactions" name="test_update_transaction_pending_entry_guard" time="0.480" /><testcase classname="tests.backend.routes.test_transactions_accounts_root" name="test_require_writable_store_returns_cached_value" time="0.010" /><testcase classname="tests.backend.routes.test_transactions_accounts_root" name="test_require_writable_store_rejects_matching_global_root" time="0.009" /><testcase classname="tests.backend.routes.test_transactions_accounts_root" name="test_require_writable_store_rejects_no_accounts_root" time="0.002" /><testcase classname="tests.backend.routes.test_transactions_accounts_root" name="test_require_writable_store_rejects_nonexistent_configured_root" time="0.008" /><testcase classname="tests.backend.routes.test_transactions_accounts_root" name="test_require_writable_store_rejects_invalid_resolution[False]" time="0.010" /><testcase classname="tests.backend.routes.test_transactions_accounts_root" name="test_require_writable_store_rejects_invalid_resolution[True]" time="0.014" /><testcase classname="tests.backend.routes.test_transactions_writable_store" name="test_resolve_writable_store_uses_s3_in_aws" time="0.003" /><testcase classname="tests.backend.routes.test_transactions_writable_store" name="test_resolve_writable_store_falls_back_local_without_bucket" time="0.009" /><testcase classname="tests.backend.routes.test_transactions_writable_store" name="test_resolve_writable_store_no_warning_outside_aws" time="0.008" /><testcase classname="tests.backend.routes.test_transactions_writable_store" name="test_resolve_writable_store_warns_only_once_per_process" time="0.011" /><testcase classname="tests.backend.routes.test_transactions_writable_store" name="test_create_manual_holding_persists_to_s3" time="0.007" /><testcase classname="tests.backend.routes.test_transactions_writable_store" name="test_create_transaction_persists_to_s3" time="0.006" /><testcase classname="tests.backend.routes.test_transactions_writable_store.TestReadEndpointsWithNonexistentRoot" name="test_list_transactions_returns_empty_list" time="0.015" /><testcase classname="tests.backend.routes.test_transactions_writable_store.TestReadEndpointsWithNonexistentRoot" name="test_list_manual_holdings_returns_empty_accounts" time="0.015" /><testcase classname="tests.backend.routes.test_transactions_writable_store.TestReadEndpointsWithNonexistentRoot" name="test_transactions_with_compliance_returns_empty_list" time="0.014" /><testcase classname="tests.backend.test_alert_settings" name="test_get_alert_threshold" time="0.020" /><testcase classname="tests.backend.test_alert_settings" name="test_get_alert_threshold_mismatched_owner" time="0.016" /><testcase classname="tests.backend.test_alert_settings" name="test_set_alert_threshold" time="0.016" /><testcase classname="tests.backend.test_alert_settings" name="test_set_alert_threshold_invalid_payload" time="0.020" /><testcase classname="tests.backend.test_alert_settings" name="test_alert_thresholds_auth_disabled" time="0.022" /><testcase classname="tests.backend.test_analytics" name="test_log_event_persists_and_summarises" time="0.072" /><testcase classname="tests.backend.test_analytics" name="test_rejects_unknown_events" time="0.031" /><testcase classname="tests.backend.test_app_bootstrap" name="test_create_app_test_isolation_copies_accounts_root" time="0.023" /><testcase classname="tests.backend.test_app_bootstrap" name="test_lifecycle_service_warms_snapshot_and_registers_background_task" time="0.077" /><testcase classname="tests.backend.test_app_bootstrap" name="test_lifecycle_service_warmup_logs_timed_phases" time="0.077" /><testcase classname="tests.backend.test_app_bootstrap" name="test_prime_latest_prices_background_is_an_instance_method" time="0.006" /><testcase classname="tests.backend.test_app_bootstrap" name="test_lifecycle_service_shutdown_cancels_tasks_and_temp_dirs" time="0.082" /><testcase classname="tests.backend.test_app_bootstrap" name="test_lifecycle_service_startup_survives_prime_latest_prices_failure" time="0.081" /><testcase classname="tests.backend.test_app_bootstrap" name="test_lifecycle_service_snapshot_load_is_time_bounded" time="0.570" /><testcase classname="tests.backend.test_app_bootstrap" name="test_lifecycle_service_metadata_update_is_time_bounded" time="0.570" /><testcase classname="tests.backend.test_app_bootstrap" name="test_create_app_skips_snapshot_warm_when_disabled" time="0.075" /><testcase classname="tests.backend.test_approvals_route" name="test_approvals_authorization_enforced" time="0.537" /><testcase classname="tests.backend.test_approvals_route" name="test_post_approval_request_falls_back_to_default_accounts_root" time="0.411" /><testcase classname="tests.backend.test_async_endpoints" name="test_auth_alerts_portfolio" time="0.349" /><testcase classname="tests.backend.test_auth" name="test_verify_google_token[None-verify_response0-allowed_emails0-400]" time="0.003" /><testcase classname="tests.backend.test_auth" name="test_verify_google_token[client-verify_response1-allowed_emails1-401]" time="0.003" /><testcase classname="tests.backend.test_auth" name="test_verify_google_token[client-verify_response2-allowed_emails2-401]" time="0.003" /><testcase classname="tests.backend.test_auth" name="test_verify_google_token[client-verify_response3-allowed_emails3-401]" time="0.004" /><testcase classname="tests.backend.test_auth" name="test_verify_google_token[client-verify_response4-allowed_emails4-403]" time="0.003" /><testcase classname="tests.backend.test_auth" name="test_verify_google_token[client-verify_response5-allowed_emails5-403]" time="0.003" /><testcase classname="tests.backend.test_auth" name="test_verify_google_token[client-verify_response6-allowed_emails6-a@b.com]" time="0.003" /><testcase classname="tests.backend.test_auth_module" name="test_create_and_decode_token" time="0.002" /><testcase classname="tests.backend.test_auth_module" name="test_decode_token_expired" time="0.002" /><testcase classname="tests.backend.test_auth_module" name="test_get_current_user_invalid_token" time="0.005" /><testcase classname="tests.backend.test_auth_module" name="test_get_current_user_valid" time="0.004" /><testcase classname="tests.backend.test_auth_module" name="test_get_current_user_local_override" time="0.004" /><testcase classname="tests.backend.test_auth_module" name="test_verify_google_token_success" time="0.003" /><testcase classname="tests.backend.test_auth_module" name="test_verify_google_token_unverified" time="0.002" /><testcase classname="tests.backend.test_auth_module" name="test_verify_google_token_unauthorized" time="0.002" /><testcase classname="tests.backend.test_auth_module" name="test_verify_google_token_no_allowed" time="0.003" /><testcase classname="tests.backend.test_auth_module" name="test_verify_google_token_missing_email" time="0.002" /><testcase classname="tests.backend.test_auth_module" name="test_verify_google_token_invalid_token" time="0.002" /><testcase classname="tests.backend.test_auth_module" name="test_verify_google_token_missing_client_id" time="0.002" /><testcase classname="tests.backend.test_auth_module" name="test_allowed_emails_local" time="0.010" /><testcase classname="tests.backend.test_auth_module" name="test_get_active_user_returns_local_override" time="0.004" /><testcase classname="tests.backend.test_auth_module" name="test_missing_jwt_secret_raises_error" time="0.007" /><testcase classname="tests.backend.test_compliance_route" name="test_validate_demo_owner_available_with_testing" time="0.038" /><testcase classname="tests.backend.test_compliance_scaffold" name="test_check_trade_missing_owner_raises_without_scaffold" time="0.009" /><testcase classname="tests.backend.test_compliance_scaffold" name="test_ensure_owner_scaffold_populates_person_metadata" time="0.028" /><testcase classname="tests.backend.test_config_alias" name="test_config_alias_settings" time="0.002" /><testcase classname="tests.backend.test_config_route" name="test_put_config_with_env_missing_client_id_preserves_config" time="0.038" /><testcase classname="tests.backend.test_custom_query_route" name="test_custom_query_routes_fallback_to_local" time="0.431" /><testcase classname="tests.backend.test_custom_query_route" name="test_list_saved_queries_returns_slugs_by_default" time="0.682" /><testcase classname="tests.backend.test_drawdown_reconciliation" name="test_compute_max_drawdown_normal_series" time="0.021" /><testcase classname="tests.backend.test_drawdown_reconciliation" name="test_compute_max_drawdown_ignores_flagged" time="0.021" /><testcase classname="tests.backend.test_drawdown_reconciliation" name="test_compute_max_drawdown_forward_fills_short_price_gaps" time="0.031" /><testcase classname="tests.backend.test_drawdown_reconciliation" name="test_portfolio_value_series_does_not_forward_fill_long_gaps" time="0.024" /><testcase classname="tests.backend.test_drawdown_reconciliation" name="test_reconciliation_warns_bad_series" time="0.020" /><testcase classname="tests.backend.test_form_limits" name="test_oversized_urlencoded_form_is_rejected" time="0.020" /><testcase classname="tests.backend.test_form_limits" name="test_within_limit_urlencoded_form_is_accepted" time="0.013" /><testcase classname="tests.backend.test_goals_route" name="test_create_and_list" time="0.059"><skipped type="pytest.xfail" message="Authentication dependency override needs fixing" /></testcase><testcase classname="tests.backend.test_goals_route" name="test_goal_progress" time="0.061"><skipped type="pytest.xfail" message="Authentication dependency override needs fixing" /></testcase><testcase classname="tests.backend.test_goals_route" name="test_update_and_delete" time="0.063"><skipped type="pytest.xfail" message="Authentication dependency override needs fixing" /></testcase><testcase classname="tests.backend.test_goals_route" name="test_crud_without_auth" time="0.085" /><testcase classname="tests.backend.test_health_env" name="test_health_env_variable" time="0.475" /><testcase classname="tests.backend.test_holding_utils" name="test_enrich_holding_scales_booked_cost_basis" time="0.003" /><testcase classname="tests.backend.test_holding_utils" name="test_gbx_scaling_defaults_apply_without_override" time="0.017" /><testcase classname="tests.backend.test_holding_utils" name="test_enrich_holding_market_value_set_from_price_snapshot" time="0.003" /><testcase classname="tests.backend.test_holding_utils" name="test_enrich_holding_falls_back_to_previous_close_when_today_missing" time="0.003" /><testcase classname="tests.backend.test_holding_utils" name="test_enrich_holding_monday_fallback_reaches_previous_friday" time="0.003" /><testcase classname="tests.backend.test_html_render_utils" name="test_render_timeseries_html_basic" time="0.020" /><testcase classname="tests.backend.test_html_render_utils" name="test_render_timeseries_html_escapes" time="0.015" /><testcase classname="tests.backend.test_instrument_admin" name="test_update_instrument_preserves_existing_fields" time="0.043" /><testcase classname="tests.backend.test_instrument_admin" name="test_refresh_instrument_preview" time="0.041" /><testcase classname="tests.backend.test_instrument_admin" name="test_refresh_instrument_confirm" time="0.037" /><testcase classname="tests.backend.test_instrument_search" name="test_search_returns_matching_instruments" time="0.028"><skipped type="pytest.xfail" message="Instrument search implementation changed" /></testcase><testcase classname="tests.backend.test_instrument_search" name="test_sector_region_filters" time="0.037"><skipped type="pytest.xfail" message="Instrument search implementation changed" /></testcase><testcase classname="tests.backend.test_instrument_search" name="test_invalid_input" time="0.021" /><testcase classname="tests.backend.test_instruments_autocreate" name="test_get_instrument_meta_does_not_call_yahoo_on_cache_miss" time="0.009" /><testcase classname="tests.backend.test_instruments_autocreate" name="test_auto_create_instrument_meta_still_available_for_explicit_use" time="0.011" /><testcase classname="tests.backend.test_instruments_autocreate" name="test_auto_create_skips_when_fetch_fails" time="0.008" /><testcase classname="tests.backend.test_instruments_autocreate" name="test_auto_create_requires_exchange" time="0.009" /><testcase classname="tests.backend.test_intraday_route" name="test_intraday_route" time="0.025" /><testcase classname="tests.backend.test_lazy_import" name="test_attribute_access_triggers_import" time="0.002" /><testcase classname="tests.backend.test_lazy_import" name="test_already_loaded_module_is_reused" time="0.003" /><testcase classname="tests.backend.test_lazy_import" name="test_repr_before_load" time="0.002" /><testcase classname="tests.backend.test_lazy_import" name="test_mock_patch_setattr_restores_correctly" time="0.002" /><testcase classname="tests.backend.test_lazy_import" name="test_monkeypatch_setattr_restores_correctly" time="0.003" /><testcase classname="tests.backend.test_lazy_import" name="test_string_path_monkeypatch" time="0.003" /><testcase classname="tests.backend.test_lazy_import" name="test_patch_context_manager_teardown_via_string_path" time="0.003" /><testcase classname="tests.backend.test_lazy_import" name="test_class_identity_preserved" time="0.002" /><testcase classname="tests.backend.test_lazy_import" name="test_setattr_propagates_to_real_module" time="0.002" /><testcase classname="tests.backend.test_logging_setup" name="test_sanitise_log_value[hello-hello]" time="0.003" /><testcase classname="tests.backend.test_logging_setup" name="test_sanitise_log_value[ticker\nnewline-tickernewline]" time="0.002" /><testcase classname="tests.backend.test_logging_setup" name="test_sanitise_log_value[ticker\rreturn-tickerreturn]" time="0.003" /><testcase classname="tests.backend.test_logging_setup" name="test_sanitise_log_value[multi\r\nline-multiline]" time="0.003" /><testcase classname="tests.backend.test_logging_setup" name="test_sanitise_log_value[123-123]" time="0.003" /><testcase classname="tests.backend.test_logging_setup" name="test_sanitise_log_value[None-None]" time="0.003" /><testcase classname="tests.backend.test_logging_setup" name="test_sanitise_log_value[safe value-safe value]" time="0.003" /><testcase classname="tests.backend.test_logging_setup" name="test_sanitise_log_value[\n-]" time="0.003" /><testcase classname="tests.backend.test_logging_setup" name="test_sanitise_log_value[\r\n-]" time="0.003" /><testcase classname="tests.backend.test_logging_setup" name="test_sanitise_log_value[value9-['AAPL', 'ticker\\ninjection']]" time="0.003" /><testcase classname="tests.backend.test_logs" name="test_logs_endpoint_returns_content" time="0.029" /><testcase classname="tests.backend.test_logs" name="test_logs_endpoint_missing_file" time="0.020" /><testcase classname="tests.backend.test_logs" name="test_logs_endpoint_respects_lines_parameter" time="0.021" /><testcase classname="tests.backend.test_market_route" name="test_fetch_indexes_includes_ftse" time="0.003" /><testcase classname="tests.backend.test_models_route" name="test_models_route_returns_available_models" time="0.017" /><testcase classname="tests.backend.test_movers_route" name="test_get_movers_success" time="0.018" /><testcase classname="tests.backend.test_movers_route" name="test_get_movers_invalid_days" time="0.017" /><testcase classname="tests.backend.test_movers_route" name="test_get_movers_no_tickers" time="0.016" /><testcase classname="tests.backend.test_news_route" name="test_get_news_handles_errors" time="0.019" /><testcase classname="tests.backend.test_news_route" name="test_get_news_falls_back" time="0.018" /><testcase classname="tests.backend.test_news_route" name="test_get_news_trims_payload_and_caches" time="0.015" /><testcase classname="tests.backend.test_news_route" name="test_parse_alpha_time_legacy_format" time="0.002" /><testcase classname="tests.backend.test_news_route" name="test_fallback_helpers_filter_finance_headlines" time="0.008" /><testcase classname="tests.backend.test_opportunities" name="test_opportunities_with_watchlist" time="0.019" /><testcase classname="tests.backend.test_opportunities" name="test_opportunities_requires_auth_for_group" time="0.018" /><testcase classname="tests.backend.test_opportunities" name="test_opportunities_with_group" time="0.018" /><testcase classname="tests.backend.test_opportunities" name="test_opportunities_allows_group_when_auth_disabled" time="0.020" /><testcase classname="tests.backend.test_page_cache_utils" name="test_save_load_and_is_stale" time="0.016" /><testcase classname="tests.backend.test_page_cache_utils" name="test_schedule_refresh_and_cancel" time="0.014" /><testcase classname="tests.backend.test_path_utils" name="test_valid_single_part" time="0.009" /><testcase classname="tests.backend.test_path_utils" name="test_valid_multi_part" time="0.008" /><testcase classname="tests.backend.test_path_utils" name="test_traversal_dotdot_blocked" time="0.009" /><testcase classname="tests.backend.test_path_utils" name="test_traversal_nested_dotdot_blocked" time="0.009" /><testcase classname="tests.backend.test_path_utils" name="test_traversal_absolute_blocked" time="0.008" /><testcase classname="tests.backend.test_path_utils" name="test_empty_part_raises" time="0.008" /><testcase classname="tests.backend.test_path_utils" name="test_dot_part_raises" time="0.007" /><testcase classname="tests.backend.test_path_utils" name="test_literal_filename_with_dots" time="0.009" /><testcase classname="tests.backend.test_path_utils" name="test_deeply_nested_valid_path" time="0.008" /><testcase classname="tests.backend.test_path_utils" name="test_returns_path_object" time="0.008" /><testcase classname="tests.backend.test_path_utils" name="test_sanitize_for_log_strips_control_chars" time="0.002" /><testcase classname="tests.backend.test_path_utils" name="test_sanitize_for_log_keeps_printable" time="0.002" /><testcase classname="tests.backend.test_path_utils" name="test_sanitize_for_log_non_string" time="0.002" /><testcase classname="tests.backend.test_path_utils" name="test_sanitize_for_log_strips_del" time="0.002" /><testcase classname="tests.backend.test_path_utils" name="test_null_byte_in_part_safe" time="0.011" /><testcase classname="tests.backend.test_path_utils" name="test_symlink_traversal_blocked" time="0.011" /><testcase classname="tests.backend.test_pension_route" name="test_pension_forecast_counts_prefixed_sipp_accounts" time="0.003" /><testcase classname="tests.backend.test_portfolio_group_instruments_filters" name="test_group_exposure_aggregates_total_and_duplicate_tickers" time="0.054" /><testcase classname="tests.backend.test_portfolio_group_instruments_filters" name="test_group_exposure_handles_missing_holdings" time="0.048" /><testcase classname="tests.backend.test_portfolio_group_instruments_filters" name="test_group_exposure_rejects_invalid_as_of" time="0.049" /><testcase classname="tests.backend.test_portfolio_group_instruments_filters" name="test_group_instruments_without_filters" time="0.052" /><testcase classname="tests.backend.test_portfolio_group_instruments_filters" name="test_group_instruments_filters_by_owner" time="0.052" /><testcase classname="tests.backend.test_portfolio_group_instruments_filters" name="test_group_instruments_filters_by_account_type" time="0.054" /><testcase classname="tests.backend.test_portfolio_group_instruments_filters" name="test_group_endpoints_accept_as_of" time="0.075" /><testcase classname="tests.backend.test_portfolio_group_instruments_filters" name="test_calculate_weights_and_market_values_dedupes_case_and_sums_duplicates" time="0.002" /><testcase classname="tests.backend.test_portfolio_group_instruments_filters" name="test_calculate_weights_and_market_values_keeps_bare_alias_without_double_count" time="0.002" /><testcase classname="tests.backend.test_portfolio_group_movers" name="test_group_movers_weighted" time="0.013" /><testcase classname="tests.backend.test_portfolio_group_movers" name="test_group_movers_empty_summaries" time="0.010" /><testcase classname="tests.backend.test_portfolio_routes" name="test_portfolio_success" time="0.064" /><testcase classname="tests.backend.test_portfolio_routes" name="test_portfolio_not_found" time="0.054" /><testcase classname="tests.backend.test_portfolio_routes" name="test_portfolio_sectors" time="0.408" /><testcase classname="tests.backend.test_portfolio_routes" name="test_portfolio_var" time="0.060" /><testcase classname="tests.backend.test_portfolio_routes" name="test_portfolio_var_owner_missing" time="0.057" /><testcase classname="tests.backend.test_portfolio_routes" name="test_portfolio_var_bad_params" time="0.057" /><testcase classname="tests.backend.test_portfolio_routes" name="test_account_percent_encoded_slash_owner_returns_404" time="0.056" /><testcase classname="tests.backend.test_portfolio_routes" name="test_account_case_insensitive_owner_and_account_loads_matched_directory" time="0.063" /><testcase classname="tests.backend.test_portfolio_routes" name="test_account_valid_missing_returns_404" time="0.061" /><testcase classname="tests.backend.test_portfolio_utils" name="test_fx_to_base_logs_warning_on_failure" time="0.003" /><testcase classname="tests.backend.test_portfolio_utils" name="test_fx_to_base_uses_cache" time="0.004" /><testcase classname="tests.backend.test_quotes_route" name="test_get_quotes_includes_name" time="0.017" /><testcase classname="tests.backend.test_rate_limit" name="test_rate_limit_enforced" time="0.533" /><testcase classname="tests.backend.test_recent_alerts" name="test_get_recent_alerts_skips_duplicates" time="0.003" /><testcase classname="tests.backend.test_routers" name="test_all_routes_registered" time="0.006" /><testcase classname="tests.backend.test_routers" name="test_compliance_routes" time="0.028" /><testcase classname="tests.backend.test_routers" name="test_trading_agent_route" time="0.017" /><testcase classname="tests.backend.test_routers" name="test_rebalance_route" time="0.018" /><testcase classname="tests.backend.test_routers" name="test_agent_stats_route" time="0.015" /><testcase classname="tests.backend.test_routers" name="test_agent_stats_route_error" time="0.014" /><testcase classname="tests.backend.test_scenario_routes" name="test_run_scenario_basic" time="0.019" /><testcase classname="tests.backend.test_scenario_routes" name="test_run_scenario_skips_missing_portfolio" time="0.015" /><testcase classname="tests.backend.test_scenario_routes" name="test_run_scenario_derives_baseline" time="0.016" /><testcase classname="tests.backend.test_scenario_routes" name="test_historical_scenario_parses_tokens" time="0.019"><skipped type="pytest.xfail" message="Scenario data structure changed" /></testcase><testcase classname="tests.backend.test_screener_route" name="test_screener_success" time="0.043" /><testcase classname="tests.backend.test_screener_route" name="test_screener_uses_cache" time="0.035" /><testcase classname="tests.backend.test_screener_route" name="test_screener_no_tickers" time="0.036" /><testcase classname="tests.backend.test_screener_route" name="test_screener_value_error" time="0.036" /><testcase classname="tests.backend.test_screener_route" name="test_fetch_fundamentals_prefers_yahoo" time="0.002"><skipped type="pytest.xfail" message="Screener fundamentals fetching logic changed" /></testcase><testcase classname="tests.backend.test_screener_route" name="test_fetch_fundamentals_falls_back_to_alpha" time="0.003"><skipped type="pytest.xfail" message="Screener fundamentals fetching logic changed" /></testcase><testcase classname="tests.backend.test_signup_provision" name="test_derive_owner_slug[jane.doe@example.com-jane-doe]" time="0.003" /><testcase classname="tests.backend.test_signup_provision" name="test_derive_owner_slug[JANE@example.com-jane]" time="0.003" /><testcase classname="tests.backend.test_signup_provision" name="test_derive_owner_slug[a+b_c@example.com-a-b-c]" time="0.003" /><testcase classname="tests.backend.test_signup_provision" name="test_derive_owner_slug[@example.com-user]" time="0.002" /><testcase classname="tests.backend.test_signup_provision" name="test_provision_owner_scaffolds_and_writes_email" time="0.023" /><testcase classname="tests.backend.test_signup_provision" name="test_provision_owner_is_idempotent_for_same_email" time="0.022" /><testcase classname="tests.backend.test_signup_provision" name="test_provision_owner_avoids_clobbering_a_different_email" time="0.024" /><testcase classname="tests.backend.test_signup_provision" name="test_provision_owner_calls_store_ensure_owner" time="0.020" /><testcase classname="tests.backend.test_signup_provision" name="test_provision_owner_reuses_slug_for_mixed_case_email" time="0.021" /><testcase classname="tests.backend.test_signup_provision" name="test_provision_owner_preserves_existing_full_name" time="0.011" /><testcase classname="tests.backend.test_signup_provision" name="test_provision_owner_skips_slug_with_corrupted_person_json" time="0.023" /><testcase classname="tests.backend.test_signup_provision" name="test_resolve_owner_slug_stamps_identity_immediately_after_mkdir" time="0.021" /><testcase classname="tests.backend.test_signup_provision" name="test_resolve_owner_slug_cleans_up_on_identity_write_failure" time="0.031" /><testcase classname="tests.backend.test_signup_provision" name="test_resolve_owner_slug_cleans_up_on_scaffold_failure" time="0.021" /><testcase classname="tests.backend.test_signup_provision" name="test_provision_owner_cleans_up_on_scaffold_failure" time="0.020" /><testcase classname="tests.backend.test_signup_provision" name="test_resolve_owner_slug_raises_when_exhausted" time="0.014" /><testcase classname="tests.backend.test_signup_request_email" name="test_render_includes_request_details_and_links" time="0.002" /><testcase classname="tests.backend.test_signup_request_email" name="test_render_escapes_hostile_input" time="0.002" /><testcase classname="tests.backend.test_signup_request_email" name="test_render_handles_missing_note" time="0.002" /><testcase classname="tests.backend.test_signup_request_email" name="test_send_signup_admin_email_invokes_ses" time="0.004" /><testcase classname="tests.backend.test_signup_requests" name="test_normalise_payload_trims_and_lowercases_email" time="0.002" /><testcase classname="tests.backend.test_signup_requests" name="test_normalise_payload_allows_missing_note" time="0.002" /><testcase classname="tests.backend.test_signup_requests" name="test_normalise_payload_rejects_invalid[not a dict]" time="0.003" /><testcase classname="tests.backend.test_signup_requests" name="test_normalise_payload_rejects_invalid[payload1]" time="0.002" /><testcase classname="tests.backend.test_signup_requests" name="test_normalise_payload_rejects_invalid[payload2]" time="0.003" /><testcase classname="tests.backend.test_signup_requests" name="test_normalise_payload_rejects_invalid[payload3]" time="0.003" /><testcase classname="tests.backend.test_signup_requests" name="test_normalise_payload_rejects_invalid[payload4]" time="0.003" /><testcase classname="tests.backend.test_signup_requests" name="test_normalise_payload_rejects_invalid[payload5]" time="0.003" /><testcase classname="tests.backend.test_signup_requests" name="test_normalise_payload_rejects_invalid[payload6]" time="0.002" /><testcase classname="tests.backend.test_signup_requests" name="test_normalise_payload_rejects_invalid[payload7]" time="0.002" /><testcase classname="tests.backend.test_signup_requests" name="test_normalise_payload_rejects_invalid[payload8]" time="0.002" /><testcase classname="tests.backend.test_signup_requests" name="test_normalise_payload_rejects_invalid[payload9]" time="0.002" /><testcase classname="tests.backend.test_signup_requests" name="test_normalise_payload_rejects_invalid[payload10]" time="0.003" /><testcase classname="tests.backend.test_signup_requests" name="test_normalise_payload_rejects_invalid[payload11]" time="0.002" /><testcase classname="tests.backend.test_signup_requests" name="test_normalise_payload_rejects_invalid[payload12]" time="0.002" /><testcase classname="tests.backend.test_signup_requests" name="test_email_validation_is_linear_on_adversarial_input" time="0.002" /><testcase classname="tests.backend.test_signup_requests" name="test_create_signup_request_persists_record" time="0.013" /><testcase classname="tests.backend.test_signup_requests" name="test_create_signup_request_stores_only_token_hash" time="0.011" /><testcase classname="tests.backend.test_signup_requests" name="test_create_signup_request_tokens_are_unique_and_high_entropy" time="0.013" /><testcase classname="tests.backend.test_signup_requests" name="test_load_request_round_trips" time="0.011" /><testcase classname="tests.backend.test_signup_requests" name="test_load_request_rejects_traversal_ids" time="0.007" /><testcase classname="tests.backend.test_signup_requests" name="test_consume_request_marks_status_and_is_single_use" time="0.016" /><testcase classname="tests.backend.test_signup_requests" name="test_consume_request_rejects_bad_token" time="0.013" /><testcase classname="tests.backend.test_signup_requests" name="test_consume_request_rejects_unknown_id" time="0.009" /><testcase classname="tests.backend.test_signup_requests" name="test_consume_request_rejects_expired_token" time="0.013" /><testcase classname="tests.backend.test_signup_requests" name="test_validate_request_does_not_mutate" time="0.016" /><testcase classname="tests.backend.test_signup_requests" name="test_enforce_cap_race_condition" time="0.293" /><testcase classname="tests.backend.test_signup_requests" name="test_enforce_cap_respects_max_pending" time="0.159" /><testcase classname="tests.backend.test_smoke_endpoint_list" name="test_smoke_endpoint_list_up_to_date" time="0.008"><skipped type="pytest.xfail" message="Smoke endpoint list format changed" /></testcase><testcase classname="tests.backend.test_spa_response_contracts" name="test_target_spa_endpoints_match_contracts" time="0.130" /><testcase classname="tests.backend.test_tabs_config" name="test_validate_tabs_accepts_new_keys" time="0.003" /><testcase classname="tests.backend.test_tabs_config" name="test_validate_tabs_rejects_unknown_key" time="0.002" /><testcase classname="tests.backend.test_tabs_config" name="test_validate_tabs_supports_trade_compliance_aliases" time="0.002" /><testcase classname="tests.backend.test_tax_route" name="test_harvest" time="0.016" /><testcase classname="tests.backend.test_trading_agent_signals" name="test_generate_signals_combines_multiple_indicators" time="0.003" /><testcase classname="tests.backend.test_trading_agent_signals" name="test_generate_signals_requires_multiple_factors" time="0.004"><skipped type="pytest.xfail" message="Trading agent signal generation logic changed" /></testcase><testcase classname="tests.backend.test_transactions_route" name="test_validate_component" time="0.002" /><testcase classname="tests.backend.test_transactions_route" name="test_create_transaction_success" time="0.081" /><testcase classname="tests.backend.test_transactions_route" name="test_transaction_instrument_name" time="0.085" /><testcase classname="tests.backend.test_transactions_route" name="test_create_transaction_missing_reason" time="0.057" /><testcase classname="tests.backend.test_transactions_route" name="test_update_transaction_same_location" time="0.315" /><testcase classname="tests.backend.test_transactions_route" name="test_update_transaction_move_account" time="0.069" /><testcase classname="tests.backend.test_transactions_route" name="test_delete_transaction" time="0.063" /><testcase classname="tests.backend.test_transactions_route" name="test_create_transaction_no_accounts_root" time="0.032" /><testcase classname="tests.backend.test_transactions_route" name="test_list_transactions_filter" time="0.033" /><testcase classname="tests.backend.test_transactions_route" name="test_transactions_with_compliance_account_case" time="0.037" /><testcase classname="tests.backend.test_transactions_route" name="test_list_dividends_account_case" time="0.033" /><testcase classname="tests.backend.test_update_holdings_from_csv" name="test_update_from_csv_returns_case_sensitive_path" time="0.007" /><testcase classname="tests.backend.test_user_config" name="test_load_user_config" time="0.007" /><testcase classname="tests.backend.test_user_config" name="test_parse_str_list" time="0.002" /><testcase classname="tests.backend.test_user_config" name="test_settings_path_missing" time="0.005" /><testcase classname="tests.backend.test_user_config" name="test_load_defaults_on_invalid_json" time="0.012" /><testcase classname="tests.backend.test_user_config" name="test_save_user_config_merges" time="0.013" /><testcase classname="tests.backend.test_virtual_portfolio_routes" name="test_list_virtual_portfolios" time="0.023" /><testcase classname="tests.backend.test_virtual_portfolio_routes" name="test_get_virtual_portfolio" time="0.023" /><testcase classname="tests.backend.test_virtual_portfolio_routes" name="test_create_update_virtual_portfolio" time="0.018" /><testcase classname="tests.backend.test_virtual_portfolio_routes" name="test_delete_virtual_portfolio" time="0.020" /><testcase classname="tests.backend.test_weekly_report_email" name="test_render_weekly_report_renders_content" time="0.011" /><testcase classname="tests.backend.test_weekly_report_email" name="test_send_weekly_report_email_invokes_ses" time="0.004" /><testcase classname="tests.backend.test_weekly_report_email" name="test_render_weekly_report_cell_values_are_sanitized_at_render_time" time="0.012" /><testcase classname="tests.backend.test_weekly_report_email" name="test_render_weekly_report_strips_dangerous_table_attributes" time="0.004" /><testcase classname="tests.backend.test_weekly_report_email" name="test_render_weekly_report_strips_nested_disallowed_tags" time="0.004" /><testcase classname="tests.backend.test_weekly_report_email" name="test_render_weekly_report_strips_script_inside_allowed_tag" time="0.004" /><testcase classname="tests.common.test_allowances" name="test_current_tax_year_transition" time="0.004" /><testcase classname="tests.common.test_allowances" name="test_load_yearly_contributions_missing_and_invalid" time="0.012" /><testcase classname="tests.common.test_allowances" name="test_load_yearly_contributions_non_numeric" time="0.011" /><testcase classname="tests.common.test_allowances" name="test_remaining_allowances_clamps_and_custom_limits" time="0.014" /><testcase classname="tests.common.test_approvals" name="test_approvals_path" time="0.012" /><testcase classname="tests.common.test_approvals" name="test_load_upsert_delete" time="0.017" /><testcase classname="tests.common.test_approvals" name="test_is_approval_valid_expiry" time="0.002" /><testcase classname="tests.common.test_compute_var" name="test_compute_var_valid_series" time="0.007" /><testcase classname="tests.common.test_compute_var" name="test_compute_var_insufficient_data_returns_none" time="0.004" /><testcase classname="tests.common.test_compute_var" name="test_compute_var_empty_dataframe_returns_none" time="0.002" /><testcase classname="tests.common.test_currency" name="test_from_raw_variants[GBX-GBX-GBP-True-0.01]" time="0.003" /><testcase classname="tests.common.test_currency" name="test_from_raw_variants[GBXP-GBX-GBP-True-0.01]" time="0.003" /><testcase classname="tests.common.test_currency" name="test_from_raw_variants[GBpx-GBX-GBP-True-0.01]" time="0.003" /><testcase classname="tests.common.test_currency" name="test_from_raw_variants[GBp-GBX-GBP-True-0.01]" time="0.003" /><testcase classname="tests.common.test_currency" name="test_from_raw_variants[GBP-GBP-GBP-False-1.0]" time="0.004" /><testcase classname="tests.common.test_currency" name="test_from_raw_variants[USD-USD-USD-False-1.0]" time="0.003" /><testcase classname="tests.common.test_currency" name="test_from_raw_variants[None-GBP-GBP-False-1.0]" time="0.003" /><testcase classname="tests.common.test_currency" name="test_from_raw_variants[-GBP-GBP-False-1.0]" time="0.004" /><testcase classname="tests.common.test_currency" name="test_from_raw_variants[gbp-GBP-GBP-False-1.0]" time="0.004" /><testcase classname="tests.common.test_currency" name="test_from_raw_gbp_lowercase_is_not_pence" time="0.002" /><testcase classname="tests.common.test_currency" name="test_from_raw_GBp_is_pence" time="0.002" /><testcase classname="tests.common.test_currency" name="test_scale_dataframe_scales_ohlc_only_for_pence" time="0.008" /><testcase classname="tests.common.test_currency" name="test_to_gbp_uses_fx_for_non_gbp" time="0.002" /><testcase classname="tests.common.test_currency" name="test_extract_currency_from_nested_meta" time="0.003" /><testcase classname="tests.common.test_currency" name="test_to_gbp_pence_and_gbp_passthrough" time="0.002" /><testcase classname="tests.common.test_currency" name="test_to_gbp_invalid_fx_rate_raises[None]" time="0.003" /><testcase classname="tests.common.test_currency" name="test_to_gbp_invalid_fx_rate_raises[oops]" time="0.003" /><testcase classname="tests.common.test_currency" name="test_to_gbp_invalid_fx_rate_raises[0.0]" time="0.003" /><testcase classname="tests.common.test_currency" name="test_to_gbp_invalid_fx_rate_raises[-1.0]" time="0.003" /><testcase classname="tests.common.test_currency" name="test_to_gbp_invalid_fx_rate_raises[nan]" time="0.002" /><testcase classname="tests.common.test_currency" name="test_extract_currency_returns_none_for_missing_meta" time="0.003" /><testcase classname="tests.common.test_currency" name="test_scale_dataframe_scales_volume_when_enabled" time="0.006" /><testcase classname="tests.common.test_currency" name="test_scale_dataframe_is_noop_for_non_pence" time="0.004" /><testcase classname="tests.common.test_currency" name="test_extract_currency_from_top_level_keys[meta0]" time="0.003" /><testcase classname="tests.common.test_currency" name="test_extract_currency_from_top_level_keys[meta1]" time="0.003" /><testcase classname="tests.common.test_currency" name="test_scale_dataframe_scales_case_insensitive_ohlc" time="0.006" /><testcase classname="tests.common.test_data_loader" name="test_load_person_meta_falls_back_to_local" time="0.014" /><testcase classname="tests.common.test_errors" name="test_raise_owner_not_found" time="0.002" /><testcase classname="tests.common.test_errors" name="test_handle_owner_not_found_sync" time="0.002" /><testcase classname="tests.common.test_errors" name="test_handle_owner_not_found_async" time="0.007" /><testcase classname="tests.common.test_errors" name="test_handle_app_error_logs_structured_fields" time="0.003" /><testcase classname="tests.common.test_errors" name="test_validation_failure_uses_caller_detail_for_http_response" time="0.002" /><testcase classname="tests.common.test_errors" name="test_provider_failure_keeps_internal_detail_out_of_http_response" time="0.002" /><testcase classname="tests.common.test_fx_to_base" name="test_fx_to_base_cache_hit" time="0.002" /><testcase classname="tests.common.test_fx_to_base" name="test_fx_to_base_fetch_success" time="0.004" /><testcase classname="tests.common.test_fx_to_base" name="test_fx_to_base_fetch_failure" time="0.003" /><testcase classname="tests.common.test_fx_to_base" name="test_fx_to_base_cross_rate" time="0.004" /><testcase classname="tests.common.test_fx_to_gbp" name="test_fx_to_gbp_rate_cached" time="0.003" /><testcase classname="tests.common.test_fx_to_gbp" name="test_fx_to_gbp_fetch_exception" time="0.003" /><testcase classname="tests.common.test_goals" name="test_goal_to_from_dict_roundtrip" time="0.002" /><testcase classname="tests.common.test_goals" name="test_goal_progress" time="0.002" /><testcase classname="tests.common.test_goals" name="test_save_and_load_goals" time="0.014" /><testcase classname="tests.common.test_goals" name="test_add_goal" time="0.013" /><testcase classname="tests.common.test_goals" name="test_delete_goal" time="0.014" /><testcase classname="tests.common.test_goals" name="test_load_goals_ignores_malformed_entries" time="0.012" /><testcase classname="tests.common.test_goals" name="test_load_all_goals_ignores_malformed_entries" time="0.013" /><testcase classname="tests.common.test_group_portfolio" name="test_list_groups_returns_expected_defaults" time="0.003" /><testcase classname="tests.common.test_group_portfolio" name="test_list_groups_does_not_load_portfolio_contents" time="0.013" /><testcase classname="tests.common.test_group_portfolio" name="test_build_group_portfolio_merges_accounts_and_totals" time="0.025" /><testcase classname="tests.common.test_holding_utils" name="test_is_pence_currency_wrapper[GBX]" time="0.003" /><testcase classname="tests.common.test_holding_utils" name="test_is_pence_currency_wrapper[GBXP]" time="0.002" /><testcase classname="tests.common.test_holding_utils" name="test_is_pence_currency_wrapper[GBp]" time="0.002" /><testcase classname="tests.common.test_holding_utils" name="test_is_pence_currency_wrapper[GBpx]" time="0.002" /><testcase classname="tests.common.test_holding_utils" name="test_is_pence_currency_wrapper_false_for_gbp" time="0.002" /><testcase classname="tests.common.test_holding_utils" name="test_close_column_selection" time="0.004" /><testcase classname="tests.common.test_holding_utils" name="test_derived_cost_basis_close_px_caches_and_window" time="0.005" /><testcase classname="tests.common.test_holding_utils" name="test_load_latest_prices_resolution_scaling_and_missing" time="0.007" /><testcase classname="tests.common.test_holding_utils" name="test_load_latest_prices_converts_native_close_to_gbp" time="0.004" /><testcase classname="tests.common.test_holding_utils" name="test_load_latest_prices_does_not_double_convert_close_gbp" time="0.004" /><testcase classname="tests.common.test_holding_utils" name="test_load_latest_prices_close_gbp_not_rescaled" time="0.004" /><testcase classname="tests.common.test_holding_utils" name="test_load_latest_prices_gbx_pence_no_scaling_override[GBX]" time="0.004" /><testcase classname="tests.common.test_holding_utils" name="test_load_latest_prices_gbx_pence_no_scaling_override[GBXP]" time="0.004" /><testcase classname="tests.common.test_holding_utils" name="test_load_latest_prices_gbx_pence_no_scaling_override[GBp]" time="0.004" /><testcase classname="tests.common.test_holding_utils" name="test_load_latest_prices_gbx_pence_with_scaling_override" time="0.005" /><testcase classname="tests.common.test_holding_utils" name="test_load_latest_prices_gbx_non_pence_factor_scale_still_converts" time="0.004" /><testcase classname="tests.common.test_holding_utils" name="test_load_live_prices_gbx_non_pence_factor_scale_still_converts" time="0.003" /><testcase classname="tests.common.test_holding_utils" name="test_load_latest_prices_non_pence_scale_point_zero_one_still_fx_converts" time="0.005" /><testcase classname="tests.common.test_holding_utils" name="test_load_latest_prices_handles_malformed" time="0.003" /><testcase classname="tests.common.test_holding_utils" name="test_load_latest_prices_skips_invalid_fx_rate[0.0]" time="0.004" /><testcase classname="tests.common.test_holding_utils" name="test_load_latest_prices_skips_invalid_fx_rate[None]" time="0.004" /><testcase classname="tests.common.test_holding_utils" name="test_load_latest_prices_skips_invalid_fx_rate[nan]" time="0.004" /><testcase classname="tests.common.test_holding_utils" name="test_load_latest_prices_skips_when_currency_unknown" time="0.004" /><testcase classname="tests.common.test_holding_utils" name="test_load_live_prices_with_fx" time="0.002" /><testcase classname="tests.common.test_holding_utils" name="test_is_cash_variants" time="0.002" /><testcase classname="tests.common.test_holding_utils" name="test_cash_name_variants" time="0.002" /><testcase classname="tests.common.test_holding_utils" name="test_enrich_holding_cash_fields" time="0.002" /><testcase classname="tests.common.test_holding_utils" name="test_enrich_holding_non_cash_standard_path" time="0.003" /><testcase classname="tests.common.test_holding_utils" name="test_load_live_prices_gbx_with_scaling_override_not_double_converted" time="0.002" /><testcase classname="tests.common.test_holding_utils_dates" name="test_parse_date_accepts_datetime" time="0.003" /><testcase classname="tests.common.test_holding_utils_dates" name="test_parse_date_accepts_date" time="0.002" /><testcase classname="tests.common.test_holding_utils_dates" name="test_parse_date_accepts_iso_string" time="0.002" /><testcase classname="tests.common.test_holding_utils_dates" name="test_parse_date_rejects_invalid" time="0.002" /><testcase classname="tests.common.test_holding_utils_dates" name="test_nearest_weekday_forward_weekend" time="0.002" /><testcase classname="tests.common.test_holding_utils_dates" name="test_nearest_weekday_backward_weekend" time="0.002" /><testcase classname="tests.common.test_instrument_api_core" name="test_resolve_full_ticker_variants" time="0.002" /><testcase classname="tests.common.test_instrument_api_core" name="test_prime_latest_prices_respects_skip" time="0.002" /><testcase classname="tests.common.test_instrument_api_core" name="test_prime_latest_prices_populates" time="0.002" /><testcase classname="tests.common.test_instrument_api_core" name="test_price_and_changes_unresolved" time="0.002" /><testcase classname="tests.common.test_instrument_api_core" name="test_price_and_changes_snapshot" time="0.002" /><testcase classname="tests.common.test_instrument_api_core" name="test_price_and_changes_fallback" time="0.002" /><testcase classname="tests.common.test_instrument_api_core" name="test_positions_for_ticker_matches" time="0.002" /><testcase classname="tests.common.test_instrument_api_core" name="test_build_exchange_map_uses_metadata" time="0.002" /><testcase classname="tests.common.test_instrument_api_core" name="test_instrument_summaries_populate_grouping" time="0.002" /><testcase classname="tests.common.test_instrument_groups" name="test_normalise_filters_and_sorts" time="0.009" /><testcase classname="tests.common.test_instrument_groups" name="test_load_groups_handles_formats" time="0.013" /><testcase classname="tests.common.test_instrument_groups" name="test_save_and_add_group_behaviour" time="0.015" /><testcase classname="tests.common.test_load_snapshot" name="test_portfolio_utils_import_does_not_call_load_snapshot" time="0.012" /><testcase classname="tests.common.test_load_snapshot" name="test_load_snapshot_missing_local_file" time="0.009" /><testcase classname="tests.common.test_load_snapshot" name="test_load_snapshot_aws_failure_falls_back_to_local" time="0.012" /><testcase classname="tests.common.test_load_snapshot" name="test_load_snapshot_aws_s3_and_local_both_missing_logs_error" time="0.010" /><testcase classname="tests.common.test_load_snapshot" name="test_load_snapshot_aws_s3_fails_no_local_path_configured_logs_error" time="0.003" /><testcase classname="tests.common.test_load_snapshot" name="test_load_snapshot_access_denied_logs_error_not_warning" time="0.009" /><testcase classname="tests.common.test_load_snapshot" name="test_load_snapshot_nosuchkey_logs_warning_not_error" time="0.010" /><testcase classname="tests.common.test_load_snapshot" name="test_load_snapshot_nosuchkey_no_local_path_logs_single_warning" time="0.003" /><testcase classname="tests.common.test_load_snapshot" name="test_load_snapshot_botocore_error_logs_error" time="0.010" /><testcase classname="tests.common.test_load_snapshot" name="test_load_snapshot_non_aws_missing_local_logs_only_warning" time="0.009" /><testcase classname="tests.common.test_load_snapshot" name="test_seed_prices_file_loads_demo_holdings" time="0.009" /><testcase classname="tests.common.test_pension_snapshots" name="test_get_previous_snapshot_returns_none_when_absent" time="0.011" /><testcase classname="tests.common.test_pension_snapshots" name="test_record_snapshot_first_time_uses_current_pot_as_baseline" time="0.012" /><testcase classname="tests.common.test_pension_snapshots" name="test_record_snapshot_same_year_keeps_start_of_year_baseline" time="0.233" /><testcase classname="tests.common.test_pension_snapshots" name="test_record_snapshot_year_rollover_resets_baseline_to_last_pot" time="0.014" /><testcase classname="tests.common.test_pension_snapshots" name="test_ytd_baseline_pot_gbp_no_previous_uses_current" time="0.002" /><testcase classname="tests.common.test_pension_snapshots" name="test_previous_period_pot_gbp_no_previous_uses_current" time="0.002" /><testcase classname="tests.common.test_pension_snapshots" name="test_previous_period_pot_gbp_returns_last_pot" time="0.002" /><testcase classname="tests.common.test_pension_snapshots" name="test_get_storage_reads_env_var_set_after_module_import" time="0.011" /><testcase classname="tests.common.test_portfolio_loader" name="test_rebuild_account_holdings" time="0.013" /><testcase classname="tests.common.test_portfolio_loader" name="test_get_units_as_of_ignores_transactions_after_cutoff" time="0.002" /><testcase classname="tests.common.test_portfolio_loader" name="test_get_units_as_of_reflects_a_sell_before_cutoff" time="0.002" /><testcase classname="tests.common.test_portfolio_loader" name="test_get_units_as_of_ignores_other_tickers" time="0.002" /><testcase classname="tests.common.test_portfolio_loader" name="test_rebuild_account_holdings_treats_dividend_singular_like_dividends" time="0.027" /><testcase classname="tests.common.test_portfolio_loader" name="test_rebuild_account_holdings_missing_file" time="0.010" /><testcase classname="tests.common.test_portfolio_loader" name="test_load_accounts_for_owner_missing_file" time="0.003" /><testcase classname="tests.common.test_portfolio_loader" name="test_load_accounts_for_owner_json_error" time="0.003" /><testcase classname="tests.common.test_portfolio_loader" name="test_list_portfolios_aggregates_owners" time="0.002" /><testcase classname="tests.common.test_portfolio_loader" name="test_load_portfolio_case_insensitive" time="0.002" /><testcase classname="tests.common.test_portfolio_utils" name="test_compute_var_with_valid_data" time="0.007" /><testcase classname="tests.common.test_portfolio_utils" name="test_compute_var_returns_none_for_empty_dataframe" time="0.003" /><testcase classname="tests.common.test_portfolio_utils" name="test_compute_var_returns_none_when_close_missing" time="0.003" /><testcase classname="tests.common.test_portfolio_utils" name="test_safe_num_handles_various_inputs[42.5-0.0-42.5]" time="0.003" /><testcase classname="tests.common.test_portfolio_utils" name="test_safe_num_handles_various_inputs[invalid-1.23-1.23]" time="0.003" /><testcase classname="tests.common.test_portfolio_utils" name="test_safe_num_handles_various_inputs[None--5.0--5.0]" time="0.003" /><testcase classname="tests.common.test_portfolio_utils" name="test_first_nonempty_str_skips_blank_candidates" time="0.003" /><testcase classname="tests.common.test_portfolio_utils" name="test_first_nonempty_str_with_source_returns_trimmed_value" time="0.003" /><testcase classname="tests.common.test_portfolio_utils" name="test_first_nonempty_str_with_source_returns_none_when_missing" time="0.002" /><testcase classname="tests.common.test_portfolio_utils" name="test_fx_to_base_uses_cache_for_currency_and_base" time="0.005" /><testcase classname="tests.common.test_portfolio_utils" name="test_fx_to_base_returns_identity_when_currency_matches_base" time="0.002" /><testcase classname="tests.common.test_portfolio_utils" name="test_load_snapshot_falls_back_to_local_file" time="0.012" /><testcase classname="tests.common.test_portfolio_utils_cash_meta" name="test_canonicalise_cash_ticker" time="0.002" /><testcase classname="tests.common.test_portfolio_utils_cash_meta" name="test_currency_from_file_with_meta" time="0.002" /><testcase classname="tests.common.test_portfolio_utils_cash_meta" name="test_currency_from_file_without_meta" time="0.003" /><testcase classname="tests.common.test_portfolio_utils_core" name="test_compute_var_returns_value" time="0.006" /><testcase classname="tests.common.test_portfolio_utils_core" name="test_compute_var_insufficient_data" time="0.003" /><testcase classname="tests.common.test_portfolio_utils_core" name="test_fx_to_base_cache_hit" time="0.002" /><testcase classname="tests.common.test_portfolio_utils_core" name="test_fx_to_base_cache_miss" time="0.003" /><testcase classname="tests.common.test_portfolio_utils_core" name="test_fx_to_base_fetch_failure" time="0.003" /><testcase classname="tests.common.test_portfolio_utils_core" name="test_load_snapshot_local_file" time="0.011" /><testcase classname="tests.common.test_portfolio_utils_core" name="test_load_snapshot_missing_file" time="0.009" /><testcase classname="tests.common.test_portfolio_utils_returns" name="test_compute_alpha_and_tracking_error" time="0.023" /><testcase classname="tests.common.test_portfolio_utils_returns" name="test_compute_metrics_none_when_series_misaligned" time="0.018" /><testcase classname="tests.common.test_portfolio_utils_returns" name="test_compute_metrics_none_when_benchmark_data_entirely_missing" time="0.005" /><testcase classname="tests.common.test_portfolio_utils_returns" name="test_group_metrics_and_max_drawdown" time="0.023" /><testcase classname="tests.common.test_portfolio_utils_returns" name="test_portfolio_value_series_uses_requested_days" time="0.013" /><testcase classname="tests.common.test_portfolio_utils_risk" name="test_compute_var_positive_value" time="0.004" /><testcase classname="tests.common.test_portfolio_utils_risk" name="test_compute_var_missing_or_empty_close[df0]" time="0.002" /><testcase classname="tests.common.test_portfolio_utils_risk" name="test_compute_var_missing_or_empty_close[df1]" time="0.002" /><testcase classname="tests.common.test_portfolio_utils_risk" name="test_fx_to_base_fetch_exception" time="0.003" /><testcase classname="tests.common.test_portfolio_utils_risk" name="test_fx_to_base_rate_cached" time="0.003" /><testcase classname="tests.common.test_portfolio_utils_series" name="test_portfolio_value_series_aggregates_and_skips_flagged" time="0.021" /><testcase classname="tests.common.test_portfolio_utils_series" name="test_portfolio_value_series_uses_group_builder" time="0.011" /><testcase classname="tests.common.test_portfolio_utils_series" name="test_cash_value_series_sums_cash_holdings" time="0.016" /><testcase classname="tests.common.test_portfolio_utils_snapshot" name="test_refresh_snapshot_in_memory_from_timeseries_writes_file" time="0.017" /><testcase classname="tests.common.test_portfolio_utils_snapshot" name="test_refresh_snapshot_scaling_override_does_not_rescale_close_gbp" time="0.014" /><testcase classname="tests.common.test_portfolio_utils_snapshot" name="test_refresh_snapshot_logs_warning_when_timeseries_missing" time="0.015" /><testcase classname="tests.common.test_portfolio_utils_snapshot" name="test_refresh_snapshot_skips_write_when_path_missing" time="0.006" /><testcase classname="tests.common.test_portfolio_utils_snapshot" name="test_refresh_snapshot_skips_nan_close_price_and_keeps_seeded_value[asyncio]" time="0.016" /><testcase classname="tests.common.test_portfolio_utils_snapshot" name="test_refresh_snapshot_async_invokes_to_thread[asyncio]" time="0.005" /><testcase classname="tests.common.test_portfolio_utils_snapshot" name="test_refresh_snapshot_skips_nan_close_price_and_keeps_seeded_value[trio]" time="0.018" /><testcase classname="tests.common.test_portfolio_utils_snapshot" name="test_refresh_snapshot_async_invokes_to_thread[trio]" time="0.004" /><testcase classname="tests.common.test_portfolio_utils_snapshot" name="test_refresh_snapshot_merges_with_existing_prices_file" time="0.016" /><testcase classname="tests.common.test_prices" name="test_close_on_returns_value_from_timeseries" time="0.004" /><testcase classname="tests.common.test_prices" name="test_close_on_handles_close_column_and_conversion_errors" time="0.005" /><testcase classname="tests.common.test_prices" name="test_get_price_snapshot_uses_latest_and_live" time="0.002" /><testcase classname="tests.common.test_prices" name="test_get_price_snapshot_handles_missing_live_fields" time="0.002" /><testcase classname="tests.common.test_prices" name="test_get_price_snapshot_defaults_to_cached_close" time="0.003" /><testcase classname="tests.common.test_prices" name="test_get_price_snapshot_uses_prior_weekday_on_weekend" time="0.003" /><testcase classname="tests.common.test_prices" name="test_load_latest_prices_defaults_to_l" time="0.004" /><testcase classname="tests.common.test_prices" name="test_load_prices_for_tickers_combines_frames" time="0.007" /><testcase classname="tests.common.test_prices" name="test_build_securities_from_portfolios" time="0.002" /><testcase classname="tests.common.test_prices" name="test_refresh_prices_writes_json_and_updates_cache" time="0.012" /><testcase classname="tests.common.test_prices" name="test_refresh_prices_skips_write_when_all_prices_null" time="0.011" /><testcase classname="tests.common.test_prices" name="test_refresh_prices_uploads_existing_snapshot_to_s3_when_all_prices_null" time="0.011" /><testcase classname="tests.common.test_prices" name="test_refresh_prices_partial_null_preserves_existing_prices" time="0.012" /><testcase classname="tests.common.test_refresh_snapshot_in_memory" name="test_refresh_snapshot_in_memory_updates_globals" time="0.002" /><testcase classname="tests.common.test_refresh_snapshot_in_memory" name="test_refresh_snapshot_in_memory_loads_when_none" time="0.002" /><testcase classname="tests.common.test_tax" name="test_harvest_losses_filters_and_rounds" time="0.002" /><testcase classname="tests.common.test_url_validator" name="test_https_url_passes" time="0.002" /><testcase classname="tests.common.test_url_validator" name="test_http_rejected_by_default" time="0.003" /><testcase classname="tests.common.test_url_validator" name="test_http_allowed_when_flag_set" time="0.002" /><testcase classname="tests.common.test_url_validator" name="test_ftp_rejected" time="0.002" /><testcase classname="tests.common.test_url_validator" name="test_no_scheme_rejected" time="0.002" /><testcase classname="tests.common.test_url_validator" name="test_localhost_rejected" time="0.003" /><testcase classname="tests.common.test_url_validator" name="test_localhost_with_port_rejected" time="0.002" /><testcase classname="tests.common.test_url_validator" name="test_localhost_trailing_dot_rejected" time="0.002" /><testcase classname="tests.common.test_url_validator" name="test_ip6_localhost_rejected" time="0.002" /><testcase classname="tests.common.test_url_validator" name="test_ip6_loopback_rejected" time="0.002" /><testcase classname="tests.common.test_url_validator" name="test_private_ip_rejected[loopback_ipv4]" time="0.003" /><testcase classname="tests.common.test_url_validator" name="test_private_ip_rejected[loopback_ipv4_variant]" time="0.002" /><testcase classname="tests.common.test_url_validator" name="test_private_ip_rejected[link_local_aws_metadata]" time="0.002" /><testcase classname="tests.common.test_url_validator" name="test_private_ip_rejected[link_local_generic]" time="0.003" /><testcase classname="tests.common.test_url_validator" name="test_private_ip_rejected[rfc1918_10_block]" time="0.002" /><testcase classname="tests.common.test_url_validator" name="test_private_ip_rejected[rfc1918_10_block_end]" time="0.002" /><testcase classname="tests.common.test_url_validator" name="test_private_ip_rejected[rfc1918_172_start]" time="0.003" /><testcase classname="tests.common.test_url_validator" name="test_private_ip_rejected[rfc1918_172_end]" time="0.003" /><testcase classname="tests.common.test_url_validator" name="test_private_ip_rejected[rfc1918_192_168]" time="0.002" /><testcase classname="tests.common.test_url_validator" name="test_private_ip_rejected[unspecified]" time="0.002" /><testcase classname="tests.common.test_url_validator" name="test_private_ip_rejected[loopback_ipv6]" time="0.003" /><testcase classname="tests.common.test_url_validator" name="test_private_ip_rejected[link_local_ipv6]" time="0.003" /><testcase classname="tests.common.test_url_validator" name="test_abbreviated_ipv4_rejected[abbreviated_two_octet]" time="0.002" /><testcase classname="tests.common.test_url_validator" name="test_abbreviated_ipv4_rejected[abbreviated_three_octet]" time="0.003" /><testcase classname="tests.common.test_url_validator" name="test_abbreviated_ipv4_rejected[hex_loopback]" time="0.003" /><testcase classname="tests.common.test_url_validator" name="test_abbreviated_ipv4_rejected[decimal_loopback]" time="0.003" /><testcase classname="tests.common.test_url_validator" name="test_public_url_passes[alphavantage]" time="0.003" /><testcase classname="tests.common.test_url_validator" name="test_public_url_passes[yahoo_finance]" time="0.002" /><testcase classname="tests.common.test_url_validator" name="test_public_url_passes[google_news]" time="0.002" /><testcase classname="tests.common.test_url_validator" name="test_public_url_passes[alpaca]" time="0.002" /><testcase classname="tests.common.test_url_validator" name="test_public_url_passes[public_ip]" time="0.002" /><testcase classname="tests.common.test_url_validator" name="test_allow_http_does_not_bypass_ip_check" time="0.002" /><testcase classname="tests.common.test_url_validator" name="test_allow_http_does_not_bypass_localhost_check" time="0.002" /><testcase classname="tests.common.test_url_validator" name="test_no_hostname_rejected" time="0.003" /><testcase classname="tests.common.test_user_config" name="test_settings_path_missing" time="0.010" /><testcase classname="tests.common.test_user_config" name="test_load_user_config_defaults[None]" time="0.012" /><testcase classname="tests.common.test_user_config" name="test_load_user_config_defaults[{bad json]" time="0.012" /><testcase classname="tests.common.test_user_config" name="test_save_user_config_merges" time="0.013" /><testcase classname="tests.common.test_virtual_portfolio" name="test_virtual_portfolio_round_trip" time="0.012" /><testcase classname="tests.common.test_virtual_portfolio" name="test_list_and_delete_virtual_portfolios" time="0.019" /><testcase classname="tests.contracts.test_api_response_contracts" name="test_live_endpoints_match_versioned_contract_schema[config-/config]" time="0.439" /><testcase classname="tests.contracts.test_api_response_contracts" name="test_live_endpoints_match_versioned_contract_schema[owners-/owners]" time="0.081" /><testcase classname="tests.contracts.test_api_response_contracts" name="test_live_endpoints_match_versioned_contract_schema[groups-/groups]" time="0.092" /><testcase classname="tests.contracts.test_api_response_contracts" name="test_live_endpoints_match_versioned_contract_schema[groupPortfolio-/portfolio-group/all]" time="0.729" /><testcase classname="tests.contracts.test_api_response_contracts" name="test_live_endpoints_match_versioned_contract_schema[portfolio-/portfolio/alice]" time="0.022" /><testcase classname="tests.contracts.test_api_response_contracts" name="test_live_endpoints_match_versioned_contract_schema[transactions-/transactions]" time="0.009" /><testcase classname="tests.contracts.test_api_response_contracts" name="test_examples_remain_valid_examples_but_not_authority[config]" time="0.005" /><testcase classname="tests.contracts.test_api_response_contracts" name="test_examples_remain_valid_examples_but_not_authority[groupPortfolio]" time="0.004" /><testcase classname="tests.contracts.test_api_response_contracts" name="test_examples_remain_valid_examples_but_not_authority[groups]" time="0.003" /><testcase classname="tests.contracts.test_api_response_contracts" name="test_examples_remain_valid_examples_but_not_authority[owners]" time="0.003" /><testcase classname="tests.contracts.test_api_response_contracts" name="test_examples_remain_valid_examples_but_not_authority[portfolio]" time="0.005" /><testcase classname="tests.contracts.test_api_response_contracts" name="test_examples_remain_valid_examples_but_not_authority[transactions]" time="0.004" /><testcase classname="tests.contracts.test_api_response_contracts" name="test_schema_rejects_required_field_removal" time="0.021" /><testcase classname="tests.contracts.test_api_response_contracts" name="test_schema_rejects_field_type_drift" time="0.026" /><testcase classname="tests.contracts.test_api_response_contracts" name="test_schema_allows_optional_field_evolution_and_key_reordering" time="0.027" /><testcase classname="tests.contracts.test_api_response_contracts" name="test_contract_examples_are_not_used_as_exact_snapshots" time="0.032" /><testcase classname="tests.live.test_backend_live" name="test_health_endpoint" time="0.001"><skipped type="pytest.skip" message="Live tests disabled">C:\Users\steph\workspace\GitHub\allotmint\tests\live\test_backend_live.py:7: Live tests disabled</skipped></testcase><testcase classname="tests.quests.test_trail" name="test_get_tasks_returns_defaults" time="0.009"><skipped type="pytest.xfail" message="To fix" /></testcase><testcase classname="tests.quests.test_trail" name="test_get_tasks_includes_static_tasks_without_data" time="0.003" /><testcase classname="tests.quests.test_trail" name="test_get_tasks_upgrades_legacy_records" time="0.003" /><testcase classname="tests.quests.test_trail" name="test_get_tasks_with_completions" time="0.005" /><testcase classname="tests.quests.test_trail" name="test_mark_complete_records_once_and_daily" time="0.012" /><testcase classname="tests.quests.test_trail" name="test_mark_complete_updates_streak" time="0.011" /><testcase classname="tests.quests.test_trail" name="test_threshold_once_task_ignores_seeded_default" time="0.004" /><testcase classname="tests.quests.test_trail" name="test_threshold_once_task_marks_custom_value" time="0.004" /><testcase classname="tests.quests.test_trail" name="test_threshold_once_task_handles_percent_strings" time="0.003" /><testcase classname="tests.routes.test_accounts_root" name="test_resolve_accounts_root_uses_cached_state" time="0.010" /><testcase classname="tests.routes.test_accounts_root" name="test_resolve_accounts_root_falls_back_to_global_directory" time="0.013" /><testcase classname="tests.routes.test_accounts_root" name="test_resolve_accounts_root_handles_deleted_cached_directory" time="0.013" /><testcase classname="tests.routes.test_approvals" name="test_get_approvals_success" time="0.028" /><testcase classname="tests.routes.test_approvals" name="test_post_approval_request_success" time="0.027" /><testcase classname="tests.routes.test_approvals" name="test_post_approval_request_missing_ticker" time="0.024" /><testcase classname="tests.routes.test_approvals" name="test_post_approval_request_missing_owner" time="0.028" /><testcase classname="tests.routes.test_approvals" name="test_post_approval_request_write_failure" time="0.027" /><testcase classname="tests.routes.test_approvals" name="test_post_approval_request_owner_dir_case_insensitive" time="0.028" /><testcase classname="tests.routes.test_approvals" name="test_post_approval_request_accounts_root_fallback" time="0.039" /><testcase classname="tests.routes.test_approvals" name="test_post_approval_invalid_or_missing_approved_on[payload0-approved_on is required]" time="0.025" /><testcase classname="tests.routes.test_approvals" name="test_post_approval_invalid_or_missing_approved_on[payload1-invalid approved_on]" time="0.024" /><testcase classname="tests.routes.test_approvals" name="test_post_approval_success" time="0.029" /><testcase classname="tests.routes.test_approvals" name="test_post_approval_accounts_root_fallback" time="0.035" /><testcase classname="tests.routes.test_approvals" name="test_post_approval_missing_owner" time="0.026" /><testcase classname="tests.routes.test_approvals" name="test_post_approval_write_failure" time="0.026" /><testcase classname="tests.routes.test_approvals" name="test_delete_approval_route_success" time="0.038" /><testcase classname="tests.routes.test_approvals" name="test_delete_approval_route_nonexistent_ticker" time="0.039" /><testcase classname="tests.routes.test_approvals" name="test_delete_approval_accounts_root_fallback" time="0.034" /><testcase classname="tests.routes.test_approvals" name="test_delete_approval_missing_owner" time="0.026" /><testcase classname="tests.routes.test_config" name="test_deep_merge_nested_dicts" time="0.002" /><testcase classname="tests.routes.test_config" name="test_update_config_writes_and_merges" time="0.468" /><testcase classname="tests.routes.test_config" name="test_update_config_accepts_research_tab" time="0.441" /><testcase classname="tests.routes.test_config" name="test_update_config_env_invalid_google_auth" time="0.435" /><testcase classname="tests.routes.test_config" name="test_update_config_env_requires_client_id" time="0.431" /><testcase classname="tests.routes.test_config" name="test_update_config_env_uses_existing_client_id" time="0.433" /><testcase classname="tests.routes.test_config" name="test_update_config_env_valid" time="0.433" /><testcase classname="tests.routes.test_data_explorer" name="test_list_directory_root" time="0.014" /><testcase classname="tests.routes.test_data_explorer" name="test_list_directory_subdir" time="0.016" /><testcase classname="tests.routes.test_data_explorer" name="test_list_directory_missing_path_404" time="0.011" /><testcase classname="tests.routes.test_data_explorer" name="test_list_directory_rejects_file_path" time="0.013" /><testcase classname="tests.routes.test_data_explorer" name="test_list_directory_rejects_traversal[../]" time="0.011" /><testcase classname="tests.routes.test_data_explorer" name="test_list_directory_rejects_traversal[../../etc/passwd]" time="0.011" /><testcase classname="tests.routes.test_data_explorer" name="test_list_directory_rejects_traversal[/etc/passwd]" time="0.011" /><testcase classname="tests.routes.test_data_explorer" name="test_list_directory_rejects_traversal[timeseries/../../etc]" time="0.013" /><testcase classname="tests.routes.test_data_explorer" name="test_list_directory_aws_not_supported" time="0.010" /><testcase classname="tests.routes.test_data_explorer" name="test_read_file_preview" time="0.012" /><testcase classname="tests.routes.test_data_explorer" name="test_read_file_truncates_large_files" time="0.014" /><testcase classname="tests.routes.test_data_explorer" name="test_read_file_rejects_unsupported_extension" time="0.011" /><testcase classname="tests.routes.test_data_explorer" name="test_read_file_missing_404" time="0.012" /><testcase classname="tests.routes.test_data_explorer" name="test_read_file_rejects_traversal" time="0.011" /><testcase classname="tests.routes.test_data_quality" name="test_lists_quality_for_all_cached_tickers" time="0.430" /><testcase classname="tests.routes.test_data_quality" name="test_max_results_limits_pairs_and_sets_truncated" time="0.369" /><testcase classname="tests.routes.test_data_quality" name="test_max_results_larger_than_total_is_not_truncated" time="0.365" /><testcase classname="tests.routes.test_data_quality" name="test_max_results_out_of_range_rejected" time="0.354" /><testcase classname="tests.routes.test_data_quality" name="test_filters_to_single_ticker" time="0.367" /><testcase classname="tests.routes.test_data_quality" name="test_unknown_ticker_returns_404" time="0.344" /><testcase classname="tests.routes.test_data_quality" name="test_ticker_without_exchange_is_bad_request" time="0.348" /><testcase classname="tests.routes.test_data_quality" name="test_invalid_ticker_format_rejected" time="0.569" /><testcase classname="tests.routes.test_data_quality" name="test_reports_gap_and_duplicate_metrics" time="0.389" /><testcase classname="tests.routes.test_data_quality" name="test_response_never_returned_for_write_methods" time="0.381" /><testcase classname="tests.routes.test_events" name="test_list_events_filters_extra_fields" time="0.023" /><testcase classname="tests.routes.test_events" name="test_list_events_missing_file" time="0.022" /><testcase classname="tests.routes.test_goals_route" name="test_goal_crud_and_progress" time="0.487" /><testcase classname="tests.routes.test_goals_route" name="test_goal_not_found" time="0.406" /><testcase classname="tests.routes.test_goals_route" name="test_goals_router_demo_mode" time="0.083" /><testcase classname="tests.routes.test_instrument" name="test_search_valid_and_filters" time="0.030" /><testcase classname="tests.routes.test_instrument" name="test_search_invalid_inputs" time="0.028" /><testcase classname="tests.routes.test_instrument" name="test_validate_ticker_accepts" time="0.002" /><testcase classname="tests.routes.test_instrument" name="test_validate_ticker_rejects[]" time="0.002" /><testcase classname="tests.routes.test_instrument" name="test_validate_ticker_rejects[.L]" time="0.002" /><testcase classname="tests.routes.test_instrument" name="test_validate_ticker_rejects[.UK]" time="0.002" /><testcase classname="tests.routes.test_instrument" name="test_positions_for_ticker_gain_and_cost" time="0.002" /><testcase classname="tests.routes.test_instrument" name="test_render_html_contains_tables" time="0.014" /><testcase classname="tests.routes.test_instrument" name="test_instrument_route_json_html_and_base_currency" time="0.510" /><testcase classname="tests.routes.test_instrument" name="test_instrument_route_close_only_prices_populates_positions" time="0.471" /><testcase classname="tests.routes.test_instrument_admin" name="test_list_instrument_metadata" time="0.032" /><testcase classname="tests.routes.test_instrument_admin" name="test_list_group_labels_merges_catalogue" time="0.034" /><testcase classname="tests.routes.test_instrument_admin" name="test_create_group_adds_new_label" time="0.032" /><testcase classname="tests.routes.test_instrument_admin" name="test_create_group_rejects_invalid" time="0.032" /><testcase classname="tests.routes.test_instrument_admin" name="test_list_instrument_groupings" time="0.033" /><testcase classname="tests.routes.test_instrument_admin" name="test_get_instrument_ok" time="0.040" /><testcase classname="tests.routes.test_instrument_admin" name="test_get_instrument_not_found" time="0.040" /><testcase classname="tests.routes.test_instrument_admin" name="test_get_instrument_invalid" time="0.033" /><testcase classname="tests.routes.test_instrument_admin" name="test_post_instrument_create" time="0.040" /><testcase classname="tests.routes.test_instrument_admin" name="test_assign_group_updates_metadata" time="0.042" /><testcase classname="tests.routes.test_instrument_admin" name="test_assign_group_invalid_body" time="0.038" /><testcase classname="tests.routes.test_instrument_admin" name="test_post_instrument_conflict" time="0.041" /><testcase classname="tests.routes.test_instrument_admin" name="test_post_instrument_invalid" time="0.032" /><testcase classname="tests.routes.test_instrument_admin" name="test_post_instrument_ticker_mismatch" time="0.041" /><testcase classname="tests.routes.test_instrument_admin" name="test_put_instrument_update" time="0.040" /><testcase classname="tests.routes.test_instrument_admin" name="test_clear_group_updates_metadata" time="0.041" /><testcase classname="tests.routes.test_instrument_admin" name="test_clear_group_noop_when_missing" time="0.039" /><testcase classname="tests.routes.test_instrument_admin" name="test_put_instrument_not_found" time="0.044" /><testcase classname="tests.routes.test_instrument_admin" name="test_put_instrument_invalid" time="0.033" /><testcase classname="tests.routes.test_instrument_admin" name="test_put_instrument_ticker_mismatch" time="0.044" /><testcase classname="tests.routes.test_instrument_admin" name="test_delete_instrument_ok" time="0.042" /><testcase classname="tests.routes.test_instrument_admin" name="test_delete_instrument_not_found" time="0.044" /><testcase classname="tests.routes.test_instrument_admin" name="test_delete_instrument_invalid" time="0.032" /><testcase classname="tests.routes.test_logs_route" name="test_returns_last_three_lines" time="0.020" /><testcase classname="tests.routes.test_logs_route" name="test_missing_file_returns_404" time="0.017" /><testcase classname="tests.routes.test_market" name="test_fetch_indexes_with_mocked_yfinance" time="0.002" /><testcase classname="tests.routes.test_market" name="test_fetch_sectors_with_mocked_requests" time="0.002" /><testcase classname="tests.routes.test_market" name="test_fetch_uk_sectors_with_mocked_requests" time="0.002" /><testcase classname="tests.routes.test_market" name="test_fetch_sectors_falls_back_to_us_sector_etfs" time="0.003" /><testcase classname="tests.routes.test_market" name="test_fetch_sectors_does_not_fall_back_when_lse_valid" time="0.002" /><testcase classname="tests.routes.test_market" name="test_fetch_us_sector_etf_changes_from_download" time="0.024" /><testcase classname="tests.routes.test_market" name="test_fetch_us_sector_etf_changes_partial_missing" time="0.008" /><testcase classname="tests.routes.test_market" name="test_fetch_us_sector_etf_changes_all_missing" time="0.007" /><testcase classname="tests.routes.test_market" name="test_fetch_headlines_with_mocked_news" time="0.002" /><testcase classname="tests.routes.test_market" name="test_fetch_headlines_propagates_stale_flag_from_get_cached_news" time="0.015" /><testcase classname="tests.routes.test_market" name="test_market_overview_default_region_handles_fetch_failures" time="0.011" /><testcase classname="tests.routes.test_market" name="test_market_overview_uk_region_handles_fetch_errors" time="0.011" /><testcase classname="tests.routes.test_market" name="test_market_overview_returns_200" time="0.013" /><testcase classname="tests.routes.test_market" name="test_market_overview_uk_region" time="0.012" /><testcase classname="tests.routes.test_market" name="test_market_overview_fetcher_exception_returns_default" time="0.013" /><testcase classname="tests.routes.test_news" name="test_counter_helpers" time="0.016" /><testcase classname="tests.routes.test_news" name="test_fetch_news_yahoo" time="0.002" /><testcase classname="tests.routes.test_news" name="test_fetch_news_google" time="0.004" /><testcase classname="tests.routes.test_news" name="test_fetch_news_yahoo_populates_published_at_and_source" time="0.002" /><testcase classname="tests.routes.test_news" name="test_fetch_news_google_populates_published_at" time="0.003" /><testcase classname="tests.routes.test_news" name="test_fetch_news_alpha_populates_published_at" time="0.002" /><testcase classname="tests.routes.test_news" name="test_fetch_news_alpha_omits_published_at_when_missing" time="0.002" /><testcase classname="tests.routes.test_news" name="test_fetch_news_fallback" time="0.002" /><testcase classname="tests.routes.test_news" name="test_get_news_quota_and_cache" time="0.429" /><testcase classname="tests.routes.test_news" name="test_get_cached_news_cold_cache_fetches_once" time="0.002" /><testcase classname="tests.routes.test_news" name="test_get_cached_news_flags_stale_cache_on_quota_exhaustion" time="0.002" /><testcase classname="tests.routes.test_news" name="test_get_cached_news_does_not_flag_recent_cache_on_quota_exhaustion" time="0.002" /><testcase classname="tests.routes.test_news" name="test_fetch_news_yahoo_rejects_private_endpoint[aws_metadata]" time="0.002" /><testcase classname="tests.routes.test_news" name="test_fetch_news_yahoo_rejects_private_endpoint[loopback]" time="0.003" /><testcase classname="tests.routes.test_news" name="test_fetch_news_yahoo_rejects_private_endpoint[rfc1918]" time="0.003" /><testcase classname="tests.routes.test_news" name="test_fetch_news_yahoo_rejects_private_endpoint[localhost]" time="0.002" /><testcase classname="tests.routes.test_news" name="test_fetch_news_google_rejects_private_endpoint[aws_metadata]" time="0.002" /><testcase classname="tests.routes.test_news" name="test_fetch_news_google_rejects_private_endpoint[loopback]" time="0.002" /><testcase classname="tests.routes.test_news" name="test_fetch_news_google_rejects_private_endpoint[rfc1918]" time="0.002" /><testcase classname="tests.routes.test_news" name="test_fetch_news_google_rejects_private_endpoint[localhost]" time="0.002" /><testcase classname="tests.routes.test_news" name="test_fetch_news_google_billion_laughs_rejected" time="0.005" /><testcase classname="tests.routes.test_news_helpers" name="test_clean_str_strips_and_ignores_blank_or_non_strings" time="0.003" /><testcase classname="tests.routes.test_news_helpers" name="test_make_news_item_requires_headline_and_url" time="0.002" /><testcase classname="tests.routes.test_news_helpers" name="test_make_news_item_includes_published_at_and_source" time="0.002" /><testcase classname="tests.routes.test_news_helpers" name="test_make_news_item_omits_blank_optional_fields" time="0.002" /><testcase classname="tests.routes.test_news_helpers" name="test_trim_payload_preserves_published_at_and_source" time="0.002" /><testcase classname="tests.routes.test_news_helpers" name="test_parse_epoch_time_handles_values[None-None]" time="0.003" /><testcase classname="tests.routes.test_news_helpers" name="test_parse_epoch_time_handles_values[True-None]" time="0.002" /><testcase classname="tests.routes.test_news_helpers" name="test_parse_epoch_time_handles_values[not-a-number-None]" time="0.003" /><testcase classname="tests.routes.test_news_helpers" name="test_parse_epoch_time_handles_values[0-1970-01-01T00:00:00Z]" time="0.003" /><testcase classname="tests.routes.test_news_helpers" name="test_parse_epoch_time_handles_values[1717245296-2024-06-01T12:34:56Z]" time="0.003" /><testcase classname="tests.routes.test_news_helpers" name="test_parse_epoch_time_handles_values[1717245296.0-2024-06-01T12:34:56Z]" time="0.002" /><testcase classname="tests.routes.test_news_helpers" name="test_parse_rss_time_handles_formats[None-None]" time="0.003" /><testcase classname="tests.routes.test_news_helpers" name="test_parse_rss_time_handles_formats[-None]" time="0.002" /><testcase classname="tests.routes.test_news_helpers" name="test_parse_rss_time_handles_formats[   -None]" time="0.002" /><testcase classname="tests.routes.test_news_helpers" name="test_parse_rss_time_handles_formats[not-a-date-None]" time="0.003" /><testcase classname="tests.routes.test_news_helpers" name="test_parse_rss_time_handles_formats[Sat, 01 Jun 2024 12:34:56 GMT-2024-06-01T12:34:56Z]" time="0.003" /><testcase classname="tests.routes.test_news_helpers" name="test_parse_rss_time_handles_formats[Sat, 01 Jun 2024 14:34:56 +0200-2024-06-01T12:34:56Z]" time="0.003" /><testcase classname="tests.routes.test_news_helpers" name="test_trim_payload_filters_invalid_entries" time="0.002" /><testcase classname="tests.routes.test_news_helpers" name="test_trim_payload_sorts_by_published_at_descending" time="0.002" /><testcase classname="tests.routes.test_news_helpers" name="test_trim_payload_sorts_missing_published_at_last" time="0.002" /><testcase classname="tests.routes.test_news_helpers" name="test_isoformat_normalises_to_utc_seconds" time="0.002" /><testcase classname="tests.routes.test_news_helpers" name="test_parse_alpha_time_handles_formats_and_invalid_values[None-None]" time="0.003" /><testcase classname="tests.routes.test_news_helpers" name="test_parse_alpha_time_handles_formats_and_invalid_values[-None]" time="0.002" /><testcase classname="tests.routes.test_news_helpers" name="test_parse_alpha_time_handles_formats_and_invalid_values[   -None]" time="0.003" /><testcase classname="tests.routes.test_news_helpers" name="test_parse_alpha_time_handles_formats_and_invalid_values[2024-06-01T12:34:56Z-2024-06-01T12:34:56Z]" time="0.002" /><testcase classname="tests.routes.test_news_helpers" name="test_parse_alpha_time_handles_formats_and_invalid_values[2024-06-01T12:34:56+02:00-2024-06-01T10:34:56Z]" time="0.003" /><testcase classname="tests.routes.test_news_helpers" name="test_parse_alpha_time_handles_formats_and_invalid_values[20240601T123456-2024-06-01T12:34:56Z]" time="0.003" /><testcase classname="tests.routes.test_news_helpers" name="test_parse_alpha_time_handles_formats_and_invalid_values[not-a-date-None]" time="0.004" /><testcase classname="tests.routes.test_news_helpers" name="test_get_cached_news_returns_empty_for_blank_ticker" time="0.002" /><testcase classname="tests.routes.test_news_helpers" name="test_get_cached_news_raises_on_quota_exhausted_without_cache" time="0.002" /><testcase classname="tests.routes.test_news_helpers" name="test_warn_if_stale_logs_when_cache_too_old" time="0.003" /><testcase classname="tests.routes.test_news_helpers" name="test_warn_if_stale_silent_when_fresh_or_missing" time="0.003" /><testcase classname="tests.routes.test_news_helpers" name="test_get_cached_news_warns_when_serving_stale_on_quota" time="0.003" /><testcase classname="tests.routes.test_news_helpers" name="test_get_cached_news_warns_when_serving_stale_on_empty_result" time="0.003" /><testcase classname="tests.routes.test_news_helpers" name="test_get_cached_news_reuses_fresh_cache" time="0.002" /><testcase classname="tests.routes.test_nudges_route" name="test_validate_owner_unknown_user" time="0.009" /><testcase classname="tests.routes.test_nudges_route" name="test_subscribe_calls_set_user_nudge" time="0.022" /><testcase classname="tests.routes.test_nudges_route" name="test_snooze_calls_snooze_user" time="0.019" /><testcase classname="tests.routes.test_nudges_route" name="test_list_nudges_gets_recent_nudges" time="0.020" /><testcase classname="tests.routes.test_opportunities_models" name="test_opportunity_entry_defaults" time="0.003" /><testcase classname="tests.routes.test_opportunities_models" name="test_opportunities_context_list_defaults" time="0.002" /><testcase classname="tests.routes.test_opportunities_models" name="test_opportunities_response_default_factories" time="0.002" /><testcase classname="tests.routes.test_pension_routes" name="test_pension_forecast_success" time="0.010" /><testcase classname="tests.routes.test_pension_routes" name="test_pension_forecast_invalid_death_age" time="0.009" /><testcase classname="tests.routes.test_pension_routes" name="test_pension_forecast_missing_dob" time="0.011" /><testcase classname="tests.routes.test_portfolio_group.TestNormaliseFilterValues" name="test_returns_none_for_none" time="0.002" /><testcase classname="tests.routes.test_portfolio_group.TestNormaliseFilterValues" name="test_handles_string_inputs" time="0.002" /><testcase classname="tests.routes.test_portfolio_group.TestNormaliseFilterValues" name="test_handles_iterable_inputs" time="0.002" /><testcase classname="tests.routes.test_portfolio_group.TestAccountMatchesFilters" name="test_matches_when_all_filters_satisfied" time="0.002" /><testcase classname="tests.routes.test_portfolio_group.TestAccountMatchesFilters" name="test_returns_false_when_value_missing" time="0.002" /><testcase classname="tests.routes.test_portfolio_group.TestAccountMatchesFilters" name="test_returns_false_on_mismatched_value" time="0.002" /><testcase classname="tests.routes.test_portfolio_group" name="test_group_instruments_filters_accounts" time="0.023" /><testcase classname="tests.routes.test_portfolio_group" name="test_enrich_movers_with_market_values_uppercase_and_split" time="0.002" /><testcase classname="tests.routes.test_portfolio_helpers" name="test_normalise_owner_entry_enriches_accounts" time="0.017" /><testcase classname="tests.routes.test_portfolio_helpers" name="test_list_owner_summaries_filters_and_normalises" time="0.018" /><testcase classname="tests.routes.test_portfolio_models" name="test_owner_summary_defaults" time="0.002" /><testcase classname="tests.routes.test_portfolio_models" name="test_group_summary_members_default_factory" time="0.002" /><testcase classname="tests.routes.test_portfolio_models" name="test_mover_optional_fields_default_to_none" time="0.002" /><testcase classname="tests.routes.test_portfolio_models" name="test_movers_response_lists_are_isolated" time="0.002" /><testcase classname="tests.routes.test_query" name="test_resolve_tickers" time="0.002" /><testcase classname="tests.routes.test_query" name="test_resolve_tickers_without_filters" time="0.002" /><testcase classname="tests.routes.test_query" name="test_slugify_handles_special_characters" time="0.002" /><testcase classname="tests.routes.test_query" name="test_save_query_local" time="0.013" /><testcase classname="tests.routes.test_query" name="test_s3_helpers" time="0.003" /><testcase classname="tests.routes.test_query" name="test_save_query_s3_missing_bucket" time="0.002" /><testcase classname="tests.routes.test_query" name="test_list_queries_s3_without_bucket" time="0.002" /><testcase classname="tests.routes.test_query" name="test_list_queries_s3_handles_pagination" time="0.002" /><testcase classname="tests.routes.test_query" name="test_load_query_s3_missing_bucket" time="0.003" /><testcase classname="tests.routes.test_query" name="test_load_query_s3_missing_body" time="0.002" /><testcase classname="tests.routes.test_query" name="test_run_query_skips_timeseries_when_no_metrics" time="0.018" /><testcase classname="tests.routes.test_query" name="test_run_query_json" time="0.018" /><testcase classname="tests.routes.test_query" name="test_run_query_csv" time="0.025" /><testcase classname="tests.routes.test_query" name="test_run_query_xlsx" time="0.777" /><testcase classname="tests.routes.test_query" name="test_saved_and_load_local" time="0.037" /><testcase classname="tests.routes.test_query" name="test_saved_and_load_aws" time="0.027" /><testcase classname="tests.routes.test_query" name="test_run_query_without_targets" time="0.014" /><testcase classname="tests.routes.test_query" name="test_run_query_saves_named_query_local" time="0.025" /><testcase classname="tests.routes.test_query" name="test_run_query_saves_named_query_aws" time="0.015" /><testcase classname="tests.routes.test_query" name="test_list_saved_queries_when_missing" time="0.021" /><testcase classname="tests.routes.test_query" name="test_load_query_missing_local_file" time="0.022" /><testcase classname="tests.routes.test_query" name="test_save_query_route_aws" time="0.014" /><testcase classname="tests.routes.test_query" name="test_save_query_route_local" time="0.024" /><testcase classname="tests.routes.test_query" name="test_load_query_local_dotdot_blocked" time="0.010" /><testcase classname="tests.routes.test_query" name="test_save_query_local_dotdot_blocked" time="0.010" /><testcase classname="tests.routes.test_query" name="test_load_query_route_traversal_blocked" time="0.022" /><testcase classname="tests.routes.test_query" name="test_save_query_route_traversal_blocked" time="0.022" /><testcase classname="tests.routes.test_query" name="test_load_query_local_traversal_blocked_regardless_of_dir_config" time="0.012" /><testcase classname="tests.routes.test_query" name="test_load_query_local_fallback_loads_from_repo_dir" time="0.014" /><testcase classname="tests.routes.test_quotes_failures" name="test_quotes_returns_502_on_yfinance_error" time="0.016" /><testcase classname="tests.routes.test_quotes_failures" name="test_quotes_excludes_missing_regular_market_price" time="0.013" /><testcase classname="tests.routes.test_quotes_failures" name="test_quotes_no_symbols_returns_empty_list" time="0.013" /><testcase classname="tests.routes.test_scenario" name="test_run_scenario_multiple_owners_and_missing_data" time="0.003" /><testcase classname="tests.routes.test_scenario" name="test_run_historical_scenario_valid_horizons" time="0.002" /><testcase classname="tests.routes.test_scenario" name="test_run_historical_scenario_invalid_token" time="0.002" /><testcase classname="tests.routes.test_scenario" name="test_run_historical_scenario_missing_identifiers" time="0.002" /><testcase classname="tests.routes.test_screener" name="test_hash_params_stable_and_callable" time="0.002" /><testcase classname="tests.routes.test_screener" name="test_apply_rank_ties_and_nan" time="0.002" /><testcase classname="tests.routes.test_screener" name="test_screener_success" time="0.040" /><testcase classname="tests.routes.test_screener" name="test_screener_cached_path" time="0.038" /><testcase classname="tests.routes.test_screener" name="test_screener_empty_tickers" time="0.037" /><testcase classname="tests.routes.test_screener" name="test_screener_value_error" time="0.035" /><testcase classname="tests.routes.test_screener" name="test_screener_runtime_error" time="0.035" /><testcase classname="tests.routes.test_screener" name="test_background_tasks_scheduled" time="0.008" /><testcase classname="tests.routes.test_support" name="test_post_telegram_happy_path" time="0.017" /><testcase classname="tests.routes.test_support" name="test_portfolio_health_suggestions" time="0.018" /><testcase classname="tests.routes.test_support" name="test_portfolio_health_handles_run_check_errors" time="0.038" /><testcase classname="tests.routes.test_support" name="test_portfolio_health_initial_failure_returns_error" time="0.019" /><testcase classname="tests.routes.test_timeseries_admin" name="test_summarize_fields" time="0.017" /><testcase classname="tests.routes.test_timeseries_admin" name="test_summarize_missing_source" time="0.010" /><testcase classname="tests.routes.test_timeseries_admin" name="test_timeseries_admin_local" time="0.074" /><testcase classname="tests.routes.test_timeseries_admin" name="test_timeseries_admin_no_meta" time="0.013" /><testcase classname="tests.routes.test_timeseries_admin" name="test_timeseries_admin_aws_no_bucket" time="0.004" /><testcase classname="tests.routes.test_timeseries_admin" name="test_timeseries_admin_aws_s3_empty" time="0.004" /><testcase classname="tests.routes.test_timeseries_admin" name="test_timeseries_admin_aws_pagination" time="0.019" /><testcase classname="tests.routes.test_timeseries_admin" name="test_refetch_and_rebuild" time="0.015" /><testcase classname="tests.routes.test_timeseries_edit" name="test_resolve_ticker_exchange_direct[abc-l-expected0]" time="0.003" /><testcase classname="tests.routes.test_timeseries_edit" name="test_resolve_ticker_exchange_direct[abc.l-None-expected1]" time="0.003" /><testcase classname="tests.routes.test_timeseries_edit" name="test_resolve_ticker_exchange_inferred" time="0.002" /><testcase classname="tests.routes.test_timeseries_edit" name="test_resolve_ticker_exchange_error" time="0.002" /><testcase classname="tests.routes.test_timeseries_edit" name="test_post_json_and_get_format" time="0.075" /><testcase classname="tests.routes.test_timeseries_edit" name="test_post_csv_saves_parquet" time="0.050" /><testcase classname="tests.routes.test_timeseries_edit" name="test_get_missing_file" time="0.023" /><testcase classname="tests.routes.test_timeseries_meta" name="test_resolve_with_provided_exchange" time="0.002" /><testcase classname="tests.routes.test_timeseries_meta" name="test_resolve_with_inferred_exchange" time="0.002" /><testcase classname="tests.routes.test_timeseries_meta" name="test_resolve_missing_ticker_error" time="0.002" /><testcase classname="tests.routes.test_timeseries_meta" name="test_resolve_cannot_infer_exchange" time="0.002" /><testcase classname="tests.routes.test_timeseries_meta" name="test_resolve_inferred_path_trusts_internal_data" time="0.002" /><testcase classname="tests.routes.test_timeseries_meta" name="test_resolve_dotted_ticker_no_exchange" time="0.002" /><testcase classname="tests.routes.test_timeseries_meta" name="test_resolve_rejects_unsafe_ticker_exchange[&lt;script&gt;alert(1)&lt;/script&gt;-L]" time="0.002" /><testcase classname="tests.routes.test_timeseries_meta" name="test_resolve_rejects_unsafe_ticker_exchange[ABC-&lt;img src=x onerror=alert(1)&gt;]" time="0.003" /><testcase classname="tests.routes.test_timeseries_meta" name="test_resolve_rejects_unsafe_ticker_exchange[ABC&amp;foo=bar-L]" time="0.003" /><testcase classname="tests.routes.test_timeseries_meta" name="test_resolve_rejects_unsafe_ticker_exchange[ABC&quot;onload=x-L]" time="0.003" /><testcase classname="tests.routes.test_timeseries_meta" name="test_resolve_rejects_unsafe_dotted_ticker_no_exchange[&lt;script&gt;.L]" time="0.002" /><testcase classname="tests.routes.test_timeseries_meta" name="test_resolve_rejects_unsafe_dotted_ticker_no_exchange[ABC.&lt;img&gt;]" time="0.002" /><testcase classname="tests.routes.test_timeseries_meta" name="test_resolve_rejects_unsafe_dotted_ticker_no_exchange[ABC&amp;foo=bar.L]" time="0.002" /><testcase classname="tests.routes.test_timeseries_meta" name="test_timeseries_meta_json_rejects_xss_ticker" time="0.391" /><testcase classname="tests.routes.test_timeseries_meta" name="test_resolve_accepts_underscore_ticker[BRK_B-NYSE]" time="0.003" /><testcase classname="tests.routes.test_timeseries_meta" name="test_resolve_accepts_underscore_ticker[FUND_ETF-L]" time="0.003" /><testcase classname="tests.routes.test_timeseries_meta" name="test_resolve_rejects_oversized_segments[AAAAAAAAAAAAAAAAAAAAAAAAAAAAAAAAAAAAAAAAAAAAAAAAAAA-L]" time="0.003" /><testcase classname="tests.routes.test_timeseries_meta" name="test_resolve_rejects_oversized_segments[AAPL-XXXXXXXXXXXXXXXXXXXXXXXXXXXXXXXXXXXXXXXXXXXXXXXXXXX]" time="0.003" /><testcase classname="tests.routes.test_timeseries_meta" name="test_ticker_symbol_regex_pins_character_class[A-True]" time="0.003" /><testcase classname="tests.routes.test_timeseries_meta" name="test_ticker_symbol_regex_pins_character_class[Z-True]" time="0.003" /><testcase classname="tests.routes.test_timeseries_meta" name="test_ticker_symbol_regex_pins_character_class[0-True]" time="0.003" /><testcase classname="tests.routes.test_timeseries_meta" name="test_ticker_symbol_regex_pins_character_class[9-True]" time="0.003" /><testcase classname="tests.routes.test_timeseries_meta" name="test_ticker_symbol_regex_pins_character_class[_-True]" time="0.003" /><testcase classname="tests.routes.test_timeseries_meta" name="test_ticker_symbol_regex_pins_character_class[--True]" time="0.002" /><testcase classname="tests.routes.test_timeseries_meta" name="test_ticker_symbol_regex_pins_character_class[.-False]" time="0.003" /><testcase classname="tests.routes.test_timeseries_meta" name="test_ticker_symbol_regex_pins_character_class[ -False]" time="0.003" /><testcase classname="tests.routes.test_timeseries_meta" name="test_ticker_symbol_regex_pins_character_class[@-False]" time="0.003" /><testcase classname="tests.routes.test_timeseries_meta" name="test_ticker_symbol_regex_pins_character_class[!-False]" time="0.002" /><testcase classname="tests.routes.test_timeseries_meta" name="test_ticker_symbol_regex_pins_character_class[/-False]" time="0.002" /><testcase classname="tests.routes.test_timeseries_meta" name="test_ticker_symbol_regex_pins_character_class[$-False]" time="0.003" /><testcase classname="tests.routes.test_timeseries_meta" name="test_timeseries_meta_formats_with_scaling[json]" time="0.402" /><testcase classname="tests.routes.test_timeseries_meta" name="test_timeseries_meta_formats_with_scaling[csv]" time="0.394" /><testcase classname="tests.routes.test_timeseries_meta" name="test_timeseries_meta_formats_with_scaling[html]" time="0.365" /><testcase classname="tests.routes.test_timeseries_meta" name="test_timeseries_html_success" time="0.366" /><testcase classname="tests.routes.test_timeseries_meta" name="test_timeseries_html_fallback" time="0.399" /><testcase classname="tests.routes.test_timeseries_meta" name="test_explicit_start_and_end_date" time="0.395" /><testcase classname="tests.routes.test_timeseries_meta" name="test_open_start_only_end_date" time="0.652" /><testcase classname="tests.routes.test_timeseries_meta" name="test_open_end_only_start_date" time="0.375" /><testcase classname="tests.routes.test_timeseries_meta" name="test_neither_date_param_uses_days" time="0.376" /><testcase classname="tests.routes.test_timeseries_meta" name="test_invalid_range_returns_422" time="0.376" /><testcase classname="tests.routes.test_timeseries_meta" name="test_single_day_range" time="0.369" /><testcase classname="tests.routes.test_timeseries_meta" name="test_malformed_date_returns_4xx" time="0.401" /><testcase classname="tests.routes.test_timeseries_meta" name="test_html_shows_date_range" time="0.333" /><testcase classname="tests.routes.test_timeseries_meta" name="test_csv_with_date_range" time="0.348" /><testcase classname="tests.routes.test_timeseries_meta" name="test_explicit_start_date_ignores_days" time="0.371" /><testcase classname="tests.routes.test_timeseries_meta" name="test_load_called_with_resolved_dates" time="0.366" /><testcase classname="tests.routes.test_timeseries_meta" name="test_end_date_with_days_derives_start" time="0.374" /><testcase classname="tests.routes.test_timeseries_meta" name="test_days_zero_with_end_date_means_all_history" time="0.355" /><testcase classname="tests.routes.test_timeseries_meta" name="test_timeseries_meta_html_user_input_xss_rejected_by_validation[&lt;script&gt;alert(1)&lt;/script&gt;-L]" time="0.355" /><testcase classname="tests.routes.test_timeseries_meta" name="test_timeseries_meta_html_user_input_xss_rejected_by_validation[ABC-&quot;&gt;&lt;img src=x onerror=alert(1)&gt;]" time="0.349" /><testcase classname="tests.routes.test_timeseries_meta" name="test_timeseries_html_xss_not_reflected[&lt;script&gt;alert(1)&lt;/script&gt;-&amp;lt;script&amp;gt;]" time="0.351" /><testcase classname="tests.routes.test_timeseries_meta" name="test_timeseries_html_xss_not_reflected[&quot;&gt;&lt;img src=x onerror=alert(1)&gt;-&amp;lt;img]" time="0.379" /><testcase classname="tests.routes.test_timeseries_meta" name="test_timeseries_meta_html_xss_ticker_from_resolver_is_rejected" time="0.347" /><testcase classname="tests.routes.test_timeseries_meta" name="test_timeseries_meta_html_xss_exchange_from_resolver_is_rejected" time="0.370" /><testcase classname="tests.routes.test_timeseries_meta" name="test_timeseries_html_xss_ticker_column_in_dataframe_is_escaped" time="0.361" /><testcase classname="tests.routes.test_timeseries_meta" name="test_timeseries_meta_json_output_not_html_escaped" time="0.645" /><testcase classname="tests.routes.test_timeseries_meta" name="test_timeseries_meta_csv_output_not_html_escaped" time="0.393" /><testcase classname="tests.routes.test_timeseries_meta" name="test_timeseries_meta_scaling_xss_rejected" time="0.371" /><testcase classname="tests.routes.test_trading_agent" name="test_basic_response_model_validation" time="0.424" /><testcase classname="tests.routes.test_trading_agent" name="test_notify_email" time="0.398" /><testcase classname="tests.routes.test_trading_agent" name="test_notify_telegram_env_gating" time="0.392" /><testcase classname="tests.routes.test_trading_agent" name="test_telegram_send_failure_is_logged_sanitised" time="0.419" /><testcase classname="tests.routes.test_trading_agent" name="test_no_signals" time="0.423" /><testcase classname="tests.routes.test_trail_routes" name="test_trail_routes[True]" time="0.723" /><testcase classname="tests.routes.test_trail_routes" name="test_trail_routes[False]" time="0.765" /><testcase classname="tests.screener.test_screener" name="test_parse_float" time="0.004" /><testcase classname="tests.screener.test_screener" name="test_parse_int" time="0.002" /><testcase classname="tests.screener.test_screener" name="test_fetch_fundamentals_caching_and_ttl" time="0.003" /><testcase classname="tests.screener.test_screener" name="test_screen_filters_multiple_tickers[kwargs0-expected0]" time="0.003" /><testcase classname="tests.screener.test_screener" name="test_screen_filters_multiple_tickers[kwargs1-expected1]" time="0.018" /><testcase classname="tests.screener.test_screener" name="test_screen_filters_multiple_tickers[kwargs2-expected2]" time="0.003" /><testcase classname="tests.scripts.test_c_triage_issues" name="test_is_scoped_apart_matches_tracked_separately" time="0.003" /><testcase classname="tests.scripts.test_c_triage_issues" name="test_is_scoped_apart_matches_out_of_scope" time="0.002" /><testcase classname="tests.scripts.test_c_triage_issues" name="test_referenced_issue_numbers_extracts_all_refs" time="0.002" /><testcase classname="tests.scripts.test_c_triage_issues" name="test_find_candidate_groups_unions_cross_referencing_issues" time="0.002" /><testcase classname="tests.scripts.test_c_triage_issues" name="test_find_candidate_groups_respects_scope_apart_guard" time="0.002" /><testcase classname="tests.scripts.test_c_triage_issues" name="test_find_candidate_groups_ignores_refs_outside_the_unmilestoned_set" time="0.002" /><testcase classname="tests.scripts.test_c_triage_issues" name="test_parse_classifications_reads_number_and_label" time="0.002" /><testcase classname="tests.scripts.test_c_triage_issues" name="test_classify_single_issue_detects_new_feature" time="0.002" /><testcase classname="tests.scripts.test_c_triage_issues" name="test_classify_single_issue_defaults_to_backlog" time="0.002" /><testcase classname="tests.scripts.test_c_triage_issues" name="test_fetch_unmilestoned_open_issues_filters_milestoned" time="0.002" /><testcase classname="tests.scripts.test_c_triage_issues" name="test_fetch_unmilestoned_open_issues_populates_body_from_batch" time="0.002" /><testcase classname="tests.scripts.test_c_triage_issues" name="test_fetch_unmilestoned_open_issues_exits_on_gh_failure" time="0.003" /><testcase classname="tests.scripts.test_c_triage_issues" name="test_run_gh_retries_transient_failure_then_succeeds" time="0.003" /><testcase classname="tests.scripts.test_c_triage_issues" name="test_run_gh_gives_up_after_max_retries" time="0.003" /><testcase classname="tests.scripts.test_c_triage_issues" name="test_close_issue_dry_run_does_not_call_gh" time="0.003" /><testcase classname="tests.scripts.test_c_triage_issues" name="test_close_issue_calls_gh_with_not_planned_reason" time="0.002" /><testcase classname="tests.scripts.test_c_triage_issues" name="test_assign_milestone_calls_gh_edit" time="0.002" /><testcase classname="tests.scripts.test_c_triage_issues" name="test_comment_new_feature_never_touches_milestone" time="0.002" /><testcase classname="tests.scripts.test_c_triage_issues" name="test_create_consolidator_issue_dry_run_returns_none_and_skips_gh" time="0.002" /><testcase classname="tests.scripts.test_c_triage_issues" name="test_create_consolidator_issue_parses_issue_number" time="0.003" /><testcase classname="tests.scripts.test_c_triage_issues" name="test_create_consolidator_issue_returns_none_on_failure" time="0.003" /><testcase classname="tests.scripts.test_c_triage_issues" name="test_triage_group_closes_duplicate_keeping_lowest_number" time="0.002" /><testcase classname="tests.scripts.test_c_triage_issues" name="test_triage_group_does_not_close_canonical_even_if_flagged_duplicate" time="0.002" /><testcase classname="tests.scripts.test_c_triage_issues" name="test_triage_group_folds_multiple_fold_candidates_into_consolidator" time="0.002" /><testcase classname="tests.scripts.test_c_triage_issues" name="test_triage_group_single_fold_candidate_is_left_unhandled" time="0.002" /><testcase classname="tests.scripts.test_c_triage_issues" name="test_triage_group_new_feature_is_commented_and_handled" time="0.002" /><testcase classname="tests.scripts.test_c_triage_issues" name="test_triage_remaining_assigns_milestone_to_backlog_issues" time="0.002" /><testcase classname="tests.scripts.test_c_triage_issues" name="test_triage_remaining_skips_milestone_for_new_feature" time="0.002" /><testcase classname="tests.scripts.test_check_account_slug_collisions" name="test_local_slugs_lists_subdirectories" time="0.016" /><testcase classname="tests.scripts.test_check_account_slug_collisions" name="test_local_slugs_missing_directory_returns_empty" time="0.009" /><testcase classname="tests.scripts.test_check_account_slug_collisions" name="test_remote_slugs_parses_common_prefixes" time="0.968" /><testcase classname="tests.scripts.test_check_account_slug_collisions" name="test_new_local_slug_is_not_a_collision" time="0.029" /><testcase classname="tests.scripts.test_check_account_slug_collisions" name="test_same_owner_reslug_is_not_a_collision" time="0.035" /><testcase classname="tests.scripts.test_check_account_slug_collisions" name="test_different_owner_same_slug_is_a_collision" time="0.032" /><testcase classname="tests.scripts.test_check_account_slug_collisions" name="test_missing_remote_person_json_is_not_treated_as_collision" time="0.037" /><testcase classname="tests.scripts.test_check_account_slug_collisions" name="test_missing_local_person_json_is_not_treated_as_collision" time="0.028" /><testcase classname="tests.scripts.test_check_account_slug_collisions" name="test_main_forwards_region_and_profile_to_boto_session" time="0.014" /><testcase classname="tests.scripts.test_check_account_slug_collisions" name="test_main_defaults_region_and_profile_to_none" time="0.012" /><testcase classname="tests.scripts.test_check_cdk_diff_iam_removals" name="test_no_iam_table_means_no_removals" time="0.002" /><testcase classname="tests.scripts.test_check_cdk_diff_iam_removals" name="test_flags_removed_allow_grant_for_deploy_role" time="0.002" /><testcase classname="tests.scripts.test_check_cdk_diff_iam_removals" name="test_replace_pair_is_not_flagged" time="0.002" /><testcase classname="tests.scripts.test_check_cdk_diff_iam_removals" name="test_removed_grant_for_unrelated_role_is_not_flagged" time="0.003" /><testcase classname="tests.scripts.test_check_cdk_diff_iam_removals" name="test_removed_deny_statement_is_not_flagged" time="0.002" /><testcase classname="tests.scripts.test_check_cdk_diff_iam_removals" name="test_main_returns_zero_for_clean_diff" time="0.012" /><testcase classname="tests.scripts.test_check_cdk_diff_iam_removals" name="test_main_returns_one_for_removed_grant" time="0.011" /><testcase classname="tests.scripts.test_check_cdk_diff_iam_removals" name="test_flags_removed_s3_grant_for_portfolio_data_bucket" time="0.003" /><testcase classname="tests.scripts.test_check_cdk_diff_iam_removals" name="test_flags_removal_after_blank_line_mid_table" time="0.002" /><testcase classname="tests.scripts.test_check_cdk_diff_iam_removals" name="test_flags_removal_in_ansi_colored_diff" time="0.003" /><testcase classname="tests.scripts.test_check_cdk_diff_iam_removals" name="test_main_reads_from_stdin" time="0.003" /><testcase classname="tests.scripts.test_check_contract_version_sync.TestExtractContractVersion" name="test_python_style_single_quotes" time="0.011" /><testcase classname="tests.scripts.test_check_contract_version_sync.TestExtractContractVersion" name="test_typescript_style_double_quotes" time="0.011" /><testcase classname="tests.scripts.test_check_contract_version_sync.TestExtractContractVersion" name="test_mismatched_quotes_not_matched" time="0.011" /><testcase classname="tests.scripts.test_check_contract_version_sync.TestExtractContractVersion" name="test_missing_definition_raises" time="0.011" /><testcase classname="tests.scripts.test_check_contract_version_sync.TestExtractContractVersion" name="test_duplicate_definition_raises" time="0.011" /><testcase classname="tests.scripts.test_check_contract_version_sync.TestExtractContractVersion" name="test_full_line_comment_is_ignored" time="0.011" /><testcase classname="tests.scripts.test_check_contract_version_sync.TestExtractContractVersion" name="test_typescript_full_line_comment_is_ignored" time="0.011" /><testcase classname="tests.scripts.test_check_contract_version_sync.TestExtractContractVersion" name="test_inline_comment_with_old_version_is_stripped" time="0.010" /><testcase classname="tests.scripts.test_check_contract_version_sync.TestExtractContractVersion" name="test_typescript_inline_comment_with_old_version_is_stripped" time="0.011" /><testcase classname="tests.scripts.test_check_contract_version_sync.TestExtractContractVersion" name="test_file_not_found_propagates" time="0.010" /><testcase classname="tests.scripts.test_check_contract_version_sync.TestMain" name="test_versions_match_returns_0" time="0.013" /><testcase classname="tests.scripts.test_check_contract_version_sync.TestMain" name="test_versions_mismatch_returns_1" time="0.013" /><testcase classname="tests.scripts.test_check_contract_version_sync.TestMain" name="test_missing_file_returns_1" time="0.011" /><testcase classname="tests.scripts.test_check_contract_version_sync.TestMain" name="test_version_not_found_returns_1" time="0.013" /><testcase classname="tests.scripts.test_check_lockfile_platform_coverage.TestPlatformsInLockfile" name="test_collects_os_values_from_optional_packages" time="0.011" /><testcase classname="tests.scripts.test_check_lockfile_platform_coverage.TestPlatformsInLockfile" name="test_ignores_non_optional_packages" time="0.011" /><testcase classname="tests.scripts.test_check_lockfile_platform_coverage.TestPlatformsInLockfile" name="test_no_platform_restricted_packages_returns_empty_set" time="0.011" /><testcase classname="tests.scripts.test_check_lockfile_platform_coverage.TestMain" name="test_full_platform_coverage_returns_0" time="0.012" /><testcase classname="tests.scripts.test_check_lockfile_platform_coverage.TestMain" name="test_missing_linux_platform_returns_1" time="0.012" /><testcase classname="tests.scripts.test_check_lockfile_platform_coverage.TestMain" name="test_no_platform_restricted_packages_is_not_a_failure" time="0.012" /><testcase classname="tests.scripts.test_check_lockfile_platform_coverage.TestMain" name="test_missing_lockfile_is_skipped" time="0.010" /><testcase classname="tests.scripts.test_check_lockfile_platform_coverage.TestMain" name="test_multiple_lockfiles_report_all_failures" time="0.013" /><testcase classname="tests.scripts.test_check_portfolio_health" name="test_notify_slack_no_webhook" time="0.002" /><testcase classname="tests.scripts.test_check_portfolio_health" name="test_notify_slack_with_webhook" time="0.002" /><testcase classname="tests.scripts.test_check_portfolio_health" name="test_notify_slack_failure_logs_warning" time="0.003" /><testcase classname="tests.scripts.test_check_portfolio_health" name="test_run_check_drawdown_and_missing" time="0.012" /><testcase classname="tests.scripts.test_check_portfolio_health" name="test_main_logs_warning_and_info" time="0.003" /><testcase classname="tests.scripts.test_deepseek_pr_review_workflow" name="test_deep_review_required_label_selects_reasoner_model_and_larger_token_budget" time="0.020" /><testcase classname="tests.scripts.test_deepseek_pr_review_workflow" name="test_unrelated_labels_select_empty_overrides_so_script_defaults_apply" time="0.017" /><testcase classname="tests.scripts.test_deepseek_pr_review_workflow" name="test_no_labels_select_empty_overrides_so_script_defaults_apply" time="0.017" /><testcase classname="tests.scripts.test_deepseek_pr_review_workflow" name="test_job_runs_on_synchronize_regardless_of_labels" time="0.018" /><testcase classname="tests.scripts.test_deepseek_pr_review_workflow" name="test_job_runs_when_deep_review_required_label_added" time="0.017" /><testcase classname="tests.scripts.test_deepseek_pr_review_workflow" name="test_job_re_evaluates_when_deep_review_required_label_removed" time="0.017" /><testcase classname="tests.scripts.test_deepseek_pr_review_workflow" name="test_job_skips_when_unrelated_label_added_or_removed" time="0.032" /><testcase classname="tests.scripts.test_deepseek_pr_review_workflow" name="test_job_skips_for_dependabot" time="0.017" /><testcase classname="tests.scripts.test_deepseek_pr_review_workflow" name="test_job_skips_when_review_disabled_via_repo_var" time="0.016" /><testcase classname="tests.scripts.test_deploy_lambda_workflow" name="test_deploy_workflow_warms_price_snapshot" time="0.168" /><testcase classname="tests.scripts.test_deploy_lambda_workflow" name="test_deploy_workflow_verify_price_snapshot_fails_hard_on_non_404" time="0.138" /><testcase classname="tests.scripts.test_deploy_lambda_workflow" name="test_deploy_workflow_verify_price_snapshot_retries_transient_s3_errors" time="0.158" /><testcase classname="tests.scripts.test_deploy_lambda_workflow" name="test_deploy_workflow_gh_api_with_retry_uses_single_page_sorted_lookup" time="0.154" /><testcase classname="tests.scripts.test_deploy_lambda_workflow" name="test_deploy_workflow_gh_api_with_retry_includes_stderr_in_warnings" time="0.166" /><testcase classname="tests.scripts.test_deploy_lambda_workflow" name="test_deploy_workflow_gh_api_with_retry_budgets_elapsed_time" time="0.154" /><testcase classname="tests.scripts.test_deploy_lambda_workflow" name="test_deploy_workflow_cognito_retry_documents_why_it_remains" time="0.154" /><testcase classname="tests.scripts.test_fetch_cloudwatch_logs" name="test_rejects_non_numeric_lookback_seconds" time="0.118" /><testcase classname="tests.scripts.test_fetch_cloudwatch_logs" name="test_rejects_negative_lookback_seconds" time="0.084" /><testcase classname="tests.scripts.test_fetch_cloudwatch_logs" name="test_filters_none_and_prints_log_events" time="0.345" /><testcase classname="tests.scripts.test_fetch_cloudwatch_logs" name="test_no_log_events_prints_placeholder" time="0.282" /><testcase classname="tests.scripts.test_fetch_cloudwatch_logs" name="test_aws_cli_failure_still_exits_zero_under_set_dash_e" time="0.254" /><testcase classname="tests.scripts.test_frontend_smoke_workflow" name="test_frontend_smoke_build_preview_before_playwright" time="0.057" /><testcase classname="tests.scripts.test_frontend_smoke_workflow" name="test_verify_smoke_tests_needs_existing_job" time="0.154" /><testcase classname="tests.scripts.test_frontend_smoke_workflow" name="test_frontend_smoke_builds_preview_before_running_playwright" time="0.052" /><testcase classname="tests.scripts.test_frontend_smoke_workflow" name="test_deploy_workflow_verify_smoke_tests_references_existing_job" time="0.169" /><testcase classname="tests.scripts.test_frontend_smoke_workflow" name="test_deploy_lambda_step_order" time="0.155" /><testcase classname="tests.scripts.test_issue_2581_strict_var_parser" name="test_check_var_structure_accepts_nested_var_payload" time="0.003" /><testcase classname="tests.scripts.test_issue_2581_strict_var_parser" name="test_check_var_structure_rejects_payload_without_numeric_var" time="0.003" /><testcase classname="tests.scripts.test_issue_2581_strict_var_parser" name="test_check_var_structure_accepts_alternative_horizon_key" time="0.003" /><testcase classname="tests.scripts.test_issue_2581_strict_var_parser" name="test_check_var_structure_accepts_legacy_flat_var_value" time="0.002" /><testcase classname="tests.scripts.test_issue_2581_strict_var_parser" name="test_check_var_structure_rejects_non_horizon_numeric_nested_key" time="0.003" /><testcase classname="tests.scripts.test_issue_2581_strict_var_parser" name="test_check_var_structure_rejects_zero_or_negative_var" time="0.003" /><testcase classname="tests.scripts.test_issue_2581_strict_var_parser" name="test_check_var_structure_rejects_non_dict_payload" time="0.002" /><testcase classname="tests.scripts.test_issue_2581_strict_var_parser" name="test_check_var_structure_does_not_false_positive_on_string_content" time="0.002" /><testcase classname="tests.scripts.test_issue_2581_strict_var_parser" name="test_check_var_structure_rejects_boolean_horizon_values" time="0.002" /><testcase classname="tests.scripts.test_issue_2581_strict_var_parser" name="test_check_var_structure_rejects_infinite_horizon_value" time="0.002" /><testcase classname="tests.scripts.test_issue_2581_strict_var_parser" name="test_validate_var_payload_file_accepts_valid_payload" time="0.012" /><testcase classname="tests.scripts.test_issue_2581_strict_var_parser" name="test_strict_runner_delegates_to_shared_var_validator" time="0.004" /><testcase classname="tests.scripts.test_l_dependabot_auto_merge" name="test_checks_have_passed_true_when_all_success" time="0.002" /><testcase classname="tests.scripts.test_l_dependabot_auto_merge" name="test_checks_have_passed_false_when_empty" time="0.002" /><testcase classname="tests.scripts.test_l_dependabot_auto_merge" name="test_checks_have_passed_false_when_one_failing" time="0.002" /><testcase classname="tests.scripts.test_l_dependabot_auto_merge" name="test_checks_have_passed_false_when_pending" time="0.002" /><testcase classname="tests.scripts.test_l_dependabot_auto_merge" name="test_is_mergeable_true_when_clean" time="0.002" /><testcase classname="tests.scripts.test_l_dependabot_auto_merge" name="test_is_mergeable_true_when_only_behind_main" time="0.002" /><testcase classname="tests.scripts.test_l_dependabot_auto_merge" name="test_is_mergeable_false_when_dirty" time="0.002" /><testcase classname="tests.scripts.test_l_dependabot_auto_merge" name="test_is_mergeable_false_when_conflicting_even_if_state_looks_clean" time="0.003" /><testcase classname="tests.scripts.test_l_dependabot_auto_merge" name="test_is_mergeable_false_when_mergeable_is_none_and_state_empty" time="0.002" /><testcase classname="tests.scripts.test_l_dependabot_auto_merge" name="test_is_mergeable_false_when_state_unknown" time="0.002" /><testcase classname="tests.scripts.test_l_dependabot_auto_merge" name="test_fetch_open_dependabot_prs_parses_payload" time="0.002" /><testcase classname="tests.scripts.test_l_dependabot_auto_merge" name="test_fetch_open_dependabot_prs_exits_on_gh_failure" time="0.003" /><testcase classname="tests.scripts.test_l_dependabot_auto_merge" name="test_fetch_mergeability_parses_payload" time="0.002" /><testcase classname="tests.scripts.test_l_dependabot_auto_merge" name="test_fetch_mergeability_returns_unknown_on_gh_failure" time="0.002" /><testcase classname="tests.scripts.test_l_dependabot_auto_merge" name="test_resolve_mergeability_skips_refetch_when_already_known" time="0.002" /><testcase classname="tests.scripts.test_l_dependabot_auto_merge" name="test_resolve_mergeability_refetches_when_unknown" time="0.002" /><testcase classname="tests.scripts.test_l_dependabot_auto_merge" name="test_resolve_mergeability_retries_then_gives_up" time="0.002" /><testcase classname="tests.scripts.test_l_dependabot_auto_merge" name="test_process_pr_refreshes_mergeability_before_checking" time="0.002" /><testcase classname="tests.scripts.test_l_dependabot_auto_merge" name="test_process_pr_skips_when_checks_not_passed" time="0.002" /><testcase classname="tests.scripts.test_l_dependabot_auto_merge" name="test_process_pr_skips_when_not_mergeable" time="0.003" /><testcase classname="tests.scripts.test_l_dependabot_auto_merge" name="test_process_pr_force_merges_when_green_and_only_behind_default_strategy" time="0.003" /><testcase classname="tests.scripts.test_l_dependabot_auto_merge" name="test_process_pr_merges_directly_when_clean" time="0.002" /><testcase classname="tests.scripts.test_l_dependabot_auto_merge" name="test_process_pr_behind_strategy_update_branch" time="0.002" /><testcase classname="tests.scripts.test_l_dependabot_auto_merge" name="test_process_pr_behind_strategy_skip" time="0.003" /><testcase classname="tests.scripts.test_l_dependabot_auto_merge" name="test_process_pr_propagates_merge_failure" time="0.003" /><testcase classname="tests.scripts.test_l_dependabot_auto_merge" name="test_process_pr_propagates_update_branch_failure" time="0.002" /><testcase classname="tests.scripts.test_l_dependabot_auto_merge" name="test_update_branch_dry_run_does_not_call_gh" time="0.003" /><testcase classname="tests.scripts.test_l_dependabot_auto_merge" name="test_update_branch_calls_gh_pr_update_branch" time="0.003" /><testcase classname="tests.scripts.test_l_dependabot_auto_merge" name="test_update_branch_returns_false_on_gh_failure" time="0.003" /><testcase classname="tests.scripts.test_l_dependabot_auto_merge" name="test_update_branch_does_not_retry" time="0.003" /><testcase classname="tests.scripts.test_l_dependabot_auto_merge" name="test_merge_and_delete_dry_run_does_not_call_gh" time="0.003" /><testcase classname="tests.scripts.test_l_dependabot_auto_merge" name="test_merge_and_delete_calls_gh_pr_merge" time="0.002" /><testcase classname="tests.scripts.test_l_dependabot_auto_merge" name="test_merge_and_delete_omits_match_head_commit_when_sha_unknown" time="0.002" /><testcase classname="tests.scripts.test_l_dependabot_auto_merge" name="test_merge_and_delete_returns_false_on_gh_failure" time="0.003" /><testcase classname="tests.scripts.test_l_dependabot_auto_merge" name="test_merge_and_delete_adds_admin_flag_when_requested" time="0.003" /><testcase classname="tests.scripts.test_l_dependabot_auto_merge" name="test_merge_and_delete_omits_admin_flag_by_default" time="0.003" /><testcase classname="tests.scripts.test_l_dependabot_auto_merge" name="test_merge_and_delete_does_not_retry" time="0.002" /><testcase classname="tests.scripts.test_l_dependabot_auto_merge" name="test_merge_and_delete_refuses_protected_branch" time="0.003" /><testcase classname="tests.scripts.test_l_dependabot_auto_merge" name="test_resolve_repo_uses_explicit_flag" time="0.002" /><testcase classname="tests.scripts.test_l_dependabot_auto_merge" name="test_resolve_repo_rejects_malformed_explicit_flag" time="0.002" /><testcase classname="tests.scripts.test_l_dependabot_auto_merge" name="test_resolve_repo_parses_https_git_remote" time="0.003" /><testcase classname="tests.scripts.test_l_dependabot_auto_merge" name="test_resolve_repo_parses_ssh_git_remote" time="0.003" /><testcase classname="tests.scripts.test_l_dependabot_auto_merge" name="test_resolve_repo_falls_back_when_remote_lookup_fails" time="0.002" /><testcase classname="tests.scripts.test_l_dependabot_auto_merge" name="test_run_gh_returns_failing_result_on_timeout" time="0.003" /><testcase classname="tests.scripts.test_publish_pr" name="test_get_changed_files_uses_origin_prefixed_default_branch" time="0.002" /><testcase classname="tests.scripts.test_publish_pr" name="test_get_changed_files_defaults_to_origin_main" time="0.002" /><testcase classname="tests.scripts.test_run_ci_checks" name="test_select_checks_preserves_catalog_order" time="0.003" /><testcase classname="tests.scripts.test_run_ci_checks" name="test_noninteractive_invocation_requires_selection" time="0.003" /><testcase classname="tests.scripts.test_run_ci_checks" name="test_dry_run_does_not_start_processes" time="0.003" /><testcase classname="tests.scripts.test_run_ci_checks" name="test_keep_going_runs_remaining_commands" time="0.003" /><testcase classname="tests.tasks.test_quotes" name="test_fetch_quote_success" time="0.007" /><testcase classname="tests.tasks.test_quotes" name="test_fetch_quote_http_error" time="0.002" /><testcase classname="tests.tasks.test_quotes" name="test_save_quotes_filters_none" time="0.004" /><testcase classname="tests.tasks.test_quotes" name="test_lambda_handler_uses_event_symbols" time="0.003" /><testcase classname="tests.tasks.test_quotes" name="test_lambda_handler_reads_env_symbols" time="0.004" /><testcase classname="tests.test_accounts_api" name="test_owners_endpoint_matches_sample_data" time="0.440"><skipped type="pytest.xfail" message="To fix" /></testcase><testcase classname="tests.test_accounts_api" name="test_account_route_returns_data[alice-accounts0]" time="0.017" /><testcase classname="tests.test_accounts_api" name="test_account_route_returns_data[demo-accounts1]" time="0.017" /><testcase classname="tests.test_accounts_api" name="test_account_route_returns_data[demo-owner-accounts2]" time="0.017" /><testcase classname="tests.test_accounts_api" name="test_account_route_adds_missing_account_type" time="0.447" /><testcase classname="tests.test_agent_stats_route" name="test_agent_stats_route" time="0.013" /><testcase classname="tests.test_ai_review_scripts" name="test_claude_review_uses_current_default_model_and_allows_override" time="0.005" /><testcase classname="tests.test_ai_review_scripts" name="test_deepseek_review_uses_current_default_model_and_allows_override" time="0.010" /><testcase classname="tests.test_ai_review_scripts" name="test_review_script_exits_when_api_key_missing[gpt_review_test-gpt_review.py-OPENAI_API_KEY]" time="0.007" /><testcase classname="tests.test_ai_review_scripts" name="test_review_script_exits_when_api_key_missing[claude_review_test-claude_review.py-ANTHROPIC_API_KEY]" time="0.004" /><testcase classname="tests.test_ai_review_scripts" name="test_review_script_exits_when_api_key_missing[deepseek_review_test-deepseek_review.py-DEEPSEEK_API_KEY]" time="0.004" /><testcase classname="tests.test_ai_review_scripts" name="test_review_script_exits_cleanly_on_empty_diff[gpt_review_empty-gpt_review.py-OPENAI_API_KEY-GPT]" time="0.005" /><testcase classname="tests.test_ai_review_scripts" name="test_review_script_exits_cleanly_on_empty_diff[claude_review_empty-claude_review.py-ANTHROPIC_API_KEY-Claude]" time="0.004" /><testcase classname="tests.test_ai_review_scripts" name="test_review_script_exits_cleanly_on_empty_diff[deepseek_review_empty-deepseek_review.py-DEEPSEEK_API_KEY-DeepSeek]" time="0.005" /><testcase classname="tests.test_ai_review_scripts" name="test_review_script_prints_review_on_mocked_api_success[gpt_review_success-gpt_review.py-OPENAI_API_KEY-payload0]" time="0.005" /><testcase classname="tests.test_ai_review_scripts" name="test_review_script_prints_review_on_mocked_api_success[claude_review_success-claude_review.py-ANTHROPIC_API_KEY-payload1]" time="0.005" /><testcase classname="tests.test_ai_review_scripts" name="test_review_script_prints_review_on_mocked_api_success[deepseek_review_success-deepseek_review.py-DEEPSEEK_API_KEY-payload2]" time="0.005" /><testcase classname="tests.test_ai_review_scripts" name="test_review_script_includes_discussion_in_prompt[gpt_review_discussion-gpt_review.py-OPENAI_API_KEY-payload0]" time="0.005" /><testcase classname="tests.test_ai_review_scripts" name="test_review_script_includes_discussion_in_prompt[claude_review_discussion-claude_review.py-ANTHROPIC_API_KEY-payload1]" time="0.004" /><testcase classname="tests.test_ai_review_scripts" name="test_review_script_includes_discussion_in_prompt[deepseek_review_discussion-deepseek_review.py-DEEPSEEK_API_KEY-payload2]" time="0.005" /><testcase classname="tests.test_ai_review_scripts" name="test_review_script_exits_on_empty_api_response[gpt_review_empty_choices-gpt_review.py-OPENAI_API_KEY-payload0-ERROR: OpenAI API returned an empty review]" time="0.005" /><testcase classname="tests.test_ai_review_scripts" name="test_review_script_exits_on_empty_api_response[gpt_review_empty_content-gpt_review.py-OPENAI_API_KEY-payload1-ERROR: OpenAI API returned an empty review]" time="0.005" /><testcase classname="tests.test_ai_review_scripts" name="test_review_script_exits_on_empty_api_response[claude_review_empty_content-claude_review.py-ANTHROPIC_API_KEY-payload2-ERROR: Claude API returned an empty review]" time="0.005" /><testcase classname="tests.test_ai_review_scripts" name="test_review_script_exits_on_empty_api_response[deepseek_review_empty_choices-deepseek_review.py-DEEPSEEK_API_KEY-payload3-ERROR: DeepSeek API returned an empty review]" time="0.005" /><testcase classname="tests.test_ai_review_scripts" name="test_review_script_exits_on_empty_api_response[deepseek_review_empty_content-deepseek_review.py-DEEPSEEK_API_KEY-payload4-ERROR: DeepSeek API returned an empty review]" time="0.005" /><testcase classname="tests.test_ai_review_scripts" name="test_review_script_reports_mocked_api_failure[gpt_review_failure-gpt_review.py-OPENAI_API_KEY-ERROR: OpenAI API returned 500: upstream broke]" time="6.006" /><testcase classname="tests.test_ai_review_scripts" name="test_review_script_reports_mocked_api_failure[claude_review_failure-claude_review.py-ANTHROPIC_API_KEY-ERROR: Claude API returned 500: upstream broke]" time="6.007" /><testcase classname="tests.test_ai_review_scripts" name="test_review_script_reports_mocked_api_failure[deepseek_review_failure-deepseek_review.py-DEEPSEEK_API_KEY-ERROR: DeepSeek API returned 500: upstream broke]" time="6.007" /><testcase classname="tests.test_ai_review_scripts" name="test_review_script_reports_mocked_url_error[gpt_review_url_error-gpt_review.py-OPENAI_API_KEY-ERROR: OpenAI API request failed: timed out]" time="6.010" /><testcase classname="tests.test_ai_review_scripts" name="test_review_script_reports_mocked_url_error[claude_review_url_error-claude_review.py-ANTHROPIC_API_KEY-ERROR: Claude API request failed: timed out]" time="6.007" /><testcase classname="tests.test_ai_review_scripts" name="test_review_script_reports_mocked_url_error[deepseek_review_url_error-deepseek_review.py-DEEPSEEK_API_KEY-ERROR: DeepSeek API request failed: timed out]" time="6.007" /><testcase classname="tests.test_ai_review_scripts" name="test_review_script_reports_mocked_non_json_response[gpt_review_bad_json-gpt_review.py-OPENAI_API_KEY-ERROR: OpenAI API returned non-JSON response]" time="0.006" /><testcase classname="tests.test_ai_review_scripts" name="test_review_script_reports_mocked_non_json_response[claude_review_bad_json-claude_review.py-ANTHROPIC_API_KEY-ERROR: Claude API returned non-JSON response]" time="0.005" /><testcase classname="tests.test_ai_review_scripts" name="test_review_script_reports_mocked_non_json_response[deepseek_review_bad_json-deepseek_review.py-DEEPSEEK_API_KEY-ERROR: DeepSeek API returned non-JSON response]" time="0.007" /><testcase classname="tests.test_ai_review_scripts" name="test_default_globs_include_codeowners_file" time="0.909" /><testcase classname="tests.test_ai_review_scripts" name="test_default_globs_include_config_file_extensions" time="0.888" /><testcase classname="tests.test_ai_review_scripts" name="test_collect_discussion_returns_empty_when_no_comments" time="0.007" /><testcase classname="tests.test_ai_review_scripts" name="test_collect_discussion_filters_to_after_last_review_and_excludes_bots" time="0.003" /><testcase classname="tests.test_ai_review_scripts" name="test_collect_discussion_anchors_to_inline_review_comment" time="0.003" /><testcase classname="tests.test_ai_review_scripts" name="test_collect_discussion_includes_everything_when_no_prior_review" time="0.003" /><testcase classname="tests.test_ai_review_scripts" name="test_collect_discussion_truncates_long_discussion" time="0.005" /><testcase classname="tests.test_ai_review_scripts" name="test_collect_discussion_respects_custom_max_chars" time="0.005" /><testcase classname="tests.test_ai_review_scripts" name="test_parse_args_default_max_chars_is_backward_compatible" time="0.005" /><testcase classname="tests.test_ai_review_scripts" name="test_parse_args_accepts_custom_max_chars" time="0.004" /><testcase classname="tests.test_ai_review_scripts" name="test_gh_api_list_parses_paginated_json_arrays" time="0.003" /><testcase classname="tests.test_ai_review_scripts.TestFilterBinaryFiles" name="test_empty_diff" time="0.002" /><testcase classname="tests.test_ai_review_scripts.TestFilterBinaryFiles" name="test_text_only_diff_is_unchanged" time="0.002" /><testcase classname="tests.test_ai_review_scripts.TestFilterBinaryFiles" name="test_binary_only_diff_becomes_empty" time="0.003" /><testcase classname="tests.test_ai_review_scripts.TestFilterBinaryFiles" name="test_mixed_diff_keeps_only_text_files" time="0.003" /><testcase classname="tests.test_ai_review_scripts.TestFilterBinaryFiles" name="test_git_binary_patch_form_is_also_filtered" time="0.002" /><testcase classname="tests.test_ai_review_scripts.TestFilterBinaryFiles" name="test_renamed_binary_file_is_filtered" time="0.002" /><testcase classname="tests.test_alert_thresholds_route" name="test_get_threshold_success" time="0.018" /><testcase classname="tests.test_alert_thresholds_route" name="test_get_threshold_owner_mismatch" time="0.017" /><testcase classname="tests.test_alert_thresholds_route" name="test_get_threshold_error" time="0.015" /><testcase classname="tests.test_alert_thresholds_route" name="test_set_threshold_success" time="0.016" /><testcase classname="tests.test_alert_thresholds_route" name="test_set_threshold_error" time="0.027" /><testcase classname="tests.test_alerts" name="test_publish_alert_without_config" time="0.003" /><testcase classname="tests.test_alerts" name="test_publish_alert_success" time="0.002" /><testcase classname="tests.test_alerts" name="test_per_instrument_throttling" time="0.003" /><testcase classname="tests.test_alerts" name="test_publish_only_on_state_change" time="0.003" /><testcase classname="tests.test_alerts" name="test_publish_failure_does_not_throttle" time="0.003" /><testcase classname="tests.test_alerts_notifications" name="test_send_push_notification_no_subscriptions" time="0.002" /><testcase classname="tests.test_alerts_notifications" name="test_send_push_notification_missing_vapid" time="0.003" /><testcase classname="tests.test_alerts_notifications" name="test_send_push_notification_webpush_success" time="0.002" /><testcase classname="tests.test_alerts_notifications" name="test_send_push_notification_webpush_failure_fallback" time="0.003" /><testcase classname="tests.test_alerts_notifications" name="test_evaluate_drift_publishes_alert" time="0.002" /><testcase classname="tests.test_alerts_notifications" name="test_evaluate_drift_uses_user_threshold_default" time="0.002" /><testcase classname="tests.test_alerts_storage" name="test_parse_thresholds_parses_valid_entries" time="0.002" /><testcase classname="tests.test_alerts_storage" name="test_parse_thresholds_discards_invalid_entries" time="0.003" /><testcase classname="tests.test_alerts_storage" name="test_parse_thresholds_returns_empty_for_invalid_data" time="0.003" /><testcase classname="tests.test_alerts_storage" name="test_parse_subscriptions_discards_non_dict_entries" time="0.003" /><testcase classname="tests.test_alerts_storage" name="test_parse_thresholds_sanitises_key_in_warning_log" time="0.003" /><testcase classname="tests.test_alerts_storage" name="test_parse_subscriptions_sanitises_user_in_warning_log" time="0.003" /><testcase classname="tests.test_alerts_storage" name="test_load_settings_uses_local_when_no_bucket" time="0.002" /><testcase classname="tests.test_alerts_storage" name="test_load_settings_falls_back_to_local_on_s3_error" time="0.007" /><testcase classname="tests.test_alerts_storage" name="test_load_settings_does_not_retry_missing_s3_key" time="0.002" /><testcase classname="tests.test_alerts_storage" name="test_load_settings_s3_error_falls_back_to_local_once" time="0.003" /><testcase classname="tests.test_alerts_storage" name="test_load_settings_uses_s3_when_available" time="0.002" /><testcase classname="tests.test_alerts_storage" name="test_save_settings_uses_local_when_no_bucket" time="0.002" /><testcase classname="tests.test_alerts_storage" name="test_save_settings_writes_to_s3_when_configured" time="0.002" /><testcase classname="tests.test_alerts_storage" name="test_load_subscriptions_uses_local_when_no_bucket" time="0.002" /><testcase classname="tests.test_alerts_storage" name="test_load_subscriptions_falls_back_to_local_on_s3_error" time="0.004" /><testcase classname="tests.test_alerts_storage" name="test_load_subscriptions_does_not_retry_missing_s3_key" time="0.002" /><testcase classname="tests.test_alerts_storage" name="test_load_subscriptions_s3_error_falls_back_to_local_once" time="0.004" /><testcase classname="tests.test_alerts_storage" name="test_load_subscriptions_uses_s3_when_available" time="0.002" /><testcase classname="tests.test_alerts_storage" name="test_save_subscriptions_uses_local_when_no_bucket" time="0.002" /><testcase classname="tests.test_alerts_storage" name="test_save_subscriptions_writes_to_s3_when_configured" time="0.002" /><testcase classname="tests.test_alerts_storage" name="test_send_push_notification_no_subscriptions" time="0.002" /><testcase classname="tests.test_alerts_storage" name="test_send_push_notification_missing_vapid" time="0.002" /><testcase classname="tests.test_alerts_storage" name="test_send_push_notification_webpush_success" time="0.003" /><testcase classname="tests.test_alerts_storage" name="test_send_push_notification_webpush_failure_falls_back" time="0.003" /><testcase classname="tests.test_alerts_storage" name="test_evaluate_drift_publishes_alert" time="0.002" /><testcase classname="tests.test_alerts_storage" name="test_evaluate_drift_uses_user_specific_default" time="0.002" /><testcase classname="tests.test_alerts_storage" name="test_threshold_and_subscription_persistence" time="0.002" /><testcase classname="tests.test_alphavantage_disabled" name="test_alphavantage_timeseries_disabled" time="0.003" /><testcase classname="tests.test_alphavantage_disabled" name="test_fetch_quote_raises_when_disabled" time="0.002" /><testcase classname="tests.test_alphavantage_errors" name="test_information_field_propagated" time="0.002" /><testcase classname="tests.test_alphavantage_errors" name="test_information_field_propagated_when_disabled" time="0.002" /><testcase classname="tests.test_alphavantage_rate_limit" name="test_http_429_raises_rate_limit_error" time="0.002" /><testcase classname="tests.test_alphavantage_rate_limit" name="test_note_field_triggers_rate_limit" time="0.002" /><testcase classname="tests.test_alphavantage_rate_limit" name="test_meta_timeseries_handles_av_rate_limit" time="0.014" /><testcase classname="tests.test_app" name="test_health_env_variable" time="0.402" /><testcase classname="tests.test_app" name="test_startup_warms_snapshot" time="0.082" /><testcase classname="tests.test_app" name="test_skip_snapshot_warm" time="0.082" /><testcase classname="tests.test_app" name="test_create_app_registers_rebalance_route" time="0.713" /><testcase classname="tests.test_app" name="test_docs_url_is_removed" time="0.407" /><testcase classname="tests.test_app" name="test_api_console_no_auth_local_dev" time="0.342" /><testcase classname="tests.test_app" name="test_api_console_accessible_when_auth_disabled" time="0.329" /><testcase classname="tests.test_app" name="test_api_console_admin_check[admin@example.com-False-admin@example.com-200]" time="0.492" /><testcase classname="tests.test_app" name="test_api_console_admin_check[admin@example.com-False-other@example.com-403]" time="0.489" /><testcase classname="tests.test_app" name="test_api_console_admin_check[admin@example.com-True-admin@example.com-200]" time="0.424" /><testcase classname="tests.test_app" name="test_api_console_admin_check[admin@example.com-True-other@example.com-403]" time="0.387" /><testcase classname="tests.test_app" name="test_api_console_admin_check[Admin@Example.COM-False-admin@example.com-200]" time="0.455" /><testcase classname="tests.test_app" name="test_api_console_admin_check[-False-anyone@example.com-403]" time="0.466" /><testcase classname="tests.test_app" name="test_api_console_admin_check[-True-anyone@example.com-200]" time="0.410" /><testcase classname="tests.test_app" name="test_whoami_requires_admin" time="0.436" /><testcase classname="tests.test_app" name="test_whoami_returns_claims_for_admin" time="0.417" /><testcase classname="tests.test_app" name="test_whoami_reports_token_absent" time="0.416" /><testcase classname="tests.test_app" name="test_whoami_malformed_token" time="0.419" /><testcase classname="tests.test_app" name="test_whoami_email_not_in_admin_emails" time="0.416" /><testcase classname="tests.test_app" name="test_health_returns_200_when_prime_latest_prices_fails" time="0.415" /><testcase classname="tests.test_app" name="test_health_returns_200_when_update_latest_prices_fails" time="0.421" /><testcase classname="tests.test_app" name="test_api_console_returns_401_when_unauthenticated" time="0.862" /><testcase classname="tests.test_app" name="test_openapi_json_still_accessible" time="1.177" /><testcase classname="tests.test_auth" name="test_allowed_emails_local_filesystem" time="0.016" /><testcase classname="tests.test_auth" name="test_allowed_emails_local_relative_root" time="0.018" /><testcase classname="tests.test_auth" name="test_allowed_emails_local_fallback_handles_errors" time="0.015" /><testcase classname="tests.test_auth" name="test_allowed_emails_aws_s3_error" time="0.007" /><testcase classname="tests.test_auth" name="test_create_and_decode_token_round_trip" time="0.003" /><testcase classname="tests.test_auth" name="test_decode_token_invalid_returns_none" time="0.004" /><testcase classname="tests.test_auth" name="test_decode_token_expired_raises_http_exception" time="0.004" /><testcase classname="tests.test_auth" name="test_user_from_token_missing_token_raises_http_exception" time="0.003" /><testcase classname="tests.test_auth" name="test_verify_google_token_success" time="0.003" /><testcase classname="tests.test_auth" name="test_verify_google_token_missing_client_id" time="0.002" /><testcase classname="tests.test_auth" name="test_verify_google_token_unverified_email" time="0.003" /><testcase classname="tests.test_auth" name="test_verify_google_token_rejects_unknown_email" time="0.003" /><testcase classname="tests.test_auth" name="test_verify_google_token_verification_failure" time="0.003" /><testcase classname="tests.test_auth" name="test_verify_google_token_missing_email" time="0.003" /><testcase classname="tests.test_auth" name="test_verify_google_token_no_allowed_emails" time="0.004" /><testcase classname="tests.test_auth" name="test_get_current_user_valid_token" time="0.005" /><testcase classname="tests.test_auth" name="test_get_current_user_invalid_token" time="0.005" /><testcase classname="tests.test_auth" name="test_get_active_user_auth_enabled" time="0.006" /><testcase classname="tests.test_auth" name="test_get_current_user_returns_local_identity_when_disabled" time="0.006" /><testcase classname="tests.test_auth" name="test_get_current_user_returns_token_user_when_decode_succeeds" time="0.006" /><testcase classname="tests.test_auth" name="test_get_current_user_reads_email_claim_when_token_not_app_jwt" time="0.006" /><testcase classname="tests.test_auth" name="test_get_current_user_rejects_unrecognized_email_claim" time="0.011" /><testcase classname="tests.test_auth" name="test_get_current_user_disabled_without_identity" time="0.006" /><testcase classname="tests.test_auth" name="test_get_current_user_enabled_without_token" time="0.006" /><testcase classname="tests.test_auth" name="test_missing_secret_key_generates_ephemeral_secret" time="0.006" /><testcase classname="tests.test_auth" name="test_missing_secret_key_in_production_raises" time="0.004" /><testcase classname="tests.test_auth" name="test_authenticate_user_delegates_to_verification" time="0.002" /><testcase classname="tests.test_auth" name="test_verify_cognito_token_success" time="0.003" /><testcase classname="tests.test_auth" name="test_get_jwks_client_caches_by_issuer" time="0.003" /><testcase classname="tests.test_auth" name="test_verify_cognito_token_rejects_cognito_prefixed_non_aws_issuer" time="0.004" /><testcase classname="tests.test_auth" name="test_verify_cognito_token_rejects_unsupported_issuer" time="0.003" /><testcase classname="tests.test_auth_aws" name="test_allowed_emails_from_s3" time="0.004" /><testcase classname="tests.test_auth_aws" name="test_allowed_emails_logs_s3_error" time="0.006" /><testcase classname="tests.test_auth_aws" name="test_allowed_emails_s3_handles_pagination" time="0.003" /><testcase classname="tests.test_auth_aws" name="test_allowed_emails_s3_filters_invalid_entries" time="0.003" /><testcase classname="tests.test_auth_get_active_user" name="test_get_active_user_respects_sync_override[asyncio-app]" time="0.008" /><testcase classname="tests.test_auth_get_active_user" name="test_get_active_user_respects_sync_override[asyncio-router]" time="0.006" /><testcase classname="tests.test_auth_get_active_user" name="test_get_active_user_awaits_async_override[asyncio-app]" time="0.006" /><testcase classname="tests.test_auth_get_active_user" name="test_get_active_user_awaits_async_override[asyncio-router]" time="0.006" /><testcase classname="tests.test_auth_get_active_user" name="test_get_active_user_respects_sync_direct_override[asyncio-app]" time="0.007" /><testcase classname="tests.test_auth_get_active_user" name="test_get_active_user_respects_sync_direct_override[asyncio-router]" time="0.007" /><testcase classname="tests.test_auth_get_active_user" name="test_get_active_user_respects_async_direct_override[asyncio-app]" time="0.007" /><testcase classname="tests.test_auth_get_active_user" name="test_get_active_user_respects_async_direct_override[asyncio-router]" time="0.006" /><testcase classname="tests.test_auth_get_active_user" name="test_get_active_user_invokes_token_helper_when_disabled[asyncio]" time="0.006" /><testcase classname="tests.test_auth_get_active_user" name="test_get_active_user_reads_email_claim_from_unverified_cognito_token[asyncio]" time="0.005" /><testcase classname="tests.test_auth_get_active_user" name="test_get_active_user_rejects_unrecognized_email_claim_instead_of_local_fallback[asyncio]" time="0.007" /><testcase classname="tests.test_auth_get_active_user" name="test_get_active_user_rejects_token_with_no_email_claim[asyncio]" time="0.006" /><testcase classname="tests.test_auth_get_active_user" name="test_get_active_user_returns_none_when_disabled_without_token[asyncio]" time="0.006" /><testcase classname="tests.test_auth_get_active_user" name="test_get_active_user_returns_local_identity[asyncio]" time="0.006" /><testcase classname="tests.test_auth_get_active_user" name="test_get_active_user_respects_sync_override[trio-app]" time="0.007" /><testcase classname="tests.test_auth_get_active_user" name="test_get_active_user_respects_sync_override[trio-router]" time="0.006" /><testcase classname="tests.test_auth_get_active_user" name="test_get_active_user_awaits_async_override[trio-app]" time="0.006" /><testcase classname="tests.test_auth_get_active_user" name="test_get_active_user_awaits_async_override[trio-router]" time="0.006" /><testcase classname="tests.test_auth_get_active_user" name="test_get_active_user_respects_sync_direct_override[trio-app]" time="0.007" /><testcase classname="tests.test_auth_get_active_user" name="test_get_active_user_respects_sync_direct_override[trio-router]" time="0.007" /><testcase classname="tests.test_auth_get_active_user" name="test_get_active_user_respects_async_direct_override[trio-app]" time="0.006" /><testcase classname="tests.test_auth_get_active_user" name="test_get_active_user_respects_async_direct_override[trio-router]" time="0.006" /><testcase classname="tests.test_auth_get_active_user" name="test_get_active_user_invokes_token_helper_when_disabled[trio]" time="0.006" /><testcase classname="tests.test_auth_get_active_user" name="test_get_active_user_reads_email_claim_from_unverified_cognito_token[trio]" time="0.006" /><testcase classname="tests.test_auth_get_active_user" name="test_get_active_user_rejects_unrecognized_email_claim_instead_of_local_fallback[trio]" time="0.006" /><testcase classname="tests.test_auth_get_active_user" name="test_get_active_user_rejects_token_with_no_email_claim[trio]" time="0.006" /><testcase classname="tests.test_auth_get_active_user" name="test_get_active_user_returns_none_when_disabled_without_token[trio]" time="0.005" /><testcase classname="tests.test_auth_get_active_user" name="test_get_active_user_returns_local_identity[trio]" time="0.007" /><testcase classname="tests.test_auth_get_active_user" name="test_allowed_emails_missing_accounts_root" time="0.013" /><testcase classname="tests.test_auth_google" name="test_token_requires_configured_email" time="0.521" /><testcase classname="tests.test_auth_google" name="test_token_rejects_malformed_json_body" time="0.494" /><testcase classname="tests.test_auth_google" name="test_token_accepts_form_username_login" time="0.514" /><testcase classname="tests.test_auth_google" name="test_token_rejects_non_string_json_id_token" time="0.467" /><testcase classname="tests.test_auth_google" name="test_token_openapi_documents_json_and_form_payloads" time="0.777" /><testcase classname="tests.test_auth_overrides" name="test_iter_override_mappings_deduplicates_and_orders" time="0.001" /><testcase classname="tests.test_auth_overrides" name="test_iter_override_mappings_handles_missing_app" time="0.002" /><testcase classname="tests.test_auth_overrides" name="test_iter_override_mappings_accepts_gettable_objects" time="0.001" /><testcase classname="tests.test_auth_overrides" name="test_iter_override_mappings_ignores_non_mapping_candidates" time="0.001" /><testcase classname="tests.test_auth_overrides" name="test_invoke_override_injects_token_and_request" time="0.003" /><testcase classname="tests.test_auth_overrides" name="test_invoke_override_supports_async_callables" time="0.003" /><testcase classname="tests.test_auth_overrides" name="test_invoke_override_handles_request_annotations" time="0.004" /><testcase classname="tests.test_auth_overrides" name="test_find_override_matches_unwrapped_functions" time="0.001" /><testcase classname="tests.test_auth_overrides" name="test_find_override_uses_mapping_get" time="0.001" /><testcase classname="tests.test_auth_overrides" name="test_find_override_skips_non_callable_items" time="0.002" /><testcase classname="tests.test_auth_overrides" name="test_find_override_returns_none_for_missing_identity" time="0.001" /><testcase classname="tests.test_auth_overrides" name="test_find_override_matches_direct_dependency" time="0.002" /><testcase classname="tests.test_auth_overrides" name="test_find_override_matches_via_unwrapped_identity" time="0.001" /><testcase classname="tests.test_auth_overrides" name="test_find_override_matches_via_unwrap_target" time="0.001" /><testcase classname="tests.test_auth_overrides" name="test_resolve_current_user_override_invokes_override" time="0.004" /><testcase classname="tests.test_auth_overrides" name="test_resolve_current_user_override_handles_missing" time="0.003" /><testcase classname="tests.test_auth_utils" name="test_create_and_decode_token_round_trip" time="0.001" /><testcase classname="tests.test_auth_utils" name="test_decode_token_invalid_returns_none" time="0.002" /><testcase classname="tests.test_auth_utils" name="test_verify_google_token_rejects_when_no_allowed_emails" time="0.009" /><testcase classname="tests.test_auth_utils" name="test_verify_google_token_rejects_unverified_email" time="0.007" /><testcase classname="tests.test_auth_utils" name="test_emails_for_person_meta_includes_owner_email_and_viewers" time="0.001" /><testcase classname="tests.test_auth_utils" name="test_emails_for_person_meta_handles_none" time="0.001" /><testcase classname="tests.test_auth_utils" name="test_allowed_emails_includes_viewer_emails" time="0.009" /><testcase classname="tests.test_auto_rebalance_task" name="test_lambda_handler_suggests_trades" time="0.006" /><testcase classname="tests.test_auto_rebalance_task" name="test_schedule_runs_once" time="0.002" /><testcase classname="tests.test_backend_api" name="test_owners_in_disable_auth_mode" time="0.192"><skipped type="pytest.xfail" message="To fix" /></testcase><testcase classname="tests.test_backend_api" name="test_demo_owner_present_with_explicit_root" time="0.140" /><testcase classname="tests.test_backend_api" name="test_health" time="0.014" /><testcase classname="tests.test_backend_api" name="test_owners" time="0.016" /><testcase classname="tests.test_backend_api" name="test_groups" time="0.012" /><testcase classname="tests.test_backend_api" name="test_valid_group_portfolio" time="0.018" /><testcase classname="tests.test_backend_api" name="test_invalid_group_portfolio" time="0.009" /><testcase classname="tests.test_backend_api" name="test_valid_portfolio" time="0.022" /><testcase classname="tests.test_backend_api" name="test_invalid_portfolio" time="0.013" /><testcase classname="tests.test_backend_api" name="test_valid_account" time="0.037" /><testcase classname="tests.test_backend_api" name="test_invalid_account" time="0.012" /><testcase classname="tests.test_backend_api" name="test_prices_refresh" time="0.010" /><testcase classname="tests.test_backend_api" name="test_prices_live_explicit_tickers" time="0.013" /><testcase classname="tests.test_backend_api" name="test_prices_live_missing_timestamp" time="0.036" /><testcase classname="tests.test_backend_api" name="test_prices_live_defaults_to_portfolio_universe" time="0.011" /><testcase classname="tests.test_backend_api" name="test_group_instruments" time="0.080" /><testcase classname="tests.test_backend_api" name="test_transactions_endpoint" time="0.012" /><testcase classname="tests.test_backend_api" name="test_post_transaction_persists_and_updates_portfolio" time="0.064" /><testcase classname="tests.test_backend_api" name="test_post_transaction_invalid_fields[date-not-a-date]" time="0.030" /><testcase classname="tests.test_backend_api" name="test_post_transaction_invalid_fields[units--5]" time="0.032" /><testcase classname="tests.test_backend_api" name="test_post_transaction_missing_reason" time="0.031" /><testcase classname="tests.test_backend_api" name="test_compliance_endpoint" time="0.025" /><testcase classname="tests.test_backend_api" name="test_compliance_invalid_owner" time="0.011" /><testcase classname="tests.test_backend_api" name="test_instrument_detail_valid" time="1.480"><skipped type="pytest.skip" message="No instrument with available price data">C:\Users\steph\workspace\GitHub\allotmint\tests\test_backend_api.py:500: No instrument with available price data</skipped></testcase><testcase classname="tests.test_backend_api" name="test_instrument_detail_not_found" time="0.388" /><testcase classname="tests.test_backend_api" name="test_yahoo_timeseries_html" time="0.258" /><testcase classname="tests.test_backend_api" name="test_alerts_endpoint" time="0.038" /><testcase classname="tests.test_backend_api" name="test_screener_endpoint" time="0.036" /><testcase classname="tests.test_backend_api" name="test_hash_params_helper" time="0.003" /><testcase classname="tests.test_backend_api" name="test_var_endpoint_default" time="0.012"><skipped type="pytest.skip" message="VaR endpoint requires data unavailable in offline mode">C:\Users\steph\workspace\GitHub\allotmint\tests\test_backend_api.py:585: VaR endpoint requires data unavailable in offline mode</skipped></testcase><testcase classname="tests.test_backend_api" name="test_var_endpoint_params[10-0.9]" time="0.011"><skipped type="pytest.skip" message="VaR endpoint requires data unavailable in offline mode">C:\Users\steph\workspace\GitHub\allotmint\tests\test_backend_api.py:598: VaR endpoint requires data unavailable in offline mode</skipped></testcase><testcase classname="tests.test_backend_api" name="test_var_endpoint_params[30-0.99]" time="0.013"><skipped type="pytest.skip" message="VaR endpoint requires data unavailable in offline mode">C:\Users\steph\workspace\GitHub\allotmint\tests\test_backend_api.py:598: VaR endpoint requires data unavailable in offline mode</skipped></testcase><testcase classname="tests.test_broker_api" name="test_recent_trades_parsing_and_headers" time="0.002" /><testcase classname="tests.test_broker_api" name="test_recent_trades_exception" time="0.003" /><testcase classname="tests.test_broker_api" name="test_recent_trades_rejects_private_base_url[aws_metadata]" time="0.003" /><testcase classname="tests.test_broker_api" name="test_recent_trades_rejects_private_base_url[loopback]" time="0.001" /><testcase classname="tests.test_broker_api" name="test_recent_trades_rejects_private_base_url[rfc1918]" time="0.001" /><testcase classname="tests.test_broker_api" name="test_recent_trades_rejects_private_base_url[rfc1918_192]" time="0.001" /><testcase classname="tests.test_broker_api" name="test_recent_trades_rejects_private_base_url[localhost]" time="0.001" /><testcase classname="tests.test_cash_timeseries" name="test_cash_timeseries_constant_one" time="0.008" /><testcase classname="tests.test_cash_timeseries" name="test_cash_ticker_no_skip_logged" time="0.007" /><testcase classname="tests.test_check_new_log_sanitisation" name="test_added_line_numbers_only_counts_plus_lines" time="0.577" /><testcase classname="tests.test_check_new_log_sanitisation" name="test_added_line_numbers_for_pure_append" time="0.535" /><testcase classname="tests.test_check_new_log_sanitisation" name="test_added_line_numbers_empty_for_unstaged_file" time="0.500" /><testcase classname="tests.test_check_new_log_sanitisation" name="test_is_backend_python_file[backend/alerts.py-True]" time="0.003" /><testcase classname="tests.test_check_new_log_sanitisation" name="test_is_backend_python_file[backend/routes/config.py-True]" time="0.002" /><testcase classname="tests.test_check_new_log_sanitisation" name="test_is_backend_python_file[backend/logging_setup.py-False]" time="0.002" /><testcase classname="tests.test_check_new_log_sanitisation" name="test_is_backend_python_file[backend/tests/test_alerts.py-False]" time="0.003" /><testcase classname="tests.test_check_new_log_sanitisation" name="test_is_backend_python_file[tests/test_alerts.py-False]" time="0.002" /><testcase classname="tests.test_check_new_log_sanitisation" name="test_is_backend_python_file[frontend/src/main.tsx-False]" time="0.001" /><testcase classname="tests.test_check_new_log_sanitisation" name="test_is_backend_python_file[backend/README.md-False]" time="0.001" /><testcase classname="tests.test_check_new_log_sanitisation" name="test_main_flags_new_unwrapped_call_but_not_grandfathered_ones" time="0.001" /><testcase classname="tests.test_check_new_log_sanitisation" name="test_main_passes_when_no_new_lines_are_unwrapped" time="0.001" /><testcase classname="tests.test_check_new_log_sanitisation" name="test_main_ignores_non_backend_files" time="0.001" /><testcase classname="tests.test_claude_guidance" name="test_claude_has_cdk_infrastructure_section" time="0.004" /><testcase classname="tests.test_claude_guidance" name="test_claude_has_read_before_writing_rules" time="0.002" /><testcase classname="tests.test_claude_guidance" name="test_claude_requires_handler_trace_evidence_for_iam_changes" time="0.001" /><testcase classname="tests.test_clean_accounts" name="test_simplify_account_file" time="0.016" /><testcase classname="tests.test_clean_accounts" name="test_main_writes_to_simplified_directory" time="0.017" /><testcase classname="tests.test_comment_formats" name="test_to_jsonl_preserves_all_fields" time="0.002" /><testcase classname="tests.test_comment_formats" name="test_to_jsonl_multi_line" time="0.001" /><testcase classname="tests.test_comment_formats" name="test_to_fixer_inline_with_path_and_line" time="0.002" /><testcase classname="tests.test_comment_formats" name="test_to_fixer_inline_missing_path_falls_back_to_general" time="0.001" /><testcase classname="tests.test_comment_formats" name="test_to_fixer_inline_missing_line_falls_back_to_general" time="0.001" /><testcase classname="tests.test_comment_formats" name="test_to_fixer_top_level" time="0.002" /><testcase classname="tests.test_comment_formats" name="test_to_fixer_unknown_type" time="0.002" /><testcase classname="tests.test_comment_formats" name="test_to_fixer_multiline_body_indentation" time="0.002" /><testcase classname="tests.test_comment_formats" name="test_to_fixer_inline_multiline_body" time="0.001" /><testcase classname="tests.test_comment_formats" name="test_to_fixer_preserves_body_verbatim" time="0.001" /><testcase classname="tests.test_comment_formats" name="test_to_fixer_omits_id_and_created_at" time="0.001" /><testcase classname="tests.test_comment_formats" name="test_to_fixer_empty_body" time="0.002" /><testcase classname="tests.test_comment_formats" name="test_to_jsonl_format_exact_output" time="0.002" /><testcase classname="tests.test_commit_and_push.TestGetGitRoot" name="test_successful_fetch" time="0.003" /><testcase classname="tests.test_commit_and_push.TestGetGitRoot" name="test_not_a_git_repo" time="0.003" /><testcase classname="tests.test_commit_and_push.TestStageChanges" name="test_stages_specific_files" time="0.003" /><testcase classname="tests.test_commit_and_push.TestStageChanges" name="test_stages_all_when_no_files_given" time="0.002" /><testcase classname="tests.test_commit_and_push.TestStageChanges" name="test_failure_exits_cleanly" time="0.003" /><testcase classname="tests.test_commit_and_push.TestHasStagedChanges" name="test_true_when_diff_exit_code_one" time="0.004" /><testcase classname="tests.test_commit_and_push.TestHasStagedChanges" name="test_false_when_no_diff" time="0.004" /><testcase classname="tests.test_commit_and_push.TestHasStagedChanges" name="test_git_error_raises_instead_of_reporting_changes" time="0.003" /><testcase classname="tests.test_commit_and_push.TestGetStagedDiff" name="test_returns_diff_output" time="0.002" /><testcase classname="tests.test_commit_and_push.TestGetStagedDiff" name="test_failure_exits_cleanly" time="0.003" /><testcase classname="tests.test_commit_and_push.TestBuildCommitPrompt" name="test_includes_issue_reference_when_present" time="0.001" /><testcase classname="tests.test_commit_and_push.TestBuildCommitPrompt" name="test_no_issue_reference_when_absent" time="0.002" /><testcase classname="tests.test_commit_and_push.TestGenerateCommitMessage" name="test_empty_diff_returns_none" time="0.002" /><testcase classname="tests.test_commit_and_push.TestGenerateCommitMessage" name="test_returns_stripped_message" time="0.002" /><testcase classname="tests.test_commit_and_push.TestGenerateCommitMessage" name="test_ollama_failure_returns_none" time="0.003" /><testcase classname="tests.test_commit_and_push.TestEnsureIssueReference" name="test_appends_ref_when_missing" time="0.002" /><testcase classname="tests.test_commit_and_push.TestEnsureIssueReference" name="test_no_change_when_already_present" time="0.002" /><testcase classname="tests.test_commit_and_push.TestEnsureIssueReference" name="test_no_change_when_no_issue_id" time="0.001" /><testcase classname="tests.test_commit_and_push.TestCommitChanges" name="test_success" time="0.003" /><testcase classname="tests.test_commit_and_push.TestCommitChanges" name="test_failure" time="0.003" /><testcase classname="tests.test_commit_and_push.TestMain" name="test_no_changes_to_commit" time="0.007" /><testcase classname="tests.test_commit_and_push.TestMain" name="test_commits_and_pushes_with_explicit_message" time="0.007" /><testcase classname="tests.test_commit_and_push.TestMain" name="test_forwards_selected_files_to_staging" time="0.006" /><testcase classname="tests.test_commit_and_push.TestMain" name="test_no_push_flag_skips_push" time="0.006" /><testcase classname="tests.test_commit_and_push.TestMain" name="test_commit_failure_exits_nonzero" time="0.006" /><testcase classname="tests.test_commit_and_push.TestMain" name="test_push_failure_exits_nonzero" time="0.006" /><testcase classname="tests.test_compliance_route" name="test_compliance_owner_route" time="0.331" /><testcase classname="tests.test_compliance_route" name="test_validate_trade" time="0.359" /><testcase classname="tests.test_compliance_route" name="test_validate_trade_commodity_etf_requires_approval" time="0.306" /><testcase classname="tests.test_compliance_route" name="test_validate_trade_missing_owner" time="0.326" /><testcase classname="tests.test_compliance_route" name="test_validate_trade_unknown_owner_returns_404_without_scaffold" time="0.339" /><testcase classname="tests.test_compliance_route" name="test_validate_trade_when_owner_discovery_fails" time="0.316" /><testcase classname="tests.test_compliance_route" name="test_validate_trade_accepts_owner_directories_even_when_filtered" time="0.614" /><testcase classname="tests.test_compliance_route" name="test_compliance_unknown_owner_does_not_create_directory" time="0.269" /><testcase classname="tests.test_config" name="test_config_alias_settings" time="0.001" /><testcase classname="tests.test_config" name="test_config_loads_fundamentals_ttl" time="0.030" /><testcase classname="tests.test_config" name="test_tabs_defaults_true" time="0.028" /><testcase classname="tests.test_config" name="test_theme_loaded" time="0.027" /><testcase classname="tests.test_config" name="test_family_mvp_flags_default_when_missing" time="0.047" /><testcase classname="tests.test_config" name="test_family_mvp_flag_none_falls_back_to_default" time="0.037" /><testcase classname="tests.test_config" name="test_family_mvp_flags_load_from_ui_section" time="0.036" /><testcase classname="tests.test_config" name="test_stooq_timeout_loaded" time="0.020" /><testcase classname="tests.test_config" name="test_timeseries_cache_base_env_override" time="0.067" /><testcase classname="tests.test_config" name="test_skip_snapshot_warm_env_override" time="0.145" /><testcase classname="tests.test_config" name="test_auth_flags" time="0.104" /><testcase classname="tests.test_config" name="test_demo_identity_override" time="0.061" /><testcase classname="tests.test_config" name="test_smoke_identity_override" time="0.044" /><testcase classname="tests.test_config" name="test_local_login_email_override" time="0.034" /><testcase classname="tests.test_config" name="test_allowed_emails_loaded_lowercase" time="0.076" /><testcase classname="tests.test_config" name="test_telegram_credentials_loaded_from_env" time="0.041" /><testcase classname="tests.test_config" name="test_telegram_credentials_absent_when_env_unset" time="0.027" /><testcase classname="tests.test_config" name="test_compromised_token_not_loaded_as_default" time="0.038" /><testcase classname="tests.test_config" name="test_allowed_emails_env_override" time="0.061" /><testcase classname="tests.test_config" name="test_cors_origins_env_override" time="0.076" /><testcase classname="tests.test_config" name="test_reload_preserves_monkeypatched_allowed_emails" time="0.081" /><testcase classname="tests.test_config" name="test_reload_prefers_canonical_auth_section_over_legacy_top_level[demo_identity: legacy-demo\nsmoke_identity: legacy-smoke\nauth:\n  demo_identity: section-demo\n  smoke_identity: section-smoke\n]" time="0.042" /><testcase classname="tests.test_config" name="test_reload_prefers_canonical_auth_section_over_legacy_top_level[auth:\n  demo_identity: section-demo\n  smoke_identity: section-smoke\ndemo_identity: legacy-demo\nsmoke_identity: legacy-smoke\n]" time="0.037" /><testcase classname="tests.test_config" name="test_google_auth_requires_client_id" time="0.072" /><testcase classname="tests.test_config" name="test_invalid_yaml_raises_config_error" time="0.050" /><testcase classname="tests.test_config" name="test_update_config_rejects_invalid_google_auth" time="0.312" /><testcase classname="tests.test_config" name="test_update_config_merges_ui_section" time="0.373" /><testcase classname="tests.test_config" name="test_aws_ui_auth_disabled_when_only_domain_set" time="0.086" /><testcase classname="tests.test_config" name="test_aws_ui_auth_disabled_when_only_client_id_set" time="0.054" /><testcase classname="tests.test_config" name="test_aws_ui_auth_loads_from_env" time="0.062" /><testcase classname="tests.test_config" name="test_aws_ui_auth_disabled_when_env_absent" time="0.029" /><testcase classname="tests.test_cors_preflight" name="test_cors_preflight" time="0.262" /><testcase classname="tests.test_cors_preflight" name="test_cors_preflight_respects_configured_origin" time="0.269" /><testcase classname="tests.test_create_followup_issues" name="test_generate_body_returns_fallback_when_no_api_key" time="0.014" /><testcase classname="tests.test_create_followup_issues" name="test_generate_body_calls_deepseek_by_default_and_returns_content" time="0.002" /><testcase classname="tests.test_create_followup_issues" name="test_generate_body_treats_empty_provider_env_as_default" time="0.002" /><testcase classname="tests.test_create_followup_issues" name="test_generate_body_calls_claude_when_selected" time="0.002" /><testcase classname="tests.test_create_followup_issues" name="test_generate_body_calls_gpt_when_selected" time="0.003" /><testcase classname="tests.test_create_followup_issues" name="test_generate_body_falls_back_on_unknown_provider" time="0.003" /><testcase classname="tests.test_create_followup_issues" name="test_generate_body_falls_back_on_api_error" time="0.004" /><testcase classname="tests.test_create_followup_issues" name="test_sanitize_body_strips_preamble_and_fences[Here is a complete, actionable GitHub issue body based on your request.\n\n---\n\n## What\nDo the thing.]" time="0.003" /><testcase classname="tests.test_create_followup_issues" name="test_sanitize_body_strips_preamble_and_fences[Here is the complete, actionable GitHub issue body in Markdown:\n\n---\n\n## What\nDo the thing.]" time="0.003" /><testcase classname="tests.test_create_followup_issues" name="test_sanitize_body_strips_preamble_and_fences[Here's the issue body:\n\n## What\nDo the thing.]" time="0.003" /><testcase classname="tests.test_create_followup_issues" name="test_sanitize_body_strips_preamble_and_fences[Below is the issue body.\n\n***\n\n## What\nDo the thing.]" time="0.002" /><testcase classname="tests.test_create_followup_issues" name="test_sanitize_body_strips_preamble_and_fences[```markdown\n## What\nDo the thing.\n```]" time="0.003" /><testcase classname="tests.test_create_followup_issues" name="test_sanitize_body_strips_preamble_and_fences[---\n\n## What\nDo the thing.]" time="0.003" /><testcase classname="tests.test_create_followup_issues" name="test_sanitize_body_preserves_internal_horizontal_rules" time="0.003" /><testcase classname="tests.test_create_followup_issues" name="test_sanitize_body_leaves_clean_body_unchanged" time="0.003" /><testcase classname="tests.test_create_followup_issues" name="test_generate_body_sanitizes_llm_preamble" time="0.002" /><testcase classname="tests.test_create_followup_issues" name="test_build_body_uses_fallback_when_no_review_text" time="0.003" /><testcase classname="tests.test_create_followup_issues" name="test_main_missing_review_file_falls_back" time="0.012" /><testcase classname="tests.test_create_followup_issues" name="test_main_wrong_arg_count_prints_usage" time="0.003" /><testcase classname="tests.test_create_followup_issues" name="test_create_issues_skips_empty_titles" time="0.004" /><testcase classname="tests.test_create_followup_issues" name="test_create_issues_skips_duplicates" time="0.004" /><testcase classname="tests.test_create_followup_issues" name="test_create_issues_passes_generated_body" time="0.003" /><testcase classname="tests.test_create_followup_issues" name="test_uses_shared_llm_labels_module" time="0.003" /><testcase classname="tests.test_create_followup_issues" name="test_create_issues_applies_llm_label" time="0.003" /><testcase classname="tests.test_create_followup_issues" name="test_create_issues_continues_after_one_failure" time="0.003" /><testcase classname="tests.test_create_followup_issues" name="test_main_returns_nonzero_when_issue_creation_fails" time="0.006" /><testcase classname="tests.test_create_followup_issues" name="test_create_issues_applies_no_llm_label_when_body_has_no_tier" time="0.001" /><testcase classname="tests.test_create_issue.TestBuildReviewPrompt" name="test_includes_title_and_body" time="0.001" /><testcase classname="tests.test_create_issue.TestParseReviewResponse" name="test_parses_title_and_body" time="0.002" /><testcase classname="tests.test_create_issue.TestParseReviewResponse" name="test_falls_back_on_unparseable_response" time="0.001" /><testcase classname="tests.test_create_issue.TestParseReviewResponse" name="test_falls_back_on_empty_title_or_body" time="0.001" /><testcase classname="tests.test_create_issue.TestOfferLocalLlmReview" name="test_declines_llm_review" time="0.002" /><testcase classname="tests.test_create_issue.TestOfferLocalLlmReview" name="test_falls_back_when_ollama_unreachable" time="0.002" /><testcase classname="tests.test_create_issue.TestOfferLocalLlmReview" name="test_falls_back_on_empty_llm_response" time="0.003" /><testcase classname="tests.test_create_issue.TestOfferLocalLlmReview" name="test_applies_accepted_suggestion" time="0.002" /><testcase classname="tests.test_create_issue.TestOfferLocalLlmReview" name="test_keeps_original_when_suggestion_rejected" time="0.002" /><testcase classname="tests.test_custom_query" name="test_run_query_json" time="0.719" /><testcase classname="tests.test_custom_query" name="test_save_and_load_query" time="0.453" /><testcase classname="tests.test_custom_query" name="test_unknown_metric_rejected" time="0.355" /><testcase classname="tests.test_custom_query_aws" name="test_s3_save_load_and_list" time="0.450" /><testcase classname="tests.test_data_loader_aws" name="test_list_aws_plots" time="0.010" /><testcase classname="tests.test_data_loader_aws" name="test_list_aws_plots_missing_boto" time="0.003" /><testcase classname="tests.test_data_loader_aws" name="test_list_aws_plots_filters_without_auth" time="0.007" /><testcase classname="tests.test_data_loader_aws" name="test_list_aws_plots_blocks_anonymous" time="0.003" /><testcase classname="tests.test_data_loader_aws" name="test_list_aws_plots_filters_special_directories" time="0.006" /><testcase classname="tests.test_data_loader_aws" name="test_list_aws_plots_pagination" time="0.011" /><testcase classname="tests.test_data_loader_aws" name="test_load_account_from_s3" time="0.004" /><testcase classname="tests.test_data_loader_aws" name="test_load_account_falls_back_to_local" time="0.017" /><testcase classname="tests.test_data_loader_aws" name="test_load_account_falls_back_sanitises_log_fields" time="0.016" /><testcase classname="tests.test_data_loader_aws" name="test_sanitise_log_value_direct[line\r\nbreak-linebreak]" time="0.003" /><testcase classname="tests.test_data_loader_aws" name="test_sanitise_log_value_direct[bare\rcr-barecr]" time="0.003" /><testcase classname="tests.test_data_loader_aws" name="test_sanitise_log_value_direct[bare\nlf-barelf]" time="0.003" /><testcase classname="tests.test_data_loader_aws" name="test_sanitise_log_value_direct[owner\r\nFAKE LOG LINE-ownerFAKE LOG LINE]" time="0.003" /><testcase classname="tests.test_data_loader_aws" name="test_sanitise_log_value_direct[-]" time="0.003" /><testcase classname="tests.test_data_loader_aws" name="test_sanitise_log_value_direct[hello world-hello world]" time="0.003" /><testcase classname="tests.test_data_loader_aws" name="test_sanitise_log_value_direct[123-123]" time="0.003" /><testcase classname="tests.test_data_loader_aws" name="test_sanitise_log_value_direct[bad\x00value-bad\x00value]" time="0.003" /><testcase classname="tests.test_data_loader_aws" name="test_sanitise_log_value_direct[ctrl\x01char-ctrl\x01char]" time="0.003" /><testcase classname="tests.test_data_loader_aws" name="test_sanitise_log_value_direct[del\x7fchar-del\x7fchar]" time="0.003" /><testcase classname="tests.test_data_loader_aws" name="test_load_account_missing_bucket" time="0.003" /><testcase classname="tests.test_data_loader_aws" name="test_load_account_empty_payload" time="0.004" /><testcase classname="tests.test_data_loader_aws" name="test_load_account_malformed_json_from_s3" time="0.004" /><testcase classname="tests.test_data_loader_aws" name="test_load_account_s3_unavailable_no_fallback" time="0.005" /><testcase classname="tests.test_data_loader_aws" name="test_load_person_meta_empty_payload_from_s3" time="0.005" /><testcase classname="tests.test_data_loader_aws" name="test_load_person_meta_malformed_json_from_s3" time="0.007" /><testcase classname="tests.test_data_loader_aws" name="test_load_person_meta_from_s3" time="0.004" /><testcase classname="tests.test_data_loader_aws" name="test_load_person_meta_missing_bucket" time="0.004" /><testcase classname="tests.test_data_loader_aws" name="test_load_person_meta_boto_failure" time="0.006" /><testcase classname="tests.test_data_loader_aws" name="test_load_person_meta_s3_unavailable_falls_back_to_local" time="0.018" /><testcase classname="tests.test_data_loader_aws" name="test_extract_person_meta_non_list_viewers_drops_key_preserves_rest" time="0.003" /><testcase classname="tests.test_data_loader_aws" name="test_list_plots_delegates_to_aws" time="0.002" /><testcase classname="tests.test_data_loader_aws" name="test_list_plots_uses_local_when_not_aws" time="0.002" /><testcase classname="tests.test_data_loader_local" name="test_load_account_local" time="0.015" /><testcase classname="tests.test_data_loader_local" name="test_list_local_plots_filters_special_directories" time="0.024" /><testcase classname="tests.test_data_loader_local" name="test_list_local_plots_authenticated" time="0.028" /><testcase classname="tests.test_data_quality_cache_helpers" name="test_list_cached_meta_tickers_local" time="0.019" /><testcase classname="tests.test_data_quality_cache_helpers" name="test_list_cached_meta_tickers_empty_dir" time="0.013" /><testcase classname="tests.test_data_quality_cache_helpers" name="test_list_cached_meta_tickers_s3" time="0.004" /><testcase classname="tests.test_data_quality_cache_helpers" name="test_load_cached_meta_timeseries_full_reads_raw_file_without_dedup" time="0.035" /><testcase classname="tests.test_data_quality_cache_helpers" name="test_load_cached_meta_timeseries_full_missing_file_returns_empty" time="0.014" /><testcase classname="tests.test_dividend_refresh_lambda" name="test_lambda_handler_returns_refresh_result" time="0.005" /><testcase classname="tests.test_dividend_refresh_lambda" name="test_lambda_handler_swallows_exception" time="0.005" /><testcase classname="tests.test_dividends" name="test_refresh_dividends_creates_new_dividend_transaction" time="0.029" /><testcase classname="tests.test_dividends" name="test_refresh_dividends_is_idempotent_on_rerun" time="0.032" /><testcase classname="tests.test_dividends" name="test_refresh_dividends_skips_unrecognised_ticker" time="0.022" /><testcase classname="tests.test_dividends" name="test_refresh_dividends_empty_series_is_not_treated_as_skip" time="0.022" /><testcase classname="tests.test_dividends" name="test_refresh_dividends_ignores_declarations_older_than_lookback_on_first_run" time="0.023" /><testcase classname="tests.test_dividends" name="test_refresh_dividends_converts_pence_currency" time="0.023" /><testcase classname="tests.test_dividends" name="test_refresh_dividends_skips_zero_unit_holding" time="0.021" /><testcase classname="tests.test_dividends" name="test_refresh_dividends_uses_units_held_as_of_ex_date_not_current" time="0.024" /><testcase classname="tests.test_dividends" name="test_refresh_dividends_processes_multiple_owners_and_accounts" time="0.036" /><testcase classname="tests.test_dividends" name="test_refresh_dividends_no_live_network_import" time="0.002" /><testcase classname="tests.test_dividends" name="test_refresh_dividends_handles_multiple_tickers_in_one_account" time="0.025" /><testcase classname="tests.test_dividends" name="test_refresh_dividends_dedupes_multiple_declarations_same_ex_date" time="0.023" /><testcase classname="tests.test_dividends" name="test_fetch_new_dividends_filters_and_shapes_declarations" time="0.004" /><testcase classname="tests.test_dividends" name="test_fetch_new_dividends_returns_none_on_provider_exception" time="0.002" /><testcase classname="tests.test_dividends" name="test_fetch_new_dividends_returns_empty_list_for_empty_series" time="0.003" /><testcase classname="tests.test_extract_followups" name="test_extracts_titles_from_section_5" time="0.004" /><testcase classname="tests.test_extract_followups" name="test_verdict_as_bullet_not_extracted" time="0.002" /><testcase classname="tests.test_extract_followups" name="test_request_changes_as_bullet_not_extracted" time="0.002" /><testcase classname="tests.test_extract_followups" name="test_no_section_5_returns_empty" time="0.002" /><testcase classname="tests.test_extract_followups" name="test_verdict_line_stops_section_extraction" time="0.002" /><testcase classname="tests.test_extract_followups" name="test_generic_title_without_reference_is_dropped" time="0.002" /><testcase classname="tests.test_extract_followups" name="test_generic_phrasing_with_reference_is_kept" time="0.002" /><testcase classname="tests.test_extract_followups" name="test_specific_title_is_kept" time="0.002" /><testcase classname="tests.test_extract_followups" name="test_generic_more_comments_without_detailed_is_dropped" time="0.002" /><testcase classname="tests.test_extract_followups" name="test_improve_readability_without_reference_is_dropped" time="0.002" /><testcase classname="tests.test_extract_followups" name="test_add_more_context_without_reference_is_dropped" time="0.003" /><testcase classname="tests.test_extract_followups" name="test_trivial_backtick_token_does_not_bypass_filter" time="0.002" /><testcase classname="tests.test_extract_pr_comments" name="test_format_inline_comment_with_none_user" time="0.006" /><testcase classname="tests.test_extract_pr_comments" name="test_format_inline_comment_with_missing_user_key" time="0.002" /><testcase classname="tests.test_extract_pr_comments" name="test_format_top_level_comment_with_none_user" time="0.002" /><testcase classname="tests.test_extract_pr_comments" name="test_format_top_level_comment_with_missing_user_key" time="0.002" /><testcase classname="tests.test_extract_pr_comments" name="test_format_inline_comment_with_valid_user" time="0.002" /><testcase classname="tests.test_extract_pr_comments" name="test_fetch_paginated_all_pages_succeed" time="0.003" /><testcase classname="tests.test_extract_pr_comments" name="test_fetch_paginated_partial_failure_returns_truncated" time="0.003" /><testcase classname="tests.test_extract_pr_comments" name="test_fetch_paginated_first_page_failure_returns_truncated" time="0.003" /><testcase classname="tests.test_extract_pr_comments" name="test_fetch_paginated_invalid_json_returns_truncated" time="0.003" /><testcase classname="tests.test_extract_pr_comments" name="test_write_output_jsonl_no_truncation_unchanged" time="0.003" /><testcase classname="tests.test_extract_pr_comments" name="test_write_output_jsonl_truncated_appends_last_line" time="0.003" /><testcase classname="tests.test_extract_pr_comments" name="test_write_output_fixer_format_ignores_truncated" time="0.003" /><testcase classname="tests.test_extract_pr_comments" name="test_process_comments_propagates_truncated" time="0.003" /><testcase classname="tests.test_extract_verdict" name="test_extract_verdict_approve" time="0.010" /><testcase classname="tests.test_extract_verdict" name="test_extract_verdict_request_changes" time="0.002" /><testcase classname="tests.test_extract_verdict" name="test_extract_verdict_none" time="0.003" /><testcase classname="tests.test_extract_verdict" name="test_main_approve[Claude]" time="0.013" /><testcase classname="tests.test_extract_verdict" name="test_main_approve[GPT]" time="0.013" /><testcase classname="tests.test_extract_verdict" name="test_main_request_changes[Claude]" time="0.013" /><testcase classname="tests.test_extract_verdict" name="test_main_request_changes[GPT]" time="0.013" /><testcase classname="tests.test_extract_verdict" name="test_main_no_verdict[Claude]" time="0.013" /><testcase classname="tests.test_extract_verdict" name="test_main_no_verdict[GPT]" time="0.014" /><testcase classname="tests.test_extract_verdict" name="test_main_empty_file[Claude]" time="0.012" /><testcase classname="tests.test_extract_verdict" name="test_main_empty_file[GPT]" time="0.012" /><testcase classname="tests.test_extract_verdict" name="test_main_missing_file[Claude]" time="0.003" /><testcase classname="tests.test_extract_verdict" name="test_main_missing_file[GPT]" time="0.003" /><testcase classname="tests.test_fx_conversion" name="test_prices_converted_to_gbp[N-0.8]" time="0.025" /><testcase classname="tests.test_fx_conversion" name="test_prices_converted_to_gbp[DE-0.9]" time="0.024" /><testcase classname="tests.test_fx_conversion" name="test_prices_converted_to_gbp[CA-0.6]" time="0.022" /><testcase classname="tests.test_fx_conversion" name="test_prices_converted_to_gbp[TO-0.6]" time="0.024" /><testcase classname="tests.test_fx_conversion" name="test_prices_converted_to_arbitrary_base_currency" time="0.031" /><testcase classname="tests.test_fx_conversion" name="test_missing_fx_rates_are_filled" time="0.022" /><testcase classname="tests.test_fx_conversion" name="test_string_fx_rates_are_converted" time="0.023" /><testcase classname="tests.test_fx_conversion" name="test_non_gbp_instrument_on_gbp_exchange" time="0.019" /><testcase classname="tests.test_fx_conversion" name="test_unsupported_currency_skips_conversion" time="0.007" /><testcase classname="tests.test_fx_conversion" name="test_memoized_range_returns_copy" time="0.013" /><testcase classname="tests.test_fx_conversion" name="test_memoized_range_offline_no_cache_returns_empty" time="0.007" /><testcase classname="tests.test_fx_conversion" name="test_offline_mode_uses_fx_cache" time="0.046" /><testcase classname="tests.test_fx_conversion" name="test_offline_falls_back_to_live_loader" time="0.051" /><testcase classname="tests.test_fx_conversion" name="test_offline_mode_fetch_fallback" time="0.032" /><testcase classname="tests.test_fx_conversion" name="test_offline_mode_without_fx_rates_returns_empty" time="0.021" /><testcase classname="tests.test_google_auth" name="test_google_token_flow" time="0.364" /><testcase classname="tests.test_google_auth" name="test_google_token_rejects_unallowed_email" time="0.261" /><testcase classname="tests.test_google_auth" name="test_google_token_rejects_when_no_accounts" time="0.281" /><testcase classname="tests.test_google_auth" name="test_startup_requires_google_client_id" time="0.028" /><testcase classname="tests.test_google_auth" name="test_missing_client_id_fails_startup" time="0.033" /><testcase classname="tests.test_google_auth" name="test_create_app_guard_raises" time="0.025" /><testcase classname="tests.test_google_auth" name="test_cognito_token_flow" time="0.269" /><testcase classname="tests.test_google_auth" name="test_cognito_token_rejects_missing_client_id" time="0.233" /><testcase classname="tests.test_google_auth" name="test_cognito_token_rejects_non_object_payload" time="0.160" /><testcase classname="tests.test_group_instruments_changes" name="test_group_instruments_populates_change_fields" time="0.161" /><testcase classname="tests.test_group_movers_route" name="test_group_movers_endpoint" time="0.010" /><testcase classname="tests.test_group_movers_route" name="test_group_movers_endpoint_empty" time="0.009" /><testcase classname="tests.test_group_movers_route" name="test_group_movers_invalid_days" time="0.010" /><testcase classname="tests.test_group_movers_route" name="test_group_movers_instrument_summaries_failure" time="0.010" /><testcase classname="tests.test_group_movers_route" name="test_group_movers_equal_weight_when_market_values_zero" time="0.009" /><testcase classname="tests.test_group_movers_route" name="test_group_movers_sums_duplicate_ticker_market_values" time="0.010" /><testcase classname="tests.test_group_movers_route" name="test_group_movers_limit_too_high" time="0.019" /><testcase classname="tests.test_holding_utils_price_cost_basis" name="test_get_price_for_date_scaled_cash" time="0.001" /><testcase classname="tests.test_holding_utils_price_cost_basis" name="test_get_price_for_date_scaled_empty_data" time="0.001" /><testcase classname="tests.test_holding_utils_price_cost_basis" name="test_get_price_for_date_scaled_nan_close" time="0.002" /><testcase classname="tests.test_holding_utils_price_cost_basis" name="test_get_effective_cost_basis_gbp_booked_cost" time="0.002" /><testcase classname="tests.test_holding_utils_price_cost_basis" name="test_get_effective_cost_basis_gbp_updates_booked_cost_when_scaled" time="0.003" /><testcase classname="tests.test_holding_utils_price_cost_basis" name="test_get_effective_cost_basis_gbp_derived" time="0.002" /><testcase classname="tests.test_holding_utils_price_cost_basis" name="test_get_effective_cost_basis_gbp_cache_fallback" time="0.002" /><testcase classname="tests.test_holding_utils_sector_region" name="test_enrich_holding_includes_sector_and_region" time="0.372" /><testcase classname="tests.test_holdings_import" name="test_hargreaves_parse" time="0.003" /><testcase classname="tests.test_holdings_import" name="test_hargreaves_to_float_variants" time="0.002" /><testcase classname="tests.test_holdings_import" name="test_update_holdings_from_csv" time="0.018" /><testcase classname="tests.test_holdings_import" name="test_holdings_import_endpoint" time="0.696" /><testcase classname="tests.test_instrument_admin_route" name="test_get_instrument_admin_route" time="0.413" /><testcase classname="tests.test_instrument_admin_route" name="test_post_instrument_admin_route[False-200]" time="0.427" /><testcase classname="tests.test_instrument_admin_route" name="test_post_instrument_admin_route[True-409]" time="0.454" /><testcase classname="tests.test_instrument_admin_route" name="test_put_instrument_admin_route[True-200]" time="0.419" /><testcase classname="tests.test_instrument_admin_route" name="test_put_instrument_admin_route[False-404]" time="0.387" /><testcase classname="tests.test_instrument_admin_route" name="test_delete_instrument_admin_route[True-200]" time="0.454" /><testcase classname="tests.test_instrument_admin_route" name="test_delete_instrument_admin_route[False-404]" time="0.417" /><testcase classname="tests.test_instrument_api" name="test_close_on_returns_none_for_nan_close" time="0.004" /><testcase classname="tests.test_instrument_api" name="test_price_change_pct_unresolved" time="0.004" /><testcase classname="tests.test_instrument_api" name="test_price_change_pct_missing_prices[None-10.0]" time="0.003" /><testcase classname="tests.test_instrument_api" name="test_price_change_pct_missing_prices[10.0-None]" time="0.003" /><testcase classname="tests.test_instrument_api" name="test_price_change_pct_missing_prices[10.0-0.0]" time="0.003" /><testcase classname="tests.test_instrument_api" name="test_price_change_pct_warns_small_px_then" time="0.003" /><testcase classname="tests.test_instrument_api" name="test_price_change_pct_warns_large_change" time="0.003" /><testcase classname="tests.test_instrument_api" name="test_top_movers_filter_and_anomalies" time="0.002" /><testcase classname="tests.test_instrument_api" name="test_intraday_timeseries_success" time="0.010" /><testcase classname="tests.test_instrument_api" name="test_intraday_timeseries_fallback" time="0.002" /><testcase classname="tests.test_instrument_api" name="test_top_movers_weekend_reporting_date" time="0.002" /><testcase classname="tests.test_instrument_api" name="test_price_and_changes_weekend_reporting_date" time="0.003" /><testcase classname="tests.test_instrument_api_exchange" name="test_timeseries_uses_portfolio_exchange" time="0.004" /><testcase classname="tests.test_instrument_api_functions" name="test_resolve_full_ticker_variants" time="0.003" /><testcase classname="tests.test_instrument_api_functions" name="test_prime_latest_prices_respects_skip" time="0.002" /><testcase classname="tests.test_instrument_api_functions" name="test_prime_latest_prices_populates" time="0.002" /><testcase classname="tests.test_instrument_api_functions" name="test_timeseries_for_ticker_missing_data" time="0.002" /><testcase classname="tests.test_instrument_api_functions" name="test_timeseries_for_ticker_renames_columns" time="0.008" /><testcase classname="tests.test_instrument_api_functions" name="test_timeseries_for_ticker_mini_slices" time="0.031" /><testcase classname="tests.test_instrument_api_functions" name="test_timeseries_for_ticker_inverted_range_returns_empty" time="0.003" /><testcase classname="tests.test_instrument_grouping" name="test_group_instruments_defaults_to_sector_then_region" time="0.466" /><testcase classname="tests.test_instrument_grouping" name="test_group_instruments_preserves_custom_grouping" time="0.497" /><testcase classname="tests.test_instrument_grouping" name="test_grouped_instrument_totals" time="0.455" /><testcase classname="tests.test_instrument_route" name="test_instrument_search_rejects_blank_inputs[params0]" time="0.422" /><testcase classname="tests.test_instrument_route" name="test_instrument_search_rejects_blank_inputs[params1]" time="0.540" /><testcase classname="tests.test_instrument_route" name="test_instrument_search_rejects_blank_inputs[params2]" time="0.539" /><testcase classname="tests.test_instrument_route" name="test_instrument_search_filters_by_sector_and_region" time="0.465" /><testcase classname="tests.test_instrument_route" name="test_instrument_search_caps_results" time="0.456" /><testcase classname="tests.test_instrument_route" name="test_invalid_ticker_rejected[]" time="0.484" /><testcase classname="tests.test_instrument_route" name="test_invalid_ticker_rejected[.L]" time="0.456" /><testcase classname="tests.test_instrument_route" name="test_invalid_ticker_rejected[.UK]" time="0.513" /><testcase classname="tests.test_instrument_route" name="test_full_history_json" time="0.819" /><testcase classname="tests.test_instrument_route" name="test_html_response" time="0.509" /><testcase classname="tests.test_instrument_route" name="test_positions_scaled" time="0.527" /><testcase classname="tests.test_instrument_route" name="test_positions_gain_from_cost" time="0.523" /><testcase classname="tests.test_instrument_route" name="test_non_gbp_instrument_has_distinct_close" time="0.486" /><testcase classname="tests.test_instrument_route" name="test_intraday_route" time="0.492" /><testcase classname="tests.test_instrument_route" name="test_intraday_route_history_error" time="0.454" /><testcase classname="tests.test_instrument_route" name="test_intraday_route_history_empty" time="0.476" /><testcase classname="tests.test_instrument_route" name="test_base_currency_param_gbp_to_usd" time="0.503" /><testcase classname="tests.test_instrument_route" name="test_base_currency_param_usd_to_eur" time="0.510" /><testcase classname="tests.test_instrument_route" name="test_base_currency_from_config" time="0.535" /><testcase classname="tests.test_instrument_route" name="test_missing_history_returns_404" time="0.478" /><testcase classname="tests.test_instrument_route" name="test_gbx_prices_scaled_and_cost_basis_fallback" time="0.488" /><testcase classname="tests.test_instrument_route" name="test_gbx_close_gbp_not_double_scaled_by_pence_override" time="0.504" /><testcase classname="tests.test_instrument_route" name="test_gbx_close_gbp_tracks_scaled_close_for_non_pence_override" time="0.475" /><testcase classname="tests.test_instrument_route" name="test_base_currency_fetch_failure_is_resilient" time="0.517" /><testcase classname="tests.test_instruments" name="test_missing_file_returns_empty" time="0.010" /><testcase classname="tests.test_instruments" name="test_invalid_json_returns_empty" time="0.016" /><testcase classname="tests.test_instruments" name="test_unexpected_error_propagates" time="0.014" /><testcase classname="tests.test_instruments" name="test_save_and_delete_instrument_meta" time="0.014" /><testcase classname="tests.test_instruments" name="test_get_instrument_meta_from_s3" time="0.003" /><testcase classname="tests.test_instruments" name="test_save_instrument_meta_uploads_s3" time="0.015" /><testcase classname="tests.test_instruments" name="test_get_instrument_meta_known_records" time="0.006" /><testcase classname="tests.test_lambda_dockerfile.LambdaDockerfileTests" name="test_boto3_version_not_tightly_pinned" time="0.003" /><testcase classname="tests.test_lambda_dockerfile.LambdaDockerfileTests" name="test_lambda_dockerfile_avoids_build_only_sync_tools" time="0.003" /><testcase classname="tests.test_lambda_handler" name="test_lambda_handler_initializes_on_first_call" time="0.051" /><testcase classname="tests.test_lambda_handler" name="test_lambda_handler_caches_after_first_call" time="0.011" /><testcase classname="tests.test_lambda_handler" name="test_lambda_handler_creates_event_loop" time="0.008" /><testcase classname="tests.test_lambda_handler" name="test_lambda_handler_no_new_loop_when_loop_exists" time="0.011" /><testcase classname="tests.test_lambda_import_safety" name="test_no_aws_call_at_module_scope[common/portfolio_utils.py]" time="0.033" /><testcase classname="tests.test_llm_labels" name="test_extract_tier_label[**LLM tier**\n**Haiku** \u2014 simple task-haiku]" time="0.004" /><testcase classname="tests.test_llm_labels" name="test_extract_tier_label[**LLM tier**\n**Sonnet** \u2014 moderate reasoning-sonnet]" time="0.003" /><testcase classname="tests.test_llm_labels" name="test_extract_tier_label[**LLM tier**\n**Opus** \u2014 complex design-opus]" time="0.003" /><testcase classname="tests.test_llm_labels" name="test_extract_tier_label[**LLM tier**\n**local-7b** \u2014 simple mechanical change-local-7b]" time="0.005" /><testcase classname="tests.test_llm_labels" name="test_extract_tier_label[**LLM tier**\n**local-14b** \u2014 moderate reasoning task-local-14b]" time="0.003" /><testcase classname="tests.test_llm_labels" name="test_extract_tier_label[**llm tier**\n**SONNET** \u2014 case insensitive-sonnet]" time="0.003" /><testcase classname="tests.test_llm_labels" name="test_extract_tier_label[Use Haiku for this-haiku]" time="0.005" /><testcase classname="tests.test_llm_labels" name="test_extract_tier_label[Use Sonnet here-sonnet]" time="0.004" /><testcase classname="tests.test_llm_labels" name="test_extract_tier_label[Requires Opus-opus]" time="0.004" /><testcase classname="tests.test_llm_labels" name="test_extract_tier_label[Suitable for local-7b-local-7b]" time="0.003" /><testcase classname="tests.test_llm_labels" name="test_extract_tier_label[Recommend local-14b for this-local-14b]" time="0.004" /><testcase classname="tests.test_llm_labels" name="test_extract_tier_label[No model mentioned-None]" time="0.007" /><testcase classname="tests.test_llm_labels" name="test_extract_tier_label[-None]" time="0.004" /><testcase classname="tests.test_llm_labels" name="test_extract_tier_label_prefers_llm_tier_section_over_bare_mention" time="0.003" /><testcase classname="tests.test_llm_labels" name="test_extract_tier_label_with_custom_tier_map" time="0.004" /><testcase classname="tests.test_llm_labels" name="test_extract_tier_label_handles_multiple_mentions" time="0.003" /><testcase classname="tests.test_llm_labels" name="test_get_fallback_tier_label[claude-haiku-4-5-20251001-haiku]" time="0.004" /><testcase classname="tests.test_llm_labels" name="test_get_fallback_tier_label[claude-sonnet-4-6-sonnet]" time="0.004" /><testcase classname="tests.test_llm_labels" name="test_get_fallback_tier_label[claude-opus-4-8-opus]" time="0.004" /><testcase classname="tests.test_llm_labels" name="test_get_fallback_tier_label[local-7b-instruct-local-7b]" time="0.004" /><testcase classname="tests.test_llm_labels" name="test_get_fallback_tier_label[local-14b-instruct-local-14b]" time="0.004" /><testcase classname="tests.test_llm_labels" name="test_get_fallback_tier_label[qwen2.5-14b-instruct-local-14b]" time="0.004" /><testcase classname="tests.test_llm_labels" name="test_get_fallback_tier_label[qwen2.5-7b-instruct-local-7b]" time="0.006" /><testcase classname="tests.test_llm_labels" name="test_get_fallback_tier_label[some-unrecognised-model-sonnet]" time="0.005" /><testcase classname="tests.test_llm_labels" name="test_get_fallback_tier_label[-sonnet]" time="0.003" /><testcase classname="tests.test_llm_labels" name="test_get_fallback_tier_label_with_custom_tier_map" time="0.004" /><testcase classname="tests.test_llm_labels" name="test_llm_tier_map_is_stable" time="0.003" /><testcase classname="tests.test_load_latest_prices" name="test_load_latest_prices_selects_close_column[data0-2.0]" time="0.009" /><testcase classname="tests.test_load_latest_prices" name="test_load_latest_prices_selects_close_column[data1-1.5]" time="0.007" /><testcase classname="tests.test_load_latest_prices" name="test_load_latest_prices_selects_close_column[data2-3.0]" time="0.006" /><testcase classname="tests.test_load_latest_prices" name="test_load_latest_prices_selects_close_column[data3-4.0]" time="0.006" /><testcase classname="tests.test_load_latest_prices" name="test_load_latest_prices_applies_scaling" time="0.005" /><testcase classname="tests.test_load_latest_prices" name="test_load_latest_prices_converts_native_close_to_gbp" time="0.008" /><testcase classname="tests.test_load_latest_prices" name="test_load_latest_prices_handles_errors" time="0.003" /><testcase classname="tests.test_load_latest_prices" name="test_enrich_holding_uses_scaling_override" time="0.018" /><testcase classname="tests.test_load_live_prices" name="test_load_live_prices_applies_scaling_and_fx" time="0.003" /><testcase classname="tests.test_local_review.TestGetGitRoot" name="test_successful_fetch" time="0.003" /><testcase classname="tests.test_local_review.TestGetGitRoot" name="test_not_a_git_repo" time="0.004" /><testcase classname="tests.test_local_review.TestGetCurrentBranch" name="test_successful_fetch" time="0.004" /><testcase classname="tests.test_local_review.TestGetCurrentBranch" name="test_fetch_failure" time="0.004" /><testcase classname="tests.test_local_review.TestGetLocalDiff" name="test_successful_diff" time="0.004" /><testcase classname="tests.test_local_review.TestGetLocalDiff" name="test_no_changes" time="0.004" /><testcase classname="tests.test_local_review.TestGetLocalDiff" name="test_git_error" time="0.004" /><testcase classname="tests.test_local_review.TestGenerateMarkdownReport" name="test_report_format" time="0.002" /><testcase classname="tests.test_local_review.TestGenerateMarkdownReport" name="test_review_section_preserved" time="0.003" /><testcase classname="tests.test_local_review.TestSaveReport" name="test_save_to_file" time="0.013" /><testcase classname="tests.test_local_review.TestSaveReport" name="test_create_parent_directories" time="0.014" /><testcase classname="tests.test_local_review.TestSaveReport" name="test_overwrite_existing_file" time="0.016" /><testcase classname="tests.test_log_injection_sanitisation" name="test_sanitise_log_value_strips_newline" time="0.003" /><testcase classname="tests.test_log_injection_sanitisation" name="test_sanitise_log_value_handles_non_string_types" time="0.002" /><testcase classname="tests.test_log_injection_sanitisation" name="test_sanitise_log_value_handles_path_objects" time="0.002" /><testcase classname="tests.test_log_injection_sanitisation" name="test_sanitise_log_value_strips_newline_from_exception" time="0.002" /><testcase classname="tests.test_log_injection_sanitisation" name="test_sanitise_log_value_or_sentinel_precedence" time="0.002" /><testcase classname="tests.test_log_injection_sanitisation" name="test_alphavantage_skipped_ticker_log_no_injection" time="0.005" /><testcase classname="tests.test_log_injection_sanitisation" name="test_meta_timeseries_invalid_ticker_pattern_log_no_injection" time="0.005" /><testcase classname="tests.test_log_injection_sanitisation" name="test_meta_timeseries_cache_exchange_mismatch_sentinel" time="0.002" /><testcase classname="tests.test_log_injection_sanitisation" name="test_portfolio_loader_missing_tx_file_no_injection" time="0.018" /><testcase classname="tests.test_log_injection_sanitisation" name="test_get_account_provider_unavailable_no_log_injection" time="0.078" /><testcase classname="tests.test_log_injection_sanitisation" name="test_get_account_invalid_payload_no_log_injection" time="0.076" /><testcase classname="tests.test_log_injection_sanitisation" name="test_data_loader_extra_dict_current_user_sanitised" time="0.003" /><testcase classname="tests.test_log_injection_sanitisation" name="test_data_loader_person_meta_owner_sanitised" time="0.003" /><testcase classname="tests.test_log_injection_sanitisation" name="test_portfolio_utils_ticker_log_no_injection" time="0.006" /><testcase classname="tests.test_log_sanitization_audit" name="test_no_new_unwrapped_logger_calls" time="1.576" /><testcase classname="tests.test_logging_setup" name="test_setup_logging_noop_when_root_logger_has_handlers" time="0.003" /><testcase classname="tests.test_logging_setup" name="test_setup_logging_relative_path" time="0.004" /><testcase classname="tests.test_main" name="test_health" time="0.029" /><testcase classname="tests.test_main" name="test_owners" time="0.036" /><testcase classname="tests.test_main" name="test_groups" time="0.024" /><testcase classname="tests.test_main" name="test_portfolio" time="0.027" /><testcase classname="tests.test_main" name="test_portfolio_group" time="0.024" /><testcase classname="tests.test_main" name="test_get_account_no_holdings" time="0.025" /><testcase classname="tests.test_main" name="test_get_account_preserves_type" time="0.024" /><testcase classname="tests.test_main" name="test_get_account_with_holdings" time="0.024" /><testcase classname="tests.test_main" name="test_get_account_case_insensitive" time="0.041" /><testcase classname="tests.test_main" name="test_get_account_demo_fallback" time="0.039" /><testcase classname="tests.test_main" name="test_get_account_provider_unavailable" time="0.032" /><testcase classname="tests.test_main" name="test_get_account_invalid_payload" time="0.027" /><testcase classname="tests.test_main" name="test_prices_refresh_get" time="0.027" /><testcase classname="tests.test_main" name="test_prices_refresh_post" time="0.043" /><testcase classname="tests.test_main" name="test_openapi_no_duplicate_operation_ids" time="0.981" /><testcase classname="tests.test_main" name="test_group_by_instrument" time="0.028" /><testcase classname="tests.test_main" name="test_instrument_detail" time="0.025" /><testcase classname="tests.test_main" name="test_var_endpoint" time="0.028" /><testcase classname="tests.test_main" name="test_var_owner_not_found" time="0.028" /><testcase classname="tests.test_main" name="test_var_invalid_params" time="0.027" /><testcase classname="tests.test_main" name="test_var_invalid_confidence_range" time="0.029" /><testcase classname="tests.test_main" name="test_get_timeseries_html" time="0.033" /><testcase classname="tests.test_meta_timeseries_date_filter" name="test_fetch_meta_timeseries_handles_python_dates" time="0.012" /><testcase classname="tests.test_meta_timeseries_exchange_resolution" name="test_fetch_meta_timeseries_resolves_exchange_from_metadata" time="0.008" /><testcase classname="tests.test_metrics" name="test_turnover_and_holding_period" time="0.013" /><testcase classname="tests.test_metrics" name="test_metrics_route" time="0.470" /><testcase classname="tests.test_models_route" name="test_models_route_returns_available_models" time="0.433" /><testcase classname="tests.test_movers_backend" name="test_price_change_pct" time="0.003" /><testcase classname="tests.test_movers_backend" name="test_top_movers" time="0.003" /><testcase classname="tests.test_movers_backend" name="test_top_movers_min_weight" time="0.003" /><testcase classname="tests.test_movers_backend" name="test_top_movers_anomaly" time="0.002" /><testcase classname="tests.test_movers_route" name="test_movers_success" time="0.014" /><testcase classname="tests.test_movers_route" name="test_movers_invalid_days" time="0.013" /><testcase classname="tests.test_movers_route" name="test_movers_requires_nonempty_tickers" time="0.013" /><testcase classname="tests.test_news_route" name="test_news_quota_enforced" time="0.905" /><testcase classname="tests.test_nudges_frequency" name="test_frequency_clamped" time="0.016" /><testcase classname="tests.test_nudges_frequency" name="test_snooze_user_sets_future_timestamp" time="0.014" /><testcase classname="tests.test_nudges_frequency" name="test_iter_due_users_respects_snooze" time="0.019" /><testcase classname="tests.test_nudges_persistence" name="test_nudges_persist_and_load" time="0.063" /><testcase classname="tests.test_nudges_persistence" name="test_nudge_message_uses_signals" time="0.016" /><testcase classname="tests.test_ollama_common.TestGetOllamaEndpoint" name="test_default_endpoint" time="0.004" /><testcase classname="tests.test_ollama_common.TestGetOllamaEndpoint" name="test_custom_endpoint" time="0.004" /><testcase classname="tests.test_ollama_common.TestGetOllamaModel" name="test_default_model" time="0.004" /><testcase classname="tests.test_ollama_common.TestGetOllamaModel" name="test_custom_model" time="0.004" /><testcase classname="tests.test_ollama_common.TestListAvailableModels" name="test_successful_model_list" time="0.005" /><testcase classname="tests.test_ollama_common.TestListAvailableModels" name="test_ollama_unreachable" time="0.003" /><testcase classname="tests.test_ollama_common.TestListAvailableModels" name="test_invalid_json_response" time="0.006" /><testcase classname="tests.test_ollama_common.TestValidateOllamaConnection" name="test_valid_connection" time="0.003" /><testcase classname="tests.test_ollama_common.TestValidateOllamaConnection" name="test_no_connection" time="0.003" /><testcase classname="tests.test_ollama_common.TestExtractOllamaReview" name="test_extract_response_field" time="0.002" /><testcase classname="tests.test_ollama_common.TestExtractOllamaReview" name="test_empty_response" time="0.003" /><testcase classname="tests.test_ollama_common.TestExtractOllamaReview" name="test_missing_response_field" time="0.002" /><testcase classname="tests.test_ollama_common.TestFetchOllamaReview" name="test_successful_review" time="0.004" /><testcase classname="tests.test_ollama_common.TestFetchOllamaReview" name="test_connection_error" time="0.003" /><testcase classname="tests.test_ollama_common.TestFetchOllamaReview" name="test_http_error" time="0.003" /><testcase classname="tests.test_ollama_common.TestFetchOllamaReview" name="test_invalid_json_response" time="0.005" /><testcase classname="tests.test_page_cache" name="test_async_builder" time="0.067" /><testcase classname="tests.test_page_cache" name="test_builder_error_logged_and_continues" time="0.045" /><testcase classname="tests.test_page_cache" name="test_load_cache_handles_oserror" time="0.018" /><testcase classname="tests.test_page_cache" name="test_first_builder_exception_cache_persisted" time="0.052" /><testcase classname="tests.test_page_cache" name="test_load_cache_invalid_json" time="0.015" /><testcase classname="tests.test_page_cache" name="test_is_stale" time="0.013" /><testcase classname="tests.test_page_cache" name="test_schedule_refresh_can_refresh_false" time="0.011" /><testcase classname="tests.test_page_cache" name="test_schedule_refresh_idempotent" time="0.013" /><testcase classname="tests.test_page_cache" name="test_schedule_refresh_initial_delay" time="0.111" /><testcase classname="tests.test_page_cache" name="test_builder_returns_awaitable_and_save_error" time="0.013" /><testcase classname="tests.test_page_cache" name="test_cancel_refresh_tasks_handles_error" time="0.004" /><testcase classname="tests.test_pension" name="test_age_from_dob_invalid" time="0.002" /><testcase classname="tests.test_pension" name="test_state_pension_age_uk[1950-01-01-65]" time="0.003" /><testcase classname="tests.test_pension" name="test_state_pension_age_uk[1955-06-01-66]" time="0.003" /><testcase classname="tests.test_pension" name="test_state_pension_age_uk[1965-07-15-67]" time="0.002" /><testcase classname="tests.test_pension" name="test_state_pension_age_uk[1980-12-30-68]" time="0.002" /><testcase classname="tests.test_pension" name="test_state_pension_age_uk_invalid" time="0.002" /><testcase classname="tests.test_pension_forecast" name="test_forecast_pre_retirement_without_state" time="0.002" /><testcase classname="tests.test_pension_forecast" name="test_forecast_pre_retirement_with_state" time="0.002" /><testcase classname="tests.test_pension_forecast" name="test_forecast_post_retirement_life_expectancy" time="0.002" /><testcase classname="tests.test_pension_forecast" name="test_forecast_includes_initial_pot" time="0.003" /><testcase classname="tests.test_pension_report_email" name="test_render_pension_report_uses_template" time="0.003" /><testcase classname="tests.test_pension_report_email" name="test_send_pension_report_email" time="0.002" /><testcase classname="tests.test_pension_report_lambda" name="test_load_recipient_owners_reads_from_ssm_parameter_store" time="0.004" /><testcase classname="tests.test_pension_report_lambda" name="test_load_recipient_owners_honours_recipients_uri_override" time="0.002" /><testcase classname="tests.test_pension_report_lambda" name="test_load_recipient_owners_returns_none_when_ssm_parameter_missing" time="0.002" /><testcase classname="tests.test_pension_report_lambda" name="test_lambda_handler_sends_report_for_each_portfolio" time="0.004" /><testcase classname="tests.test_pension_report_lambda" name="test_lambda_handler_skips_owner_missing_email" time="0.003" /><testcase classname="tests.test_pension_report_lambda" name="test_lambda_handler_filters_by_recipient_owners" time="0.003" /><testcase classname="tests.test_pension_report_lambda" name="test_lambda_handler_continues_after_per_owner_failure" time="0.005" /><testcase classname="tests.test_pension_report_lambda" name="test_lambda_handler_publishes_alert_on_initialisation_failure" time="0.004" /><testcase classname="tests.test_pension_report_lambda" name="test_build_report_flags_large_drawdown" time="0.003" /><testcase classname="tests.test_pension_report_lambda" name="test_build_report_flags_shortfall_when_desired_income_configured" time="0.003" /><testcase classname="tests.test_pension_report_lambda" name="test_build_report_for_owner_sanitises_owner_when_missing_dob_or_email" time="0.003" /><testcase classname="tests.test_pension_report_lambda" name="test_build_report_for_owner_sanitises_owner_when_invalid_dob" time="0.003" /><testcase classname="tests.test_pension_report_lambda" name="test_lambda_handler_sanitises_owner_on_per_owner_failure" time="0.005" /><testcase classname="tests.test_pension_route" name="test_pension_route_uses_owner_metadata" time="0.460" /><testcase classname="tests.test_pension_route" name="test_pension_route_missing_dob" time="0.432" /><testcase classname="tests.test_pension_route" name="test_pension_route_invalid_dob" time="0.435" /><testcase classname="tests.test_pension_route" name="test_pension_route_prefers_monthly_over_annual" time="0.403" /><testcase classname="tests.test_pension_route" name="test_pension_route_rejects_death_age_not_exceeding_retirement" time="0.405" /><testcase classname="tests.test_pension_route" name="test_pension_route_propagates_missing_portfolio" time="0.430" /><testcase classname="tests.test_pension_route" name="test_pension_route_falls_back_to_local_metadata" time="0.259" /><testcase classname="tests.test_pension_route" name="test_pension_route_passes_accounts_root_keyword" time="0.254" /><testcase classname="tests.test_pension_route" name="test_pension_route_passes_accounts_root_positional" time="0.199" /><testcase classname="tests.test_pension_route" name="test_pension_route_returns_400_on_forecast_error" time="0.486" /><testcase classname="tests.test_pension_route" name="test_pension_route_includes_db_inputs" time="0.257" /><testcase classname="tests.test_performance_route" name="test_owner_metrics_success[/performance/alice/alpha?benchmark=SPY&amp;days=30-compute_alpha_vs_benchmark-expected_args0-expected_kwargs0-alpha_vs_benchmark-return_value0-extra_keys0]" time="0.016" /><testcase classname="tests.test_performance_route" name="test_owner_metrics_success[/performance/alice/tracking-error?benchmark=SPY&amp;days=30-compute_tracking_error-expected_args1-expected_kwargs1-tracking_error-return_value1-extra_keys1]" time="0.016" /><testcase classname="tests.test_performance_route" name="test_owner_metrics_success[/performance/alice/max-drawdown?days=30-compute_max_drawdown-expected_args2-expected_kwargs2-max_drawdown-return_value2-extra_keys2]" time="0.016" /><testcase classname="tests.test_performance_route" name="test_owner_metrics_success[/performance/alice/twr?days=90-compute_time_weighted_return-expected_args3-expected_kwargs3-time_weighted_return-0.12-extra_keys3]" time="0.020" /><testcase classname="tests.test_performance_route" name="test_owner_metrics_success[/performance/alice/xirr?days=180-compute_xirr-expected_args4-expected_kwargs4-xirr-0.34-extra_keys4]" time="0.017" /><testcase classname="tests.test_performance_route" name="test_owner_metrics_not_found[/performance/missing/alpha-compute_alpha_vs_benchmark-expected_args0-expected_kwargs0]" time="0.019" /><testcase classname="tests.test_performance_route" name="test_owner_metrics_not_found[/performance/missing/tracking-error-compute_tracking_error-expected_args1-expected_kwargs1]" time="0.014" /><testcase classname="tests.test_performance_route" name="test_owner_metrics_not_found[/performance/missing/max-drawdown-compute_max_drawdown-expected_args2-expected_kwargs2]" time="0.016" /><testcase classname="tests.test_performance_route" name="test_owner_metrics_not_found[/performance/missing/twr-compute_time_weighted_return-expected_args3-expected_kwargs3]" time="0.017" /><testcase classname="tests.test_performance_route" name="test_owner_metrics_not_found[/performance/missing/xirr-compute_xirr-expected_args4-expected_kwargs4]" time="0.015" /><testcase classname="tests.test_performance_route" name="test_owner_metrics_with_as_of" time="0.017" /><testcase classname="tests.test_performance_route" name="test_owner_metrics_future_date_rejected" time="0.015" /><testcase classname="tests.test_performance_route" name="test_group_metrics_success[/performance-group/demo/alpha?benchmark=SPY&amp;days=30-compute_group_alpha_vs_benchmark-expected_args0-expected_kwargs0-alpha_vs_benchmark-return_value0-extra_keys0]" time="0.018" /><testcase classname="tests.test_performance_route" name="test_group_metrics_success[/performance-group/demo/tracking-error?benchmark=SPY&amp;days=30-compute_group_tracking_error-expected_args1-expected_kwargs1-tracking_error-return_value1-extra_keys1]" time="0.016" /><testcase classname="tests.test_performance_route" name="test_group_metrics_success[/performance-group/demo/max-drawdown?days=30-compute_group_max_drawdown-expected_args2-expected_kwargs2-max_drawdown-return_value2-extra_keys2]" time="0.019" /><testcase classname="tests.test_performance_route" name="test_group_metrics_not_found[/performance-group/missing/alpha-compute_group_alpha_vs_benchmark-expected_args0-expected_kwargs0]" time="0.021" /><testcase classname="tests.test_performance_route" name="test_group_metrics_not_found[/performance-group/missing/tracking-error-compute_group_tracking_error-expected_args1-expected_kwargs1]" time="0.017" /><testcase classname="tests.test_performance_route" name="test_group_metrics_not_found[/performance-group/missing/max-drawdown-compute_group_max_drawdown-expected_args2-expected_kwargs2]" time="0.018" /><testcase classname="tests.test_performance_route" name="test_owner_performance_success" time="0.018" /><testcase classname="tests.test_performance_route" name="test_owner_performance_not_found" time="0.015" /><testcase classname="tests.test_performance_route" name="test_owner_holdings_success" time="0.015" /><testcase classname="tests.test_performance_route" name="test_owner_holdings_bad_request" time="0.014" /><testcase classname="tests.test_performance_route" name="test_returns_compare_success" time="0.042" /><testcase classname="tests.test_performance_route" name="test_returns_compare_not_found" time="0.018" /><testcase classname="tests.test_performance_routes" name="test_owner_metrics_success[/performance/alice/alpha-compute_alpha_vs_benchmark-alpha_vs_benchmark-0.1-breakdown0]" time="0.232" /><testcase classname="tests.test_performance_routes" name="test_owner_metrics_success[/performance/alice/tracking-error-compute_tracking_error-tracking_error-0.2-breakdown1]" time="0.157" /><testcase classname="tests.test_performance_routes" name="test_owner_metrics_success[/performance/alice/max-drawdown-compute_max_drawdown-max_drawdown--0.3-breakdown2]" time="0.126" /><testcase classname="tests.test_performance_routes" name="test_owner_metrics_not_found[/performance/unknown/alpha-compute_alpha_vs_benchmark]" time="0.122" /><testcase classname="tests.test_performance_routes" name="test_owner_metrics_not_found[/performance/unknown/tracking-error-compute_tracking_error]" time="0.128" /><testcase classname="tests.test_performance_routes" name="test_owner_metrics_not_found[/performance/unknown/max-drawdown-compute_max_drawdown]" time="0.124" /><testcase classname="tests.test_performance_routes" name="test_group_metrics_success[/performance-group/test-group/alpha-compute_group_alpha_vs_benchmark-alpha_vs_benchmark-0.4-breakdown0]" time="0.125" /><testcase classname="tests.test_performance_routes" name="test_group_metrics_success[/performance-group/test-group/tracking-error-compute_group_tracking_error-tracking_error-0.5-breakdown1]" time="0.134" /><testcase classname="tests.test_performance_routes" name="test_group_metrics_success[/performance-group/test-group/max-drawdown-compute_group_max_drawdown-max_drawdown--0.6-breakdown2]" time="0.123" /><testcase classname="tests.test_performance_routes" name="test_group_metrics_not_found[/performance-group/missing/alpha-compute_group_alpha_vs_benchmark]" time="0.133" /><testcase classname="tests.test_performance_routes" name="test_group_metrics_not_found[/performance-group/missing/tracking-error-compute_group_tracking_error]" time="0.136" /><testcase classname="tests.test_performance_routes" name="test_group_metrics_not_found[/performance-group/missing/max-drawdown-compute_group_max_drawdown]" time="0.133" /><testcase classname="tests.test_performance_routes" name="test_performance_summary_success" time="0.127" /><testcase classname="tests.test_performance_routes" name="test_performance_summary_not_found" time="0.124" /><testcase classname="tests.test_performance_routes" name="test_returns_compare_success" time="0.125" /><testcase classname="tests.test_performance_routes" name="test_returns_compare_not_found" time="0.128" /><testcase classname="tests.test_performance_routes" name="test_group_alpha_handles_near_zero_benchmark" time="0.127" /><testcase classname="tests.test_portfolio_helpers" name="test_calculate_weights_and_market_values" time="0.001" /><testcase classname="tests.test_portfolio_helpers" name="test_enrich_movers_with_market_values" time="0.001" /><testcase classname="tests.test_portfolio_helpers" name="test_concentration_insight_weights_reflect_aggregated_duplicates" time="0.001" /><testcase classname="tests.test_portfolio_list_owners" name="test_list_owners_skips_bad_json" time="0.007" /><testcase classname="tests.test_portfolio_list_owners" name="test_list_owners_filters_by_viewer" time="0.006" /><testcase classname="tests.test_portfolio_list_owners" name="test_list_owners_matches_email_case_insensitively" time="0.006" /><testcase classname="tests.test_portfolio_route_regression" name="test_portfolio_unknown_owner_does_not_create_directory" time="0.509" /><testcase classname="tests.test_portfolio_trades" name="test_load_trades_aws_success" time="0.002" /><testcase classname="tests.test_portfolio_trades" name="test_load_trades_aws_missing" time="0.002" /><testcase classname="tests.test_portfolio_utils_aggregate_by_field" name="test_aggregate_by_sector_totals_and_percentages" time="0.262" /><testcase classname="tests.test_portfolio_utils_aggregate_by_field" name="test_aggregate_by_region_totals_and_percentages" time="0.128" /><testcase classname="tests.test_portfolio_utils_aggregate_by_field" name="test_holding_metadata_overrides_instrument_defaults" time="0.003" /><testcase classname="tests.test_portfolio_utils_contribution" name="test_aggregate_by_sector_and_region" time="0.162" /><testcase classname="tests.test_portfolio_utils_currency" name="test_currency_from_instrument_meta" time="0.198" /><testcase classname="tests.test_portfolio_utils_currency" name="test_aggregate_by_ticker_fx_conversion" time="0.197" /><testcase classname="tests.test_portfolio_utils_currency" name="test_aggregate_by_ticker_snapshot_price_is_fx_converted" time="0.099" /><testcase classname="tests.test_portfolio_utils_currency" name="test_aggregate_by_ticker_snapshot_price_currency_field" time="0.095" /><testcase classname="tests.test_portfolio_utils_currency" name="test_aggregate_by_ticker_snapshot_price_handles_gbpence" time="0.096" /><testcase classname="tests.test_portfolio_utils_currency" name="test_aggregate_by_ticker_snapshot_price_uses_direct_native_to_base_fx" time="0.093" /><testcase classname="tests.test_portfolio_utils_currency" name="test_aggregate_by_ticker_snapshot_price_keeps_gbp" time="0.104" /><testcase classname="tests.test_portfolio_utils_currency" name="test_aggregate_by_ticker_sets_grouping" time="0.001" /><testcase classname="tests.test_portfolio_utils_currency" name="test_normalize_currency_code_logs_when_missing" time="0.001" /><testcase classname="tests.test_portfolio_utils_meta" name="test_get_security_meta_includes_sector_and_region" time="0.001" /><testcase classname="tests.test_portfolio_utils_meta" name="test_cash_meta_has_no_warning" time="0.001" /><testcase classname="tests.test_portfolio_utils_meta" name="test_cash_alias_meta_has_no_warning" time="0.001" /><testcase classname="tests.test_portfolio_utils_returns" name="test_compute_time_weighted_return_with_cashflows" time="0.003" /><testcase classname="tests.test_portfolio_utils_returns" name="test_compute_time_weighted_return_requires_two_points" time="0.001" /><testcase classname="tests.test_portfolio_utils_returns" name="test_compute_xirr_simple_contribution" time="0.001" /><testcase classname="tests.test_portfolio_utils_returns" name="test_compute_xirr_requires_cashflows" time="0.001" /><testcase classname="tests.test_portfolio_utils_returns" name="test_compute_cagr" time="0.001" /><testcase classname="tests.test_portfolio_utils_returns" name="test_compute_cagr_invalid_series" time="0.001" /><testcase classname="tests.test_portfolio_utils_returns" name="test_compute_cash_apy" time="0.001" /><testcase classname="tests.test_portfolio_utils_returns" name="test_compute_cash_apy_empty" time="0.001" /><testcase classname="tests.test_portfolio_utils_returns" name="test_portfolio_value_breakdown_aggregates_and_handles_missing" time="0.001" /><testcase classname="tests.test_portfolio_utils_returns" name="test_portfolio_value_breakdown_invalid_date" time="0.001" /><testcase classname="tests.test_portfolio_utils_returns" name="test_compute_owner_performance_respects_flagged_and_cash" time="0.025" /><testcase classname="tests.test_portfolio_utils_returns" name="test_compute_owner_performance_filters_single_day_zero" time="0.008" /><testcase classname="tests.test_portfolio_utils_returns" name="test_compute_owner_performance_drops_partial_close_nans" time="0.011" /><testcase classname="tests.test_portfolio_utils_returns" name="test_detect_single_day_flash_crash_removes_rebound_drop" time="0.001" /><testcase classname="tests.test_portfolio_utils_returns" name="test_detect_single_day_flash_crash_keeps_real_downtrend" time="0.001" /><testcase classname="tests.test_portfolio_utils_returns" name="test_detect_single_day_flash_crash_removes_two_day_rebound_drop" time="0.002" /><testcase classname="tests.test_portfolio_utils_returns" name="test_detect_single_day_flash_crash_removes_moderate_rebound_drop" time="0.001" /><testcase classname="tests.test_portfolio_utils_returns" name="test_detect_single_day_flash_crash_keeps_drop_without_neighbor_recovery" time="0.001" /><testcase classname="tests.test_portfolio_utils_returns" name="test_detect_single_day_flash_crash_handles_small_value_series" time="0.001" /><testcase classname="tests.test_portfolio_utils_returns" name="test_detect_single_day_flash_crash_short_series_noop" time="0.001" /><testcase classname="tests.test_portfolio_utils_returns" name="test_detect_single_day_flash_crash_ignores_nan_in_window" time="0.001" /><testcase classname="tests.test_portfolio_utils_returns" name="test_detect_single_day_flash_crash_repairs_upward_spike" time="0.001" /><testcase classname="tests.test_portfolio_utils_returns" name="test_detect_single_day_flash_crash_handles_duplicate_index" time="0.001" /><testcase classname="tests.test_portfolio_utils_returns" name="test_cash_flow_signs_treat_dividend_singular_same_as_plural" time="0.001" /><testcase classname="tests.test_portfolio_utils_snapshot" name="test_load_snapshot_bad_json" time="0.004" /><testcase classname="tests.test_portfolio_utils_snapshot" name="test_load_snapshot_no_path" time="0.001" /><testcase classname="tests.test_portfolio_utils_snapshot" name="test_load_snapshot_aws_s3_success" time="0.001" /><testcase classname="tests.test_portfolio_utils_snapshot" name="test_load_snapshot_aws_failure_uses_local" time="0.005" /><testcase classname="tests.test_portfolio_utils_snapshot" name="test_load_snapshot_aws_missing_env_uses_local" time="0.004" /><testcase classname="tests.test_portfolio_utils_snapshot" name="test_load_snapshot_missing_local_file" time="0.004" /><testcase classname="tests.test_pr_review.TestGetRepoInfo" name="test_https_url" time="0.001" /><testcase classname="tests.test_pr_review.TestGetRepoInfo" name="test_ssh_url" time="0.001" /><testcase classname="tests.test_pr_review.TestGetRepoInfo" name="test_invalid_remote" time="0.001" /><testcase classname="tests.test_pr_review.TestFetchPrDetails" name="test_successful_fetch" time="0.001" /><testcase classname="tests.test_pr_review.TestFetchPrDetails" name="test_fetch_failure" time="0.003" /><testcase classname="tests.test_pr_review.TestFetchPrDiff" name="test_successful_fetch" time="0.002" /><testcase classname="tests.test_pr_review.TestFetchPrDiff" name="test_fetch_failure" time="0.001" /><testcase classname="tests.test_pr_review.TestFetchPrDiff" name="test_binary_file_entries_are_filtered_out" time="0.001" /><testcase classname="tests.test_pr_review.TestExtractIssueBody" name="test_extract_closes_reference" time="0.001" /><testcase classname="tests.test_pr_review.TestExtractIssueBody" name="test_empty_body" time="0.001" /><testcase classname="tests.test_pr_review.TestExtractIssueBody" name="test_no_issue_reference" time="0.001" /><testcase classname="tests.test_pr_review.TestExtractIssueBody" name="test_issue_fetch_failure" time="0.001" /><testcase classname="tests.test_price_alerts_suffix" name="test_check_price_alerts_retains_exchange_suffix" time="0.027" /><testcase classname="tests.test_price_refresh_lambda" name="test_run_called_when_enabled" time="0.003" /><testcase classname="tests.test_price_refresh_lambda" name="test_run_not_called_when_disabled" time="0.002" /><testcase classname="tests.test_price_refresh_lambda" name="test_lambda_handler_exception_returns_error_shape" time="0.002" /><testcase classname="tests.test_price_refresh_lambda" name="test_lambda_handler_exception_calls_seed" time="0.002" /><testcase classname="tests.test_price_refresh_lambda" name="test_lambda_handler_returns_error_shape_even_if_seed_raises" time="0.002" /><testcase classname="tests.test_price_refresh_lambda" name="test_trading_agent_not_called_when_refresh_fails" time="0.002" /><testcase classname="tests.test_price_refresh_lambda" name="test_seed_empty_snapshot_skips_non_aws_env" time="0.002" /><testcase classname="tests.test_price_refresh_lambda" name="test_seed_empty_snapshot_skips_missing_bucket" time="0.002" /><testcase classname="tests.test_price_refresh_lambda" name="test_seed_empty_snapshot_puts_object" time="0.002" /><testcase classname="tests.test_price_refresh_lambda" name="test_seed_empty_snapshot_swallows_boto3_error" time="0.002" /><testcase classname="tests.test_prices_logging" name="test_prices_import_does_not_configure_root_logger" time="0.002" /><testcase classname="tests.test_prices_snapshot" name="test_get_price_snapshot" time="0.002" /><testcase classname="tests.test_prices_snapshot" name="test_get_price_snapshot_unrecognised_ticker_falls_back_to_last_close" time="0.001" /><testcase classname="tests.test_publish_pr.TestExtractIssueId" name="test_extracts_id_from_fix_branch" time="0.001" /><testcase classname="tests.test_publish_pr.TestExtractIssueId" name="test_extracts_id_from_feat_branch" time="0.001" /><testcase classname="tests.test_publish_pr.TestExtractIssueId" name="test_falls_back_to_any_number_in_branch_name" time="0.001" /><testcase classname="tests.test_publish_pr.TestExtractIssueId" name="test_returns_none_when_no_number_present" time="0.001" /><testcase classname="tests.test_publish_pr.TestGetRepoInfo" name="test_parses_https_remote" time="0.001" /><testcase classname="tests.test_publish_pr.TestGetRepoInfo" name="test_parses_ssh_remote" time="0.001" /><testcase classname="tests.test_publish_pr.TestGetRepoInfo" name="test_raises_when_remote_command_fails" time="0.001" /><testcase classname="tests.test_publish_pr.TestCreatePlaceholderPrBody" name="test_includes_closes_directive" time="0.001" /><testcase classname="tests.test_publish_pr.TestCreatePlaceholderPrBody" name="test_truncates_issue_body_to_200_chars" time="0.001" /><testcase classname="tests.test_publish_pr.TestCreatePlaceholderPrBody" name="test_falls_back_to_placeholder_text_when_body_empty" time="0.001" /><testcase classname="tests.test_publish_pr.TestFindExistingPr" name="test_returns_url_when_pr_exists" time="0.001" /><testcase classname="tests.test_publish_pr.TestFindExistingPr" name="test_returns_none_when_no_pr_exists" time="0.001" /><testcase classname="tests.test_publish_pr.TestFindExistingPr" name="test_returns_none_when_gh_command_fails" time="0.001" /><testcase classname="tests.test_publish_pr.TestCreatePr" name="test_returns_existing_pr_url_without_creating_new_pr" time="0.001" /><testcase classname="tests.test_publish_pr.TestCreatePr" name="test_body_temp_file_is_outside_home_dir_and_cleaned_up" time="0.003" /><testcase classname="tests.test_publish_pr.TestCheckGhAvailable" name="test_gh_not_installed" time="0.002" /><testcase classname="tests.test_publish_pr.TestCheckGhAvailable" name="test_gh_not_authenticated" time="0.001" /><testcase classname="tests.test_publish_pr.TestCheckGhAvailable" name="test_gh_available" time="0.001" /><testcase classname="tests.test_push_subscription_route" name="test_push_subscription_owner_validation" time="0.022" /><testcase classname="tests.test_push_subscription_route" name="test_delete_unknown_owner_is_idempotent" time="0.009" /><testcase classname="tests.test_push_subscription_route" name="test_push_subscription_falls_back_to_default_dataset" time="0.011" /><testcase classname="tests.test_push_subscription_route" name="test_push_subscription_allows_demo_owner_without_auth" time="0.010" /><testcase classname="tests.test_quests" name="test_get_quests_new_user" time="0.005" /><testcase classname="tests.test_quests" name="test_get_quests_after_completion" time="0.005" /><testcase classname="tests.test_quests" name="test_mark_complete_updates_xp_and_streak" time="0.006" /><testcase classname="tests.test_quests" name="test_mark_complete_invalid_id_raises" time="0.004" /><testcase classname="tests.test_quests_route" name="test_complete_quest_success" time="0.014" /><testcase classname="tests.test_quests_route" name="test_complete_nonexistent_quest_returns_404" time="0.013" /><testcase classname="tests.test_quests_route" name="test_today_returns_quests_for_authenticated_user" time="0.013" /><testcase classname="tests.test_quests_route" name="test_today_returns_401_when_user_missing" time="0.013" /><testcase classname="tests.test_quests_route" name="test_today_uses_override_when_active_user_returns_none" time="0.013" /><testcase classname="tests.test_quests_route" name="test_today_falls_back_to_demo_when_auth_disabled" time="0.011" /><testcase classname="tests.test_quests_route" name="test_require_active_user_handles_coroutine_override" time="0.015" /><testcase classname="tests.test_quotes_route" name="test_quotes_returns_502_on_yfinance_error" time="0.129" /><testcase classname="tests.test_quotes_task" name="test_save_quotes_writes_items" time="0.001" /><testcase classname="tests.test_quotes_task" name="test_lambda_handler_saves_quotes" time="0.001" /><testcase classname="tests.test_rebalance_route" name="test_rebalance_route" time="0.010" /><testcase classname="tests.test_rebalance_route" name="test_suggest_trades_valid_target_sum" time="0.001" /><testcase classname="tests.test_rebalance_route" name="test_suggest_trades_invalid_target_sum" time="0.001" /><testcase classname="tests.test_rebalance_route" name="test_rebalance_route_invalid_target_sum" time="0.006" /><testcase classname="tests.test_reports" name="test_load_transactions_handles_malformed_json" time="0.007" /><testcase classname="tests.test_reports" name="test_load_transactions_s3" time="0.002" /><testcase classname="tests.test_reports" name="test_compile_report_filters_and_totals" time="0.001" /><testcase classname="tests.test_reports" name="test_load_transactions_requires_data_bucket" time="0.001" /><testcase classname="tests.test_reports" name="test_load_transactions_skips_missing_owner_directory" time="0.005" /><testcase classname="tests.test_reports" name="test_build_report_document_uses_context" time="0.001" /><testcase classname="tests.test_reports" name="test_portfolio_section_builders" time="0.002" /><testcase classname="tests.test_reports" name="test_overview_empty_accounts" time="0.001" /><testcase classname="tests.test_reports" name="test_overview_non_dict_account_entries_are_skipped" time="0.001" /><testcase classname="tests.test_reports" name="test_sectors_weight_pct_sums_to_100" time="0.001" /><testcase classname="tests.test_reports" name="test_regions_weight_pct_sums_to_100" time="0.001" /><testcase classname="tests.test_reports" name="test_sectors_zero_total_value_yields_none_weight" time="0.001" /><testcase classname="tests.test_reports" name="test_concentration_n_holdings_is_total_not_top_n" time="0.001" /><testcase classname="tests.test_reports" name="test_portfolio_var_partial_failure_one_confidence_level" time="0.001" /><testcase classname="tests.test_reports" name="test_portfolio_var_omits_sharpe_row_when_sharpe_fails" time="0.001" /><testcase classname="tests.test_reports" name="test_portfolio_var_returns_empty_when_var_rows_unavailable" time="0.001" /><testcase classname="tests.test_reports" name="test_owner_portfolio_failure_is_cached_once_per_report_build" time="0.001" /><testcase classname="tests.test_reports" name="test_portfolio_sections_return_empty_when_optional_modules_missing" time="0.001" /><testcase classname="tests.test_reports" name="test_list_template_metadata_merges_user_templates" time="0.006" /><testcase classname="tests.test_reports" name="test_create_update_delete_user_template" time="0.006" /><testcase classname="tests.test_reports" name="test_get_template_returns_user_definition" time="0.005" /><testcase classname="tests.test_reports" name="test_get_template_returns_builtin_audit_report" time="0.001" /><testcase classname="tests.test_reports" name="test_get_template_returns_none_for_missing" time="0.001" /><testcase classname="tests.test_reports" name="test_file_template_store_filters_invalid_definitions" time="0.006" /><testcase classname="tests.test_reports" name="test_file_template_store_get_template_handles_invalid_json" time="0.004" /><testcase classname="tests.test_reports" name="test_get_template_store_requires_aws_configuration" time="0.001" /><testcase classname="tests.test_reports" name="test_get_template_store_local_returns_file_store" time="0.004" /><testcase classname="tests.test_reports" name="test_report_context_transactions_filters_and_sorts" time="0.001" /><testcase classname="tests.test_reports" name="test_report_context_allocation_handles_errors" time="0.001" /><testcase classname="tests.test_reports" name="test_report_context_allocation_rounds_and_sorts" time="0.001" /><testcase classname="tests.test_reports" name="test_audit_report_portfolio_sections_use_requested_end_snapshot" time="0.004" /><testcase classname="tests.test_reports" name="test_build_report_document_warns_on_missing_builder" time="0.001" /><testcase classname="tests.test_reports" name="test_section_to_dataframe_includes_missing_columns" time="0.003" /><testcase classname="tests.test_reports" name="test_section_to_dataframe_empty_creates_headers" time="0.001" /><testcase classname="tests.test_reports" name="test_report_to_csv_includes_metadata" time="0.005" /><testcase classname="tests.test_reports" name="test_parse_date_handles_invalid_values[2024-01-01-expected0]" time="0.001" /><testcase classname="tests.test_reports" name="test_parse_date_handles_invalid_values[invalid-None]" time="0.002" /><testcase classname="tests.test_reports" name="test_parse_date_handles_invalid_values[None-None]" time="0.002" /><testcase classname="tests.test_reports" name="test_transaction_roots_local" time="0.006" /><testcase classname="tests.test_reports" name="test_build_key_findings_section_parses_valid_file" time="0.006" /><testcase classname="tests.test_reports" name="test_build_key_findings_section_skips_markdown_heading_preamble" time="0.005" /><testcase classname="tests.test_reports" name="test_build_key_findings_section_skips_standalone_separator_line" time="0.005" /><testcase classname="tests.test_reports" name="test_build_key_findings_section_skips_setext_heading_preamble" time="0.005" /><testcase classname="tests.test_reports" name="test_build_key_findings_section_keeps_numbered_finding_before_separator" time="0.005" /><testcase classname="tests.test_reports" name="test_build_key_findings_section_skips_setext_heading_with_equals" time="0.005" /><testcase classname="tests.test_reports" name="test_build_key_findings_section_allows_findings_after_interleaved_heading" time="0.004" /><testcase classname="tests.test_reports" name="test_build_key_findings_section_returns_empty_when_missing" time="0.004" /><testcase classname="tests.test_reports" name="test_build_key_findings_section_skips_invalid_lines_with_error" time="0.006" /><testcase classname="tests.test_reports" name="test_build_key_findings_section_accepts_exactly_500_chars" time="0.005" /><testcase classname="tests.test_reports" name="test_build_key_findings_section_skips_empty_entries_after_trimming" time="0.005" /><testcase classname="tests.test_reports" name="test_build_key_findings_section_reads_txt_fallback" time="0.007" /><testcase classname="tests.test_reports" name="test_key_findings_source_is_registered_for_template_validation" time="0.001" /><testcase classname="tests.test_reports" name="test_build_report_document_omits_empty_key_findings_section" time="0.001" /><testcase classname="tests.test_reports" name="test_audit_template_is_registered_with_expected_sections" time="0.001" /><testcase classname="tests.test_reports" name="test_audit_template_sources_are_all_registered" time="0.001" /><testcase classname="tests.test_reports" name="test_audit_template_builders_render_non_empty_rows" time="0.008" /><testcase classname="tests.test_reports" name="test_audit_risk_section_includes_var_and_sharpe" time="0.001" /><testcase classname="tests.test_reports" name="test_build_report_document_omits_empty_var_section_for_audit_report" time="0.004" /><testcase classname="tests.test_reports" name="test_build_report_document_fails_for_builtin_missing_builder" time="0.001" /><testcase classname="tests.test_reports" name="test_audit_report_template_has_key_findings_as_final_section" time="0.001" /><testcase classname="tests.test_reports_additional" name="test_report_dataclasses_to_dict" time="0.001" /><testcase classname="tests.test_reports_additional" name="test_template_store_methods_raise_not_implemented" time="0.001" /><testcase classname="tests.test_reports_additional" name="test_file_template_store_error_paths" time="0.006" /><testcase classname="tests.test_reports_additional" name="test_dynamo_template_store_list_and_get" time="0.001" /><testcase classname="tests.test_reports_additional" name="test_list_templates_handles_conflicts" time="0.001" /><testcase classname="tests.test_reports_additional" name="test_list_templates_handles_store_errors" time="0.001" /><testcase classname="tests.test_reports_additional" name="test_user_template_management_errors" time="0.001" /><testcase classname="tests.test_reports_additional" name="test_build_report_document_requires_known_template" time="0.001" /><testcase classname="tests.test_reports_additional" name="test_transaction_roots_aws" time="0.001" /><testcase classname="tests.test_reports_additional" name="test_load_transactions_s3_pagination_errors" time="0.001" /><testcase classname="tests.test_reports_additional" name="test_get_template_store_returns_dynamo" time="0.001" /><testcase classname="tests.test_reports_additional" name="test_compile_summary_filters_history" time="0.002" /><testcase classname="tests.test_reports_additional" name="test_report_to_csv_multiple_sections" time="0.005" /><testcase classname="tests.test_reports_additional" name="test_report_to_pdf_generates_output" time="0.001" /><testcase classname="tests.test_reports_additional" name="test_report_to_pdf_requires_canvas" time="0.001" /><testcase classname="tests.test_reports_additional" name="test_report_to_pdf_formats_values_and_optional_watermark" time="0.002" /><testcase classname="tests.test_reports_additional" name="test_report_to_pdf_key_findings_wrap_across_pages" time="0.001" /><testcase classname="tests.test_reports_additional" name="test_section_builders_use_context" time="0.001" /><testcase classname="tests.test_reports_additional" name="test_build_report_document_includes_parameters" time="0.001" /><testcase classname="tests.test_reports_additional" name="test_section_builders_include_portfolio_sources" time="0.001" /><testcase classname="tests.test_reports_additional" name="test_portfolio_section_builders_use_monkeypatched_dependencies" time="0.001" /><testcase classname="tests.test_reports_additional" name="test_portfolio_section_builders_reuse_cached_snapshot" time="0.004" /><testcase classname="tests.test_reports_additional" name="test_portfolio_section_builders_return_declared_schema_keys" time="0.001" /><testcase classname="tests.test_reports_additional" name="test_audit_concentration_hhi_uses_full_holding_set" time="0.001" /><testcase classname="tests.test_reports_additional" name="test_normalise_value_weight_rows_prefers_value_and_sorts_descending" time="0.001" /><testcase classname="tests.test_reports_additional" name="test_normalise_value_weight_rows_uses_weight_pct_and_unknown_label" time="0.001" /><testcase classname="tests.test_reports_additional" name="test_portfolio_var_builder_extracts_numeric_from_payload" time="0.001" /><testcase classname="tests.test_reports_additional" name="test_audit_portfolio_var_builder_returns_empty_when_risk_data_missing" time="0.001" /><testcase classname="tests.test_reports_additional" name="test_portfolio_overview_counts_nested_holdings" time="0.001" /><testcase classname="tests.test_reports_additional" name="test_portfolio_builders_handle_missing_snapshot[_build_portfolio_overview_section-0]" time="0.001" /><testcase classname="tests.test_reports_additional" name="test_portfolio_builders_handle_missing_snapshot[_build_portfolio_sectors_section-1]" time="0.001" /><testcase classname="tests.test_reports_additional" name="test_portfolio_builders_handle_missing_snapshot[_build_portfolio_regions_section-2]" time="0.001" /><testcase classname="tests.test_reports_additional" name="test_portfolio_builders_handle_missing_snapshot[_build_portfolio_concentration_section-3]" time="0.001" /><testcase classname="tests.test_reports_additional" name="test_build_report_document_audit_template_dispatches_real_builders" time="0.001" /><testcase classname="tests.test_reports_additional" name="test_get_template_audit_report_has_expected_order_and_legacy_builtins" time="0.001" /><testcase classname="tests.test_reports_audit" name="test_audit_report_section_builders_use_fixture_rows" time="0.230" /><testcase classname="tests.test_reports_audit" name="test_audit_report_rows_match_declared_column_keys" time="0.228" /><testcase classname="tests.test_reports_audit" name="test_audit_report_sector_and_region_rows_include_expected_aggregates" time="0.229" /><testcase classname="tests.test_reports_dates" name="test_parse_date_valid" time="0.001" /><testcase classname="tests.test_reports_dates" name="test_parse_date_invalid" time="0.001" /><testcase classname="tests.test_reports_dates" name="test_transaction_roots_aws" time="0.001" /><testcase classname="tests.test_reports_dates" name="test_transaction_roots_local" time="0.001" /><testcase classname="tests.test_reports_pdf" name="test_report_to_pdf_requires_reportlab" time="0.001" /><testcase classname="tests.test_reports_pdf" name="test_report_to_pdf_generates_pdf" time="0.005" /><testcase classname="tests.test_reports_pdf" name="test_report_to_pdf_key_findings_section_renders_text" time="0.002" /><testcase classname="tests.test_reports_pdf" name="test_report_to_pdf_succeeds_without_key_findings_section" time="0.002" /><testcase classname="tests.test_reports_pdf" name="test_audit_report_pdf_contains_all_section_titles" time="0.005" /><testcase classname="tests.test_reports_pdf" name="test_audit_report_json_section_order_and_presence" time="0.001" /><testcase classname="tests.test_reports_pdf" name="test_audit_report_var_section_omitted_when_risk_unavailable" time="0.005" /><testcase classname="tests.test_reports_pdf" name="test_existing_templates_unaffected_by_audit_report_changes" time="0.001" /><testcase classname="tests.test_reports_route" name="test_reports_json" time="0.011" /><testcase classname="tests.test_reports_route" name="test_reports_csv" time="0.009" /><testcase classname="tests.test_reports_route" name="test_reports_pdf" time="0.010" /><testcase classname="tests.test_reports_route" name="test_audit_report_json_smoke_includes_all_sections" time="0.010" /><testcase classname="tests.test_reports_route" name="test_audit_report_pdf_smoke_returns_pdf_prefix" time="0.010" /><testcase classname="tests.test_reports_route" name="test_audit_report_pdf_forwards_watermark_query_parameter" time="0.010" /><testcase classname="tests.test_reports_route" name="test_owner_report_pdf_forwards_trimmed_watermark_query_parameter" time="0.010" /><testcase classname="tests.test_reports_route" name="test_reports_unknown_owner" time="0.009" /><testcase classname="tests.test_reports_route" name="test_owner_template_report" time="0.011" /><testcase classname="tests.test_reports_route" name="test_list_templates_endpoint" time="0.010" /><testcase classname="tests.test_reports_route" name="test_get_template_definition" time="0.011" /><testcase classname="tests.test_reports_route" name="test_get_template_definition_missing" time="0.010" /><testcase classname="tests.test_reports_route" name="test_create_template_endpoint" time="0.010" /><testcase classname="tests.test_reports_route" name="test_create_template_endpoint_handles_validation_error" time="0.010" /><testcase classname="tests.test_reports_route" name="test_update_template_endpoint" time="0.010" /><testcase classname="tests.test_reports_route" name="test_update_template_endpoint_not_found" time="0.010" /><testcase classname="tests.test_reports_route" name="test_update_template_endpoint_validation_error" time="0.010" /><testcase classname="tests.test_reports_route" name="test_delete_template_endpoint" time="0.010" /><testcase classname="tests.test_reports_route" name="test_delete_template_endpoint_handles_errors" time="0.010" /><testcase classname="tests.test_reports_route" name="test_owner_report_value_error" time="0.011" /><testcase classname="tests.test_reports_route" name="test_delete_template_endpoint_not_found" time="0.011" /><testcase classname="tests.test_reports_route" name="test_owner_template_report_csv" time="0.011" /><testcase classname="tests.test_reports_route" name="test_owner_template_report_pdf" time="0.011" /><testcase classname="tests.test_reports_route" name="test_owner_template_report_not_found" time="0.012" /><testcase classname="tests.test_reports_route" name="test_owner_template_report_invalid_template" time="0.010" /><testcase classname="tests.test_reports_validation" name="test_validate_template_id_accepts_valid_identifiers[example-example]" time="0.001" /><testcase classname="tests.test_reports_validation" name="test_validate_template_id_accepts_valid_identifiers[  trimmed-id  -trimmed-id]" time="0.001" /><testcase classname="tests.test_reports_validation" name="test_validate_template_id_accepts_valid_identifiers[alpha_NUM-123-alpha_NUM-123]" time="0.001" /><testcase classname="tests.test_reports_validation" name="test_validate_template_id_rejects_invalid_values[None]" time="0.001" /><testcase classname="tests.test_reports_validation" name="test_validate_template_id_rejects_invalid_values[]" time="0.001" /><testcase classname="tests.test_reports_validation" name="test_validate_template_id_rejects_invalid_values[  ]" time="0.001" /><testcase classname="tests.test_reports_validation" name="test_validate_template_id_rejects_invalid_values[invalid id]" time="0.001" /><testcase classname="tests.test_reports_validation" name="test_validate_template_id_rejects_invalid_values[too*many]" time="0.001" /><testcase classname="tests.test_reports_validation" name="test_validate_section_id_accepts_valid_identifiers[metrics-metrics]" time="0.001" /><testcase classname="tests.test_reports_validation" name="test_validate_section_id_accepts_valid_identifiers[  allocations -allocations]" time="0.001" /><testcase classname="tests.test_reports_validation" name="test_validate_section_id_accepts_valid_identifiers[section-01-section-01]" time="0.001" /><testcase classname="tests.test_reports_validation" name="test_validate_section_id_rejects_invalid_values[None]" time="0.001" /><testcase classname="tests.test_reports_validation" name="test_validate_section_id_rejects_invalid_values[]" time="0.001" /><testcase classname="tests.test_reports_validation" name="test_validate_section_id_rejects_invalid_values[   ]" time="0.001" /><testcase classname="tests.test_reports_validation" name="test_validate_section_id_rejects_invalid_values[with spaces]" time="0.001" /><testcase classname="tests.test_reports_validation" name="test_validate_section_id_rejects_invalid_values[unicode\u2603]" time="0.001" /><testcase classname="tests.test_reports_validation" name="test_round_if_number_handles_numeric_inputs[10-2-10.0]" time="0.001" /><testcase classname="tests.test_reports_validation" name="test_round_if_number_handles_numeric_inputs[3.14159-3-3.142]" time="0.001" /><testcase classname="tests.test_reports_validation" name="test_round_if_number_handles_numeric_inputs[None-2-None]" time="0.001" /><testcase classname="tests.test_reports_validation" name="test_round_if_number_handles_numeric_inputs[not-a-number-2-None]" time="0.001" /><testcase classname="tests.test_reports_validation" name="test_normalise_transaction_converts_fields[item0-None-None-expected0]" time="0.001" /><testcase classname="tests.test_reports_validation" name="test_normalise_transaction_converts_fields[item1-None-None-expected1]" time="0.001" /><testcase classname="tests.test_reports_validation" name="test_normalise_transaction_filters_outside_window" time="0.001" /><testcase classname="tests.test_reports_validation" name="test_normalise_transaction_end_filter_excludes_future_dates" time="0.001" /><testcase classname="tests.test_reports_validation" name="test_validate_template_payload_normalises_structure" time="0.001" /><testcase classname="tests.test_reports_validation" name="test_validate_template_payload_reports_section_errors[&lt;lambda&gt;-section id]" time="0.001" /><testcase classname="tests.test_reports_validation" name="test_validate_template_payload_reports_section_errors[&lt;lambda&gt;-Unsupported section source]" time="0.001" /><testcase classname="tests.test_reports_validation" name="test_validate_template_payload_reports_section_errors[&lt;lambda&gt;-columns must be objects]" time="0.002" /><testcase classname="tests.test_reports_validation" name="test_validate_template_payload_reports_section_errors[&lt;lambda&gt;-duplicate column]" time="0.001" /><testcase classname="tests.test_reports_validation" name="test_validate_template_payload_rejects_duplicate_sections" time="0.001" /><testcase classname="tests.test_reports_validation" name="test_materialise_template_creates_schema_objects" time="0.001" /><testcase classname="tests.test_reports_validation" name="test_validate_template_payload_requires_object_payload" time="0.001" /><testcase classname="tests.test_reports_validation" name="test_validate_template_payload_requires_sections_list" time="0.001" /><testcase classname="tests.test_reports_validation" name="test_validate_template_payload_requires_section_objects" time="0.001" /><testcase classname="tests.test_reports_validation" name="test_validate_template_payload_requires_section_title" time="0.001" /><testcase classname="tests.test_reports_validation" name="test_validate_template_payload_requires_columns_list" time="0.001" /><testcase classname="tests.test_reports_validation" name="test_validate_template_payload_requires_column_key" time="0.001" /><testcase classname="tests.test_reports_validation" name="test_validate_template_payload_default_column_type_for_blank" time="0.001" /><testcase classname="tests.test_resolve_paths_windows" name="test_resolve_paths_accepts_windows_accounts_root" time="0.001" /><testcase classname="tests.test_review_comment.TestBuildReviewComment" name="test_non_empty_body_produces_full_review[Claude]" time="8.170" /><testcase classname="tests.test_review_comment.TestBuildReviewComment" name="test_non_empty_body_produces_full_review[GPT]" time="0.174" /><testcase classname="tests.test_review_comment.TestBuildReviewComment" name="test_empty_body_produces_failure_notice[Claude]" time="0.195" /><testcase classname="tests.test_review_comment.TestBuildReviewComment" name="test_empty_body_produces_failure_notice[GPT]" time="0.147" /><testcase classname="tests.test_review_comment.TestBuildReviewComment" name="test_missing_body_produces_failure_notice[Claude]" time="0.147" /><testcase classname="tests.test_review_comment.TestBuildReviewComment" name="test_missing_body_produces_failure_notice[GPT]" time="0.145" /><testcase classname="tests.test_risk" name="test_clamp_loss_fraction_boundaries[-0.1-0.0]" time="0.002" /><testcase classname="tests.test_risk" name="test_clamp_loss_fraction_boundaries[0.0-0.0]" time="0.002" /><testcase classname="tests.test_risk" name="test_clamp_loss_fraction_boundaries[0.42-0.42]" time="0.001" /><testcase classname="tests.test_risk" name="test_clamp_loss_fraction_boundaries[1.0-1.0]" time="0.004" /><testcase classname="tests.test_risk" name="test_clamp_loss_fraction_boundaries[1.3-1.0]" time="0.002" /><testcase classname="tests.test_risk" name="test_clamp_loss_fraction_preserves_nan" time="0.001" /><testcase classname="tests.test_risk" name="test_compute_sharpe_ratio" time="0.003" /><testcase classname="tests.test_risk" name="test_compute_sharpe_ratio_insufficient" time="0.002" /><testcase classname="tests.test_risk" name="test_compute_portfolio_var_accepts_percentage" time="0.002" /><testcase classname="tests.test_risk" name="test_compute_portfolio_var_breakdown_deterministic[True-expected0]" time="0.009" /><testcase classname="tests.test_risk" name="test_compute_portfolio_var_breakdown_deterministic[False-expected1]" time="0.005" /><testcase classname="tests.test_risk" name="test_compute_portfolio_var_breakdown_invalid_confidence[0]" time="0.001" /><testcase classname="tests.test_risk" name="test_compute_portfolio_var_breakdown_invalid_confidence[101]" time="0.001" /><testcase classname="tests.test_risk" name="test_compute_portfolio_var_breakdown_invalid_days" time="0.001" /><testcase classname="tests.test_risk" name="test_compute_portfolio_var_breakdown_accepts_percentage" time="0.001" /><testcase classname="tests.test_risk" name="test_compute_portfolio_var_invalid_days" time="0.001" /><testcase classname="tests.test_risk" name="test_compute_portfolio_var_invalid_confidence" time="0.001" /><testcase classname="tests.test_risk" name="test_compute_portfolio_var_returns_none_when_no_history" time="0.001" /><testcase classname="tests.test_risk" name="test_compute_portfolio_var_handles_empty_returns" time="0.003" /><testcase classname="tests.test_risk" name="test_compute_portfolio_var_overflow_inputs_remain_bounded" time="0.005" /><testcase classname="tests.test_risk" name="test_compute_portfolio_var_ignores_nonfinite_edge_inputs" time="0.004" /><testcase classname="tests.test_risk" name="test_compute_portfolio_var_returns_none_for_nonfinite_current_value" time="0.003" /><testcase classname="tests.test_risk" name="test_compute_portfolio_var_produces_values" time="0.008" /><testcase classname="tests.test_risk" name="test_compute_portfolio_var_normal_path_preserves_uncapped_loss" time="0.005" /><testcase classname="tests.test_risk" name="test_compute_portfolio_var_caps_losses_at_portfolio_value" time="0.005" /><testcase classname="tests.test_risk" name="test_compute_portfolio_var_quantile_nan_returns_none" time="0.003" /><testcase classname="tests.test_risk" name="test_compute_portfolio_var_ignores_cash_timeseries_penny_bug" time="0.119" /><testcase classname="tests.test_risk" name="test_compute_portfolio_var_breakdown_skip_conditions" time="0.008" /><testcase classname="tests.test_risk" name="test_compute_portfolio_var_breakdown_includes_cash_even_when_var_is_none" time="0.003" /><testcase classname="tests.test_risk" name="test_compute_portfolio_var_breakdown_scaling_matches_prescaled_input" time="0.002" /><testcase classname="tests.test_risk" name="test_compute_portfolio_var_breakdown_preserves_normal_path" time="0.002" /><testcase classname="tests.test_risk" name="test_compute_portfolio_var_breakdown_caps_per_position_contribution" time="0.002" /><testcase classname="tests.test_risk" name="test_compute_portfolio_var_breakdown_normalizes_signed_var[-3.0-0.0]" time="0.002" /><testcase classname="tests.test_risk" name="test_compute_portfolio_var_breakdown_normalizes_signed_var[0.0-0.0]" time="0.002" /><testcase classname="tests.test_risk" name="test_compute_portfolio_var_breakdown_normalizes_signed_var[3.0-75.0]" time="0.002" /><testcase classname="tests.test_risk" name="test_compute_sharpe_ratio_invalid_days" time="0.001" /><testcase classname="tests.test_risk" name="test_compute_sharpe_ratio_handles_dict_payload" time="0.001" /><testcase classname="tests.test_risk" name="test_compute_sharpe_ratio_returns_none_when_std_zero" time="0.002" /><testcase classname="tests.test_run_all_tickers" name="test_run_all_tickers_accepts_full_tickers" time="0.002" /><testcase classname="tests.test_run_all_tickers" name="test_run_all_tickers_handles_underscore_and_dot" time="0.003" /><testcase classname="tests.test_run_all_tickers" name="test_run_all_tickers_resolves_exchange_from_metadata" time="0.001" /><testcase classname="tests.test_scenario_route" name="test_scenario_route" time="0.140" /><testcase classname="tests.test_scenario_route" name="test_historical_scenario_route" time="0.145" /><testcase classname="tests.test_scenario_route" name="test_events_route" time="0.150" /><testcase classname="tests.test_scenario_tester" name="test_price_shock_uses_cached_price_for_missing_current_price" time="0.001" /><testcase classname="tests.test_scenario_tester" name="test_apply_historical_event_uses_proxy_for_missing" time="0.005" /><testcase classname="tests.test_scenario_tester" name="test_apply_historical_event_scales_portfolio" time="0.005" /><testcase classname="tests.test_scenario_tester" name="test_historical_event_falls_back_to_proxy" time="0.004" /><testcase classname="tests.test_scenario_tester" name="test_historical_event_uses_proxy_when_data_incomplete" time="0.004" /><testcase classname="tests.test_screener" name="test_fetch_fundamentals_uses_cache" time="0.001" /><testcase classname="tests.test_screener" name="test_fetch_fundamentals_refreshes_expired_cache" time="0.002" /><testcase classname="tests.test_screener" name="test_screen_filters_each_threshold[threshold_kwargs0-failing_updates0]" time="0.001" /><testcase classname="tests.test_screener" name="test_screen_filters_each_threshold[threshold_kwargs1-failing_updates1]" time="0.001" /><testcase classname="tests.test_screener" name="test_screen_filters_each_threshold[threshold_kwargs2-failing_updates2]" time="0.001" /><testcase classname="tests.test_screener" name="test_screen_filters_each_threshold[threshold_kwargs3-failing_updates3]" time="0.001" /><testcase classname="tests.test_screener" name="test_screen_filters_each_threshold[threshold_kwargs4-failing_updates4]" time="0.001" /><testcase classname="tests.test_screener" name="test_screen_filters_each_threshold[threshold_kwargs5-failing_updates5]" time="0.001" /><testcase classname="tests.test_screener" name="test_screen_filters_each_threshold[threshold_kwargs6-failing_updates6]" time="0.001" /><testcase classname="tests.test_screener" name="test_screen_filters_each_threshold[threshold_kwargs7-failing_updates7]" time="0.001" /><testcase classname="tests.test_screener" name="test_screen_filters_each_threshold[threshold_kwargs8-failing_updates8]" time="0.001" /><testcase classname="tests.test_screener" name="test_screen_filters_each_threshold[threshold_kwargs9-failing_updates9]" time="0.001" /><testcase classname="tests.test_screener" name="test_screen_filters_each_threshold[threshold_kwargs10-failing_updates10]" time="0.001" /><testcase classname="tests.test_screener" name="test_screen_filters_each_threshold[threshold_kwargs11-failing_updates11]" time="0.001" /><testcase classname="tests.test_screener" name="test_screen_filters_each_threshold[threshold_kwargs12-failing_updates12]" time="0.001" /><testcase classname="tests.test_screener" name="test_screen_filters_each_threshold[threshold_kwargs13-failing_updates13]" time="0.001" /><testcase classname="tests.test_screener" name="test_screen_filters_each_threshold[threshold_kwargs14-failing_updates14]" time="0.001" /><testcase classname="tests.test_screener" name="test_screen_filters_each_threshold[threshold_kwargs15-failing_updates15]" time="0.002" /><testcase classname="tests.test_screener" name="test_screen_filters_each_threshold[threshold_kwargs16-failing_updates16]" time="0.001" /><testcase classname="tests.test_screener" name="test_screen_filters_each_threshold[threshold_kwargs17-failing_updates17]" time="0.001" /><testcase classname="tests.test_screener" name="test_screen_filters_each_threshold[threshold_kwargs18-failing_updates18]" time="0.001" /><testcase classname="tests.test_screener" name="test_screen_filters_each_threshold[threshold_kwargs19-failing_updates19]" time="0.001" /><testcase classname="tests.test_screener" name="test_screen_filters_each_threshold[threshold_kwargs20-failing_updates20]" time="0.001" /><testcase classname="tests.test_screener" name="test_screen_filters_each_threshold[threshold_kwargs21-failing_updates21]" time="0.001" /><testcase classname="tests.test_screener" name="test_screen_filters_each_threshold[threshold_kwargs22-failing_updates22]" time="0.002" /><testcase classname="tests.test_screener" name="test_screen_filters_each_threshold[threshold_kwargs23-failing_updates23]" time="0.001" /><testcase classname="tests.test_screener" name="test_screen_filters_each_threshold[threshold_kwargs24-failing_updates24]" time="0.001" /><testcase classname="tests.test_screener" name="test_screen_skips_tickers_with_fetch_errors" time="0.001" /><testcase classname="tests.test_screener" name="test_fetch_fundamentals_parses_values" time="0.001" /><testcase classname="tests.test_screener" name="test_screen_filters_based_on_thresholds" time="0.001" /><testcase classname="tests.test_setup_env" name="test_setup_env_compiles" time="0.006" /><testcase classname="tests.test_state_pension_age" name="test_state_pension_age_thresholds[1950-01-01-66]" time="0.001" /><testcase classname="tests.test_state_pension_age" name="test_state_pension_age_thresholds[1965-07-23-67]" time="0.002" /><testcase classname="tests.test_state_pension_age" name="test_state_pension_age_thresholds[1978-12-31-68]" time="0.001" /><testcase classname="tests.test_state_pension_age" name="test_state_pension_age_invalid[None]" time="0.001" /><testcase classname="tests.test_state_pension_age" name="test_state_pension_age_invalid[]" time="0.001" /><testcase classname="tests.test_state_pension_age" name="test_state_pension_age_invalid[not-a-date]" time="0.002" /><testcase classname="tests.test_stooq_rate_limit" name="test_get_stooq_suffix_aliases" time="0.001" /><testcase classname="tests.test_stooq_rate_limit" name="test_stooq_rate_limit_disables_until_next_day" time="0.007" /><testcase classname="tests.test_stooq_rate_limit" name="test_meta_timeseries_handles_stooq_rate_limit" time="0.007" /><testcase classname="tests.test_stooq_rate_limit" name="test_stooq_timeout_returns_empty" time="0.002" /><testcase classname="tests.test_storage" name="test_get_storage_file_relative" time="0.008" /><testcase classname="tests.test_storage" name="test_get_storage_file_absolute" time="0.006" /><testcase classname="tests.test_storage" name="test_get_storage_other_schemes" time="0.001" /><testcase classname="tests.test_storage" name="test_get_storage_unknown_scheme" time="0.001" /><testcase classname="tests.test_storage" name="test_s3_load_client_error" time="0.001" /><testcase classname="tests.test_storage" name="test_ssm_load_client_error" time="0.001" /><testcase classname="tests.test_styles_snapshot" name="test_stylesheet_snapshot" time="0.002" /><testcase classname="tests.test_support_route" name="test_support_telegram_forwards_message" time="0.164" /><testcase classname="tests.test_support_route" name="test_support_telegram_failure" time="0.145" /><testcase classname="tests.test_support_route" name="test_portfolio_health_empty_cache" time="0.158" /><testcase classname="tests.test_support_route" name="test_portfolio_health_suggestions_added" time="0.166" /><testcase classname="tests.test_support_telegram_route" name="test_post_telegram_success" time="0.011" /><testcase classname="tests.test_support_telegram_route" name="test_post_telegram_handles_error" time="0.016" /><testcase classname="tests.test_sync_issues" name="test_reopened_issue_file_is_not_deleted" time="0.006" /><testcase classname="tests.test_sync_issues" name="test_genuinely_closed_issue_file_is_deleted" time="0.004" /><testcase classname="tests.test_sync_issues" name="test_open_issue_file_is_created" time="0.005" /><testcase classname="tests.test_tax_route" name="test_tax_harvest_route" time="0.133" /><testcase classname="tests.test_tax_route" name="test_tax_allowances_route" time="0.265" /><testcase classname="tests.test_tax_route" name="test_tax_allowances_route_with_auth" time="0.271" /><testcase classname="tests.test_telegram_utils" name="test_send_message_requires_config" time="0.001" /><testcase classname="tests.test_telegram_utils" name="test_handler_avoids_lazy_config_reload" time="0.001" /><testcase classname="tests.test_telegram_utils" name="test_log_handler_without_config" time="0.001" /><testcase classname="tests.test_telegram_utils" name="test_send_message_success" time="0.001" /><testcase classname="tests.test_telegram_utils" name="test_deduplicates_messages_within_ttl" time="0.001" /><testcase classname="tests.test_telegram_utils" name="test_sends_messages_after_ttl" time="0.001" /><testcase classname="tests.test_telegram_utils" name="test_handles_http_429" time="0.002" /><testcase classname="tests.test_telegram_utils" name="test_uses_retry_after_header" time="0.001" /><testcase classname="tests.test_telegram_utils" name="test_handles_timeout" time="0.002" /><testcase classname="tests.test_telegram_utils" name="test_redacts_token_from_errors" time="0.003" /><testcase classname="tests.test_telegram_utils" name="test_redact_token" time="0.001" /><testcase classname="tests.test_telegram_utils" name="test_send_message_offline" time="0.002" /><testcase classname="tests.test_telegram_utils" name="test_rate_limit_sleep" time="0.002" /><testcase classname="tests.test_telegram_utils" name="test_invalid_retry_after" time="0.002" /><testcase classname="tests.test_telegram_utils" name="test_raise_for_status" time="0.001" /><testcase classname="tests.test_telegram_utils" name="test_send_message_skips_gracefully_when_env_vars_absent" time="0.016" /><testcase classname="tests.test_ticker_validation" name="test_invalid_ticker_skipped" time="0.009" /><testcase classname="tests.test_timeseries_admin_auth" name="test_pension_forecast_demo_owner_returns_ok_in_aws" time="0.214"><skipped type="pytest.xfail" message="To fix" /></testcase><testcase classname="tests.test_timeseries_api" name="test_timeseries_json" time="0.154" /><testcase classname="tests.test_timeseries_api" name="test_timeseries_html" time="0.135" /><testcase classname="tests.test_timeseries_api" name="test_timeseries_csv" time="0.501" /><testcase classname="tests.test_timeseries_api" name="test_timeseries_not_found" time="0.273" /><testcase classname="tests.test_timeseries_cache_base" name="test_missing_cache_base_raises" time="0.029" /><testcase classname="tests.test_timeseries_cache_base" name="test_cache_base_from_env" time="0.034" /><testcase classname="tests.test_timeseries_cache_base" name="test_cache_base_from_config" time="0.031" /><testcase classname="tests.test_timeseries_cache_base" name="test_has_cached_meta_timeseries_returns_true_for_existing_s3_object" time="0.002" /><testcase classname="tests.test_timeseries_cache_base" name="test_has_cached_meta_timeseries_returns_false_for_missing_s3_object" time="0.002" /><testcase classname="tests.test_timeseries_cache_base" name="test_has_cached_meta_timeseries_skips_repeat_head_object_for_confirmed_missing" time="0.002" /><testcase classname="tests.test_timeseries_cache_base" name="test_has_cached_meta_timeseries_rechecks_after_negative_cache_ttl_expires" time="0.002" /><testcase classname="tests.test_timeseries_cache_base" name="test_has_cached_meta_timeseries_keeps_local_path_behaviour" time="0.012" /><testcase classname="tests.test_timeseries_cache_base" name="test_has_cached_meta_timeseries_returns_false_for_non_404_client_error" time="0.004" /><testcase classname="tests.test_timeseries_cache_base" name="test_has_cached_meta_timeseries_returns_false_when_s3_client_creation_fails" time="0.004" /><testcase classname="tests.test_timeseries_cache_base" name="test_s3_cache_object_exists_returns_false_for_invalid_path" time="0.003" /><testcase classname="tests.test_timeseries_cache_base" name="test_s3_meta_cache_invalidates_when_last_modified_changes" time="0.005" /><testcase classname="tests.test_timeseries_cache_base" name="test_local_meta_cache_still_invalidates_when_file_mtime_changes" time="0.011" /><testcase classname="tests.test_timeseries_cache_base" name="test_load_meta_timeseries_skips_repeat_head_object_for_confirmed_missing_cache" time="0.003" /><testcase classname="tests.test_timeseries_cache_base" name="test_has_cached_meta_timeseries_thread_safe_for_confirmed_missing" time="0.005" /><testcase classname="tests.test_timeseries_cache_base" name="test_s3_object_mtime_returns_none_for_confirmed_missing" time="0.002" /><testcase classname="tests.test_timeseries_cache_base" name="test_invalidate_meta_caches_skips_update_for_confirmed_missing" time="0.002" /><testcase classname="tests.test_timeseries_cache_base" name="test_s3_object_mtime_skips_repeat_head_object_within_ttl" time="0.002" /><testcase classname="tests.test_timeseries_cache_base" name="test_s3_range_cache_invalidates_when_last_modified_changes" time="0.014" /><testcase classname="tests.test_timeseries_cache_merge" name="test_merge_skips_empty_frames" time="0.024" /><testcase classname="tests.test_timeseries_cache_merge" name="test_ensure_schema_missing_date" time="0.003" /><testcase classname="tests.test_timeseries_cache_merge" name="test_ensure_schema_normalises_date_to_ms[ns]" time="0.006" /><testcase classname="tests.test_timeseries_cache_merge" name="test_ensure_schema_normalises_date_to_ms[ms]" time="0.005" /><testcase classname="tests.test_timeseries_cache_merge" name="test_ensure_schema_normalises_date_to_ms[s]" time="0.005" /><testcase classname="tests.test_timeseries_cache_merge" name="test_ensure_schema_normalises_date_to_ms[date_objects]" time="0.005" /><testcase classname="tests.test_timeseries_cache_merge" name="test_ensure_schema_normalises_date_to_ms[tz_aware_utc]" time="0.006" /><testcase classname="tests.test_timeseries_cache_merge" name="test_ensure_schema_normalises_date_to_ms[tz_aware_non_utc]" time="0.006" /><testcase classname="tests.test_timeseries_cache_merge" name="test_rolling_cache_serves_cached_slice_on_fetch_failure" time="0.035" /><testcase classname="tests.test_timeseries_cache_merge" name="test_rolling_cache_serves_cached_slice_on_empty_fetch" time="0.038" /><testcase classname="tests.test_timeseries_edit_route" name="test_timeseries_edit_roundtrip" time="0.202" /><testcase classname="tests.test_timeseries_edit_route" name="test_timeseries_edit_invalid_json_logs_validation_failure" time="0.177" /><testcase classname="tests.test_timeseries_helpers" name="test_apply_scaling_scales_numeric_columns" time="0.003" /><testcase classname="tests.test_timeseries_helpers" name="test_apply_scaling_noop[None]" time="0.001" /><testcase classname="tests.test_timeseries_helpers" name="test_apply_scaling_noop[1]" time="0.001" /><testcase classname="tests.test_timeseries_helpers" name="test_get_scaling_override_prefers_requested" time="0.007" /><testcase classname="tests.test_timeseries_helpers" name="test_get_scaling_override_reads_override_file" time="0.005" /><testcase classname="tests.test_timeseries_helpers" name="test_get_scaling_override_currency_detection" time="0.001" /><testcase classname="tests.test_timeseries_helpers" name="test_get_scaling_override_falls_back_to_security_meta" time="0.001" /><testcase classname="tests.test_timeseries_helpers" name="test_handle_timeseries_response_empty_df" time="0.001" /><testcase classname="tests.test_timeseries_helpers" name="test_handle_timeseries_response_json_includes_metadata" time="0.001" /><testcase classname="tests.test_timeseries_helpers" name="test_handle_timeseries_response_csv" time="0.005" /><testcase classname="tests.test_timeseries_helpers" name="test_handle_timeseries_response_html" time="0.001" /><testcase classname="tests.test_timeseries_helpers" name="test_nearest_weekday[input_date0-True-expected0]" time="0.001" /><testcase classname="tests.test_timeseries_helpers" name="test_nearest_weekday[input_date1-False-expected1]" time="0.001" /><testcase classname="tests.test_timeseries_helpers" name="test_nearest_weekday[input_date2-True-expected2]" time="0.001" /><testcase classname="tests.test_timeseries_helpers" name="test_is_isin[US0378331005-True]" time="0.001" /><testcase classname="tests.test_timeseries_helpers" name="test_is_isin[AAPL-False]" time="0.001" /><testcase classname="tests.test_timeseries_helpers" name="test_is_isin[GB0002634946.L-True]" time="0.001" /><testcase classname="tests.test_timeseries_helpers" name="test_is_isin[INVALID@@-False]" time="0.001" /><testcase classname="tests.test_timeseries_meta_route" name="test_timeseries_meta_formats[json]" time="0.134" /><testcase classname="tests.test_timeseries_meta_route" name="test_timeseries_meta_formats[csv]" time="0.152" /><testcase classname="tests.test_timeseries_meta_route" name="test_timeseries_meta_formats[html]" time="0.143" /><testcase classname="tests.test_timeseries_meta_route" name="test_timeseries_meta_not_found" time="0.137" /><testcase classname="tests.test_timeseries_meta_route" name="test_timeseries_meta_bad_request" time="0.137" /><testcase classname="tests.test_timeseries_meta_route" name="test_timeseries_meta_xss_payload_rejected[params0]" time="0.141" /><testcase classname="tests.test_timeseries_meta_route" name="test_timeseries_meta_xss_payload_rejected[params1]" time="0.140" /><testcase classname="tests.test_timeseries_meta_route" name="test_timeseries_meta_xss_payload_rejected[params2]" time="0.133" /><testcase classname="tests.test_timeseries_meta_route" name="test_timeseries_meta_valid_exchange_codes[HFEL-L]" time="0.138" /><testcase classname="tests.test_timeseries_meta_route" name="test_timeseries_meta_valid_exchange_codes[BRK-B-US]" time="0.151" /><testcase classname="tests.test_timeseries_meta_route" name="test_timeseries_meta_valid_exchange_codes[ABC-NYSE.US]" time="0.150" /><testcase classname="tests.test_trade_approvals" name="test_enrich_holding_requires_approval" time="0.003" /><testcase classname="tests.test_trade_approvals" name="test_enrich_holding_weekend_anniversary" time="0.003" /><testcase classname="tests.test_trade_approvals" name="test_compliance_checks_approval" time="0.019" /><testcase classname="tests.test_trade_approvals" name="test_save_approvals_persists" time="0.008" /><testcase classname="tests.test_trade_approvals" name="test_load_approvals_missing" time="0.006" /><testcase classname="tests.test_trade_approvals" name="test_approvals_endpoints" time="0.209" /><testcase classname="tests.test_trades_task" name="test_persist_trades_writes_combined_csv" time="0.006" /><testcase classname="tests.test_trades_task" name="test_lambda_handler_saves_and_alerts" time="0.005" /><testcase classname="tests.test_trades_task" name="test_persist_trades_empty" time="0.001" /><testcase classname="tests.test_trades_task" name="test_lambda_handler_since" time="0.004" /><testcase classname="tests.test_trading_agent" name="test_generate_signals_buy_sell_actions" time="0.057" /><testcase classname="tests.test_trading_agent" name="test_generate_signals_emits_alerts" time="0.028" /><testcase classname="tests.test_trading_agent" name="test_agent_generate_signals_indicators" time="0.001" /><testcase classname="tests.test_trading_agent" name="test_agent_generate_signals_risk_filters" time="0.001" /><testcase classname="tests.test_trading_agent" name="test_load_strategy_config_ignores_unknown_keys" time="0.007" /><testcase classname="tests.test_trading_agent" name="test_send_trade_alert_sns_only" time="0.001" /><testcase classname="tests.test_trading_agent" name="test_send_trade_alert_with_telegram" time="0.001" /><testcase classname="tests.test_trading_agent" name="test_send_trade_alert_no_publish_with_telegram" time="0.001" /><testcase classname="tests.test_trading_agent" name="test_run_defaults_to_all_known_tickers" time="0.008" /><testcase classname="tests.test_trading_agent" name="test_run_sends_telegram_when_not_aws" time="0.009" /><testcase classname="tests.test_trading_agent" name="test_run_compliance_gates_actions" time="0.005" /><testcase classname="tests.test_trading_agent" name="test_run_skips_signal_when_compliance_blocks" time="0.008" /><testcase classname="tests.test_trading_agent" name="test_log_trade_recreates_directory" time="0.006" /><testcase classname="tests.test_trading_agent" name="test_run_uses_rsi_and_fundamentals" time="0.011" /><testcase classname="tests.test_trading_agent" name="test_run_does_not_filter_sell_signal" time="0.008" /><testcase classname="tests.test_trading_agent" name="test_run_generates_ma_signal" time="0.003" /><testcase classname="tests.test_trading_agent" name="test_run_applies_risk_filters" time="0.006" /><testcase classname="tests.test_trading_agent" name="test_alert_on_drawdown_handles_value_error" time="0.001" /><testcase classname="tests.test_trading_agent_errors" name="test_send_trade_alert_handles_publish_failure" time="0.001" /><testcase classname="tests.test_trading_agent_errors" name="test_price_column_returns_none" time="0.001" /><testcase classname="tests.test_trading_agent_errors" name="test_generate_signals_rsi_extremes" time="0.001" /><testcase classname="tests.test_trading_agent_errors" name="test_alert_on_drawdown_handles_missing_perf" time="0.001" /><testcase classname="tests.test_trading_agent_errors" name="test_alert_on_drawdown_emits_alert" time="0.001" /><testcase classname="tests.test_trading_agent_lambda" name="test_lambda_handler_calls_run_once" time="0.004" /><testcase classname="tests.test_trading_agent_route" name="test_trading_agent_signals_route" time="0.203" /><testcase classname="tests.test_trading_agent_route" name="test_trading_agent_email_error" time="0.002" /><testcase classname="tests.test_trail_route" name="test_complete_task_demo_wraps_list_response" time="0.003" /><testcase classname="tests.test_trail_route" name="test_complete_task_demo_preserves_full_response" time="0.003" /><testcase classname="tests.test_trail_route" name="test_complete_task_authenticated_wraps_list_response" time="0.003" /><testcase classname="tests.test_trail_route" name="test_complete_task_authenticated_preserves_full_response" time="0.003" /><testcase classname="tests.test_trail_route" name="test_complete_task_demo_passthrough" time="0.002" /><testcase classname="tests.test_trail_route" name="test_complete_task_authenticated_passthrough" time="0.009" /><testcase classname="tests.test_transaction_post_updates_portfolio" name="test_post_transaction_updates_portfolio" time="0.179" /><testcase classname="tests.test_transaction_reconciliation" name="test_reconcile_injects_synthetic_transaction" time="0.047" /><testcase classname="tests.test_transaction_reconciliation" name="test_reconcile_ignores_balanced_accounts" time="0.043" /><testcase classname="tests.test_transactions_import" name="test_import_transactions_csv" time="0.752" /><testcase classname="tests.test_transactions_import" name="test_import_transactions_hargreaves_uses_owner_account_fallback" time="0.460" /><testcase classname="tests.test_transactions_import" name="test_import_transactions_skips_rows_with_no_resolvable_owner_account" time="0.334" /><testcase classname="tests.test_transactions_import" name="test_degiro_to_float_invalid_inputs" time="0.001" /><testcase classname="tests.test_transactions_import" name="test_degiro_parse_handles_bad_data" time="0.001" /><testcase classname="tests.test_transactions_import" name="test_moneyhub_parse_fixture" time="0.002" /><testcase classname="tests.test_transactions_import" name="test_moneyhub_parse_uses_id_column_when_present" time="0.001" /><testcase classname="tests.test_transactions_import" name="test_moneyhub_composite_key_requires_date_and_amount" time="0.001" /><testcase classname="tests.test_transactions_import" name="test_moneyhub_to_float_invalid_inputs" time="0.001" /><testcase classname="tests.test_transactions_import" name="test_moneyhub_parse_header_only_csv_returns_no_transactions" time="0.001" /><testcase classname="tests.test_transactions_import" name="test_moneyhub_parse_row_with_empty_date_has_no_composite_key" time="0.001" /><testcase classname="tests.test_transactions_import" name="test_moneyhub_parse_rejects_csv_with_unrecognised_columns" time="0.002" /><testcase classname="tests.test_transactions_import" name="test_moneyhub_parse_rejects_csv_missing_some_required_columns" time="0.002" /><testcase classname="tests.test_transactions_import" name="test_moneyhub_parse_rejects_empty_csv" time="0.002" /><testcase classname="tests.test_transactions_import" name="test_moneyhub_parse_header_matching_is_case_insensitive_for_id[Id]" time="0.002" /><testcase classname="tests.test_transactions_import" name="test_moneyhub_parse_header_matching_is_case_insensitive_for_id[id]" time="0.002" /><testcase classname="tests.test_transactions_import" name="test_moneyhub_parse_header_matching_is_case_insensitive_for_id[ID]" time="0.002" /><testcase classname="tests.test_transactions_import" name="test_moneyhub_parse_header_matching_is_case_insensitive_for_id[iD]" time="0.002" /><testcase classname="tests.test_transactions_import" name="test_moneyhub_parse_header_matching_is_case_insensitive_for_required_columns" time="0.002" /><testcase classname="tests.test_transactions_import" name="test_dedupe_against_existing_returns_all_when_existing_empty" time="0.002" /><testcase classname="tests.test_transactions_import" name="test_dedupe_against_existing_returns_empty_when_candidates_empty" time="0.002" /><testcase classname="tests.test_transactions_import" name="test_dedupe_against_existing_filters_matching_external_ids" time="0.001" /><testcase classname="tests.test_transactions_import" name="test_dedupe_against_existing_treats_missing_external_id_as_always_new" time="0.001" /><testcase classname="tests.test_transactions_import" name="test_import_transactions_moneyhub_persists_and_dedupes_on_reimport" time="0.453" /><testcase classname="tests.test_transactions_round_trip" name="test_transaction_round_trip" time="0.449" /><testcase classname="tests.test_transactions_route" name="test_create_transaction_success" time="0.449" /><testcase classname="tests.test_transactions_route" name="test_create_transaction_validation_error" time="0.405" /><testcase classname="tests.test_transactions_route" name="test_dividends_endpoint" time="0.436" /><testcase classname="tests.test_transactions_route" name="test_load_all_transactions_handles_missing_root" time="0.002" /><testcase classname="tests.test_transactions_route" name="test_load_all_transactions_handles_missing_directory" time="0.015" /><testcase classname="tests.test_transactions_route" name="test_load_all_transactions_skips_malformed_json" time="0.018" /><testcase classname="tests.test_transactions_route" name="test_load_all_transactions_normalises_names" time="0.020" /><testcase classname="tests.test_transactions_route" name="test_load_all_transactions_merges_global_and_writable" time="0.031" /><testcase classname="tests.test_transactions_route" name="test_validate_component_rejects_invalid_values" time="0.002" /><testcase classname="tests.test_transactions_route" name="test_parse_date_rejects_invalid_formats" time="0.002" /><testcase classname="tests.test_transactions_route" name="test_locked_transactions_data_does_not_persist_failed_update" time="0.025" /><testcase classname="tests.test_transactions_route" name="test_locked_account_holdings_data_discards_failed_new_file" time="0.022" /><testcase classname="tests.test_transactions_route" name="test_create_transaction_requires_accounts_root" time="0.427" /><testcase classname="tests.test_transactions_route" name="test_create_transaction_rejects_invalid_owner" time="0.407" /><testcase classname="tests.test_transactions_route" name="test_create_transaction_rejects_invalid_account" time="0.424" /><testcase classname="tests.test_transactions_route" name="test_create_transaction_requires_reason" time="0.398" /><testcase classname="tests.test_transactions_route" name="test_create_transaction_requires_price" time="0.388" /><testcase classname="tests.test_transactions_route" name="test_create_transaction_requires_units" time="0.400" /><testcase classname="tests.test_transactions_route" name="test_transactions_compliance_filters" time="0.437" /><testcase classname="tests.test_transactions_route" name="test_import_transactions_success" time="0.425" /><testcase classname="tests.test_transactions_route" name="test_calculate_portfolio_impact_tolerates_bank_transaction_fields" time="0.002" /><testcase classname="tests.test_transactions_route" name="test_import_transactions_rolls_back_when_later_write_fails" time="0.498" /><testcase classname="tests.test_transactions_route" name="test_import_transactions_empty_parse_does_not_require_writable_store" time="0.469" /><testcase classname="tests.test_transactions_route" name="test_import_transactions_unknown_provider" time="0.419" /><testcase classname="tests.test_transactions_route" name="test_import_holdings_success" time="0.764" /><testcase classname="tests.test_transactions_route" name="test_import_holdings_unknown_provider" time="0.402" /><testcase classname="tests.test_transactions_route" name="test_create_manual_holding_with_value_persists_account_file" time="0.445" /><testcase classname="tests.test_transactions_route" name="test_create_manual_holding_with_units_and_price" time="0.418" /><testcase classname="tests.test_transactions_route" name="test_create_manual_holding_updates_existing_ticker_in_account" time="0.441" /><testcase classname="tests.test_transactions_route" name="test_create_manual_holding_with_value_takes_precedence_over_units_and_price" time="0.444" /><testcase classname="tests.test_transactions_route" name="test_create_manual_holding_rejects_invalid_metric_combo" time="0.442" /><testcase classname="tests.test_transactions_route" name="test_create_account_creates_empty_skeleton" time="0.419" /><testcase classname="tests.test_transactions_route" name="test_create_account_with_custom_currency" time="0.468" /><testcase classname="tests.test_transactions_route" name="test_create_account_rejects_duplicate" time="0.449" /><testcase classname="tests.test_transactions_route" name="test_create_account_rejects_invalid_owner_slug" time="0.398" /><testcase classname="tests.test_transactions_route" name="test_create_account_rejects_invalid_account_type_slug" time="0.491" /><testcase classname="tests.test_transactions_route" name="test_create_account_rejects_reserved_account_type" time="0.469" /><testcase classname="tests.test_transactions_route" name="test_list_manual_holdings_returns_accounts" time="0.467" /><testcase classname="tests.test_transactions_route" name="test_transactions_and_dividends_filters" time="0.475" /><testcase classname="tests.test_transactions_route" name="test_post_manual_holding_s3_aws_returns_2xx_and_writes_to_writable_prefix" time="0.427" /><testcase classname="tests.test_transactions_route" name="test_get_manual_holdings_s3_aws_returns_created_holding" time="0.473" /><testcase classname="tests.test_transactions_route" name="test_app_env_aws_does_not_leak" time="0.002" /><testcase classname="tests.test_update_latest_prices_from_snapshot" name="test_update_latest_prices_from_snapshot_skips_none" time="0.002" /><testcase classname="tests.test_user_config_route" name="test_fetch_and_update_user_config" time="0.519" /><testcase classname="tests.test_user_config_route" name="test_missing_owner_returns_error" time="0.447" /><testcase classname="tests.test_user_config_route" name="test_defaults_from_config_return_lists" time="0.861" /><testcase classname="tests.test_user_config_route" name="test_owner_config_authorization_enforced" time="0.674" /><testcase classname="tests.test_var_route" name="test_var_known_case" time="0.503" /><testcase classname="tests.test_var_route" name="test_var_breakdown" time="1.163" /><testcase classname="tests.test_var_route" name="test_var_breakdown_bad_params" time="0.578" /><testcase classname="tests.test_var_route" name="test_var_breakdown_unknown_owner" time="0.473" /><testcase classname="tests.test_var_route" name="test_var_breakdown_scenario_filters_extreme_outlier" time="0.735" /><testcase classname="tests.test_virtual_portfolio" name="test_aggregate_with_mixed_holdings" time="0.441" /><testcase classname="tests.test_virtual_portfolio" name="test_grouping_from_security_meta" time="0.003" /><testcase classname="tests.test_virtual_portfolio" name="test_performance_with_synthetic_holdings" time="0.024" /><testcase classname="tests.test_virtual_portfolio_routes" name="test_list_virtual_portfolios" time="0.437" /><testcase classname="tests.test_virtual_portfolio_routes" name="test_get_virtual_portfolio" time="0.437" /><testcase classname="tests.test_virtual_portfolio_routes" name="test_create_or_update_virtual_portfolio" time="0.368" /><testcase classname="tests.test_virtual_portfolio_routes" name="test_delete_virtual_portfolio" time="0.415" /><testcase classname="tests.test_weekly_report_email" name="test_render_weekly_report_uses_template" time="0.004" /><testcase classname="tests.test_weekly_report_email" name="test_send_weekly_report_email" time="0.002" /><testcase classname="tests.test_work_on_issue.TestSlugify" name="test_normal_title" time="0.003" /><testcase classname="tests.test_work_on_issue.TestSlugify" name="test_emoji_only_title_falls_back_to_deterministic_hash" time="0.004" /><testcase classname="tests.test_work_on_issue.TestSlugify" name="test_fallback_is_short_and_hex" time="0.002" /><testcase classname="tests.test_work_on_issue.TestSlugify" name="test_different_empty_titles_produce_different_fallbacks" time="0.002" /><testcase classname="tests.test_work_on_issue" name="test_fetch_issue_authenticates_with_token" time="0.004" /><testcase classname="tests.test_work_on_issue.TestBranchTypeFlag" name="test_defaults_to_fix_prefix" time="0.017" /><testcase classname="tests.test_work_on_issue.TestBranchTypeFlag" name="test_feat_flag_uses_feat_prefix" time="0.015" /><testcase classname="tests.test_work_on_issue.TestBranchTypeFlag" name="test_rejects_invalid_type" time="0.013" /><testcase classname="tests.test_work_on_issue.TestFetchDelay" name="test_sleeps_before_fetching_new_branch" time="0.017" /><testcase classname="tests.timeseries.test_fetch_alphavantage_timeseries" name="test_build_symbol_various_exchanges[IBM-US-IBM]" time="0.004" /><testcase classname="tests.timeseries.test_fetch_alphavantage_timeseries" name="test_build_symbol_various_exchanges[vod-L-VOD.LON]" time="0.003" /><testcase classname="tests.timeseries.test_fetch_alphavantage_timeseries" name="test_build_symbol_various_exchanges[GSK.LON-L-GSK.LON]" time="0.003" /><testcase classname="tests.timeseries.test_fetch_alphavantage_timeseries" name="test_build_symbol_various_exchanges[BHP-ASX-BHP.AX]" time="0.003" /><testcase classname="tests.timeseries.test_fetch_alphavantage_timeseries" name="test_build_symbol_various_exchanges[BAS-DE-BAS.DE]" time="0.003" /><testcase classname="tests.timeseries.test_fetch_alphavantage_timeseries" name="test_build_symbol_various_exchanges[ABC-UNKNOWN-ABC]" time="0.003" /><testcase classname="tests.timeseries.test_fetch_alphavantage_timeseries" name="test_parse_retry_after_from_header" time="0.002" /><testcase classname="tests.timeseries.test_fetch_alphavantage_timeseries" name="test_parse_retry_after_header_invalid_uses_message" time="0.002" /><testcase classname="tests.timeseries.test_fetch_alphavantage_timeseries" name="test_parse_retry_after_minutes_in_message" time="0.002" /><testcase classname="tests.timeseries.test_fetch_alphavantage_timeseries" name="test_parse_retry_after_no_hint" time="0.002" /><testcase classname="tests.timeseries.test_fetch_alphavantage_timeseries" name="test_fetch_range_http_rate_limit" time="0.003" /><testcase classname="tests.timeseries.test_fetch_alphavantage_timeseries" name="test_fetch_range_missing_timeseries" time="0.003" /><testcase classname="tests.timeseries.test_fetch_alphavantage_timeseries" name="test_fetch_range_note_rate_limit" time="0.003" /><testcase classname="tests.timeseries.test_fetch_alphavantage_timeseries" name="test_fetch_range_success" time="0.022" /><testcase classname="tests.timeseries.test_fetch_alphavantage_timeseries" name="test_fetch_range_invalid_ticker" time="0.003" /><testcase classname="tests.timeseries.test_fetch_alphavantage_timeseries" name="test_fetch_range_disabled" time="0.003" /><testcase classname="tests.timeseries.test_fetch_alphavantage_timeseries" name="test_fetch_range_rejects_private_base_url[aws_metadata]" time="0.002" /><testcase classname="tests.timeseries.test_fetch_alphavantage_timeseries" name="test_fetch_range_rejects_private_base_url[loopback]" time="0.003" /><testcase classname="tests.timeseries.test_fetch_alphavantage_timeseries" name="test_fetch_range_rejects_private_base_url[rfc1918]" time="0.003" /><testcase classname="tests.timeseries.test_fetch_alphavantage_timeseries" name="test_fetch_range_rejects_private_base_url[localhost]" time="0.002" /><testcase classname="tests.timeseries.test_fetch_ft_timeseries" name="test_build_ft_ticker_valid_isin" time="0.002" /><testcase classname="tests.timeseries.test_fetch_ft_timeseries" name="test_build_ft_ticker_non_isin_returns_none" time="0.002" /><testcase classname="tests.timeseries.test_fetch_ft_timeseries" name="test_fetch_ft_timeseries_range_cookie_banner" time="0.029" /><testcase classname="tests.timeseries.test_fetch_ft_timeseries" name="test_fetch_ft_timeseries_range_find_element_failure" time="0.004" /><testcase classname="tests.timeseries.test_fetch_ft_timeseries" name="test_fetch_ft_timeseries_non_isin_returns_empty_df" time="0.003" /><testcase classname="tests.timeseries.test_fetch_meta_timeseries" name="test_instrument_dirs_handles_overrides[custom_override_only]" time="0.018" /><testcase classname="tests.timeseries.test_fetch_meta_timeseries" name="test_instrument_dirs_handles_overrides[default_and_data_root]" time="0.018" /><testcase classname="tests.timeseries.test_fetch_meta_timeseries" name="test_instrument_dirs_handles_overrides[skip_broken_candidate]" time="0.017" /><testcase classname="tests.timeseries.test_fetch_meta_timeseries" name="test_resolve_exchange_from_metadata" time="0.020" /><testcase classname="tests.timeseries.test_fetch_meta_timeseries" name="test_resolve_symbol_exchange_details[ABC.L--m-L-M-Exchange metadata mismatch for ABC: using L but metadata M]" time="0.005" /><testcase classname="tests.timeseries.test_fetch_meta_timeseries" name="test_resolve_symbol_exchange_details[ABC.L-N-L-L-L-Exchange mismatch for ABC.L: suffix L vs argument N]" time="0.004" /><testcase classname="tests.timeseries.test_fetch_meta_timeseries" name="test_resolve_symbol_exchange_details[XYZ--l-L-L-Resolved exchange for XYZ via metadata: L]" time="0.004" /><testcase classname="tests.timeseries.test_fetch_meta_timeseries" name="test_resolve_symbol_exchange_details[XYZ-N-M-N-M-Exchange metadata mismatch for XYZ: using N but metadata M]" time="0.004" /><testcase classname="tests.timeseries.test_fetch_meta_timeseries" name="test_resolve_ticker_exchange_precedence" time="0.003" /><testcase classname="tests.timeseries.test_fetch_meta_timeseries" name="test_resolve_loader_exchange[ABC-X--X]" time="0.003" /><testcase classname="tests.timeseries.test_fetch_meta_timeseries" name="test_resolve_loader_exchange[ABC-X-Q-Q]" time="0.004" /><testcase classname="tests.timeseries.test_fetch_meta_timeseries" name="test_resolve_loader_exchange[ABC.L---L]" time="0.003" /><testcase classname="tests.timeseries.test_fetch_meta_timeseries" name="test_resolve_loader_exchange[ABC--M-M]" time="0.003" /><testcase classname="tests.timeseries.test_fetch_meta_timeseries" name="test_resolve_loader_exchange[ABC.L--Q-Q]" time="0.003" /><testcase classname="tests.timeseries.test_fetch_meta_timeseries" name="test_resolve_loader_exchange[ABC---]" time="0.003" /><testcase classname="tests.timeseries.test_fetch_meta_timeseries" name="test_metadata_entry_exists_requires_symbol_and_exchange" time="0.017" /><testcase classname="tests.timeseries.test_fetch_meta_timeseries" name="test_metadata_entry_exists_skips_problem_directories" time="0.019" /><testcase classname="tests.timeseries.test_fetch_meta_timeseries" name="test_resolve_cache_exchange[explicit_override_wins]" time="0.004" /><testcase classname="tests.timeseries.test_fetch_meta_timeseries" name="test_resolve_cache_exchange[provided_without_metadata]" time="0.004" /><testcase classname="tests.timeseries.test_fetch_meta_timeseries" name="test_resolve_cache_exchange[suffix_only]" time="0.004" /><testcase classname="tests.timeseries.test_fetch_meta_timeseries" name="test_resolve_cache_exchange[suffix_beats_argument]" time="0.004" /><testcase classname="tests.timeseries.test_fetch_meta_timeseries" name="test_resolve_cache_exchange[metadata_conflict_defaults_to_metadata]" time="0.004" /><testcase classname="tests.timeseries.test_fetch_meta_timeseries" name="test_resolve_cache_exchange[metadata_conflict_with_suffix]" time="0.004" /><testcase classname="tests.timeseries.test_fetch_meta_timeseries" name="test_resolve_cache_exchange[resolved_without_sources]" time="0.004" /><testcase classname="tests.timeseries.test_fetch_meta_timeseries" name="test_merge_and_coverage_ratio" time="0.019" /><testcase classname="tests.timeseries.test_fetch_meta_timeseries" name="test_coverage_ratio_partial_and_empty" time="0.007" /><testcase classname="tests.timeseries.test_fetch_meta_timeseries" name="test_fetch_meta_timeseries_invalid_ticker" time="0.007" /><testcase classname="tests.timeseries.test_fetch_meta_timeseries" name="test_fetch_meta_timeseries_cash_ticker" time="0.013" /><testcase classname="tests.timeseries.test_fetch_meta_timeseries" name="test_fetch_meta_timeseries_yahoo_only" time="0.008" /><testcase classname="tests.timeseries.test_fetch_meta_timeseries" name="test_fetch_meta_timeseries_yahoo_stooq_merge" time="0.014" /><testcase classname="tests.timeseries.test_fetch_meta_timeseries" name="test_fetch_meta_timeseries_coverage_shortfall" time="0.020" /><testcase classname="tests.timeseries.test_fetch_meta_timeseries" name="test_fetch_meta_timeseries_min_coverage_threshold" time="0.008" /><testcase classname="tests.timeseries.test_fetch_meta_timeseries" name="test_fetch_meta_timeseries_isin_returns_ft_without_other_sources" time="0.009" /><testcase classname="tests.timeseries.test_fetch_meta_timeseries" name="test_fetch_meta_timeseries_alpha_vantage_rate_limit" time="0.014" /><testcase classname="tests.timeseries.test_fetch_meta_timeseries" name="test_sanitize_metadata_symbol[valid_simple]" time="0.003" /><testcase classname="tests.timeseries.test_fetch_meta_timeseries" name="test_sanitize_metadata_symbol[valid_dotted]" time="0.003" /><testcase classname="tests.timeseries.test_fetch_meta_timeseries" name="test_sanitize_metadata_symbol[valid_hyphenated]" time="0.002" /><testcase classname="tests.timeseries.test_fetch_meta_timeseries" name="test_sanitize_metadata_symbol[lowercase_normalised]" time="0.003" /><testcase classname="tests.timeseries.test_fetch_meta_timeseries" name="test_sanitize_metadata_symbol[whitespace_stripped]" time="0.003" /><testcase classname="tests.timeseries.test_fetch_meta_timeseries" name="test_sanitize_metadata_symbol[path_traversal_rejected]" time="0.003" /><testcase classname="tests.timeseries.test_fetch_meta_timeseries" name="test_sanitize_metadata_symbol[double_traversal_rejected]" time="0.003" /><testcase classname="tests.timeseries.test_fetch_meta_timeseries" name="test_sanitize_metadata_symbol[double_dot_rejected]" time="0.003" /><testcase classname="tests.timeseries.test_fetch_meta_timeseries" name="test_sanitize_metadata_symbol[single_dot_rejected]" time="0.004" /><testcase classname="tests.timeseries.test_fetch_meta_timeseries" name="test_sanitize_metadata_symbol[null_byte_rejected]" time="0.003" /><testcase classname="tests.timeseries.test_fetch_meta_timeseries" name="test_sanitize_metadata_symbol[forward_slash_rejected]" time="0.002" /><testcase classname="tests.timeseries.test_fetch_meta_timeseries" name="test_sanitize_metadata_symbol[backslash_rejected]" time="0.002" /><testcase classname="tests.timeseries.test_fetch_meta_timeseries" name="test_sanitize_metadata_symbol[empty_rejected]" time="0.002" /><testcase classname="tests.timeseries.test_fetch_meta_timeseries" name="test_sanitize_metadata_symbol[whitespace_only_rejected]" time="0.002" /><testcase classname="tests.timeseries.test_fetch_meta_timeseries" name="test_sanitize_metadata_symbol[numeric_only_valid]" time="0.003" /><testcase classname="tests.timeseries.test_fetch_meta_timeseries" name="test_sanitize_metadata_symbol[exactly_max_length_valid]" time="0.003" /><testcase classname="tests.timeseries.test_fetch_meta_timeseries" name="test_sanitize_metadata_symbol[over_max_length_rejected]" time="0.003" /><testcase classname="tests.timeseries.test_fetch_meta_timeseries" name="test_metadata_entry_exists_rejects_path_traversal_in_exchange" time="0.019" /><testcase classname="tests.timeseries.test_fetch_meta_timeseries" name="test_metadata_entry_exists_valid_lookup" time="0.019" /><testcase classname="tests.timeseries.test_fetch_meta_timeseries" name="test_metadata_entry_exists_rejects_traversal_symbol" time="0.015" /><testcase classname="tests.timeseries.test_fetch_meta_timeseries" name="test_metadata_entry_exists_rejects_traversal_exchange" time="0.013" /><testcase classname="tests.timeseries.test_fetch_meta_timeseries" name="test_metadata_entry_exists_rejects_dotdot_exchange" time="0.013" /><testcase classname="tests.timeseries.test_fetch_meta_timeseries" name="test_metadata_entry_exists_in_directory_rejects_traversal" time="0.015" /><testcase classname="tests.timeseries.test_fetch_meta_timeseries" name="test_resolve_exchange_rejects_traversal_symbol" time="0.002" /><testcase classname="tests.timeseries.test_fetch_stooq_timeseries" name="test_get_stooq_suffix_known_and_unknown" time="0.004" /><testcase classname="tests.timeseries.test_fetch_stooq_timeseries" name="test_format_date" time="0.002" /><testcase classname="tests.timeseries.test_fetch_stooq_timeseries" name="test_fetch_stooq_timeseries_range_success" time="0.013" /><testcase classname="tests.timeseries.test_fetch_stooq_timeseries" name="test_fetch_stooq_timeseries_range_rate_limit" time="0.003" /><testcase classname="tests.timeseries.test_fetch_stooq_timeseries" name="test_fetch_stooq_timeseries_range_http_error" time="0.003" /><testcase classname="tests.timeseries.test_fetch_stooq_timeseries" name="test_fetch_stooq_timeseries_range_timeout" time="0.005" /><testcase classname="tests.timeseries.test_fetch_stooq_timeseries" name="test_fetch_stooq_timeseries_range_invalid_ticker" time="0.004" /><testcase classname="tests.timeseries.test_fetch_stooq_timeseries" name="test_fetch_stooq_timeseries_wrapper" time="0.003" /><testcase classname="tests.timeseries.test_fetch_yahoo_timeseries" name="test_get_yahoo_suffix[LSE-.L]" time="0.003" /><testcase classname="tests.timeseries.test_fetch_yahoo_timeseries" name="test_get_yahoo_suffix[l-.L]" time="0.002" /><testcase classname="tests.timeseries.test_fetch_yahoo_timeseries" name="test_get_yahoo_suffix[NASDAQ-]" time="0.002" /><testcase classname="tests.timeseries.test_fetch_yahoo_timeseries" name="test_get_yahoo_suffix[xetra-.DE]" time="0.002" /><testcase classname="tests.timeseries.test_fetch_yahoo_timeseries" name="test_get_yahoo_suffix[FX-=X]" time="0.002" /><testcase classname="tests.timeseries.test_fetch_yahoo_timeseries" name="test_get_yahoo_suffix_unsupported" time="0.002" /><testcase classname="tests.timeseries.test_fetch_yahoo_timeseries" name="test_build_full_ticker_appends_suffix" time="0.002" /><testcase classname="tests.timeseries.test_fetch_yahoo_timeseries" name="test_build_full_ticker_no_duplicate" time="0.002" /><testcase classname="tests.timeseries.test_fetch_yahoo_timeseries" name="test_build_full_ticker_unsupported_exchange" time="0.003" /><testcase classname="tests.timeseries.test_fetch_yahoo_timeseries" name="test_fetch_yahoo_timeseries_range_normalizes" time="0.014" /><testcase classname="tests.timeseries.test_fetch_yahoo_timeseries" name="test_fetch_yahoo_timeseries_range_empty" time="0.004" /><testcase classname="tests.timeseries.test_fetch_yahoo_timeseries" name="test_fetch_yahoo_timeseries_range_exception" time="0.004" /><testcase classname="tests.timeseries.test_fetch_yahoo_timeseries" name="test_fetch_yahoo_timeseries_period_success" time="0.013" /><testcase classname="tests.timeseries.test_fetch_yahoo_timeseries" name="test_fetch_yahoo_timeseries_period_no_normalize_preserves_datetime" time="0.011" /><testcase classname="tests.timeseries.test_fetch_yahoo_timeseries" name="test_fetch_yahoo_timeseries_period_empty" time="0.004" /><testcase classname="tests.timeseries.test_fetch_yahoo_timeseries" name="test_fetch_yahoo_timeseries_period_exception" time="0.004" /><testcase classname="tests.timeseries.test_quality" name="test_compute_quality_empty_dataframe" time="0.003" /><testcase classname="tests.timeseries.test_quality" name="test_find_duplicate_dates" time="0.007" /><testcase classname="tests.timeseries.test_quality" name="test_find_gaps_ignores_weekend" time="0.005" /><testcase classname="tests.timeseries.test_quality" name="test_find_gaps_flags_missing_business_days" time="0.006" /><testcase classname="tests.timeseries.test_quality" name="test_find_gaps_below_threshold_not_reported" time="0.007" /><testcase classname="tests.timeseries.test_quality" name="test_find_gaps_ignores_uk_bank_holiday" time="0.006" /><testcase classname="tests.timeseries.test_quality" name="test_find_gaps_multiple_disjoint_gaps" time="0.006" /><testcase classname="tests.timeseries.test_quality" name="test_find_outliers_flags_spike" time="0.007" /><testcase classname="tests.timeseries.test_quality" name="test_find_outliers_stable_series_has_none" time="0.005" /><testcase classname="tests.timeseries.test_quality" name="test_find_outliers_missing_close_column_returns_empty" time="0.004" /><testcase classname="tests.timeseries.test_quality" name="test_compute_quality_aggregates_all_metrics" time="0.011" /><testcase classname="tests.timeseries.test_run_all_and_load_timeseries" name="test_run_all_tickers_filters_and_delays" time="0.008" /><testcase classname="tests.timeseries.test_run_all_and_load_timeseries" name="test_run_all_tickers_prefers_metadata_exchange_for_cache" time="0.005" /><testcase classname="tests.timeseries.test_run_all_and_load_timeseries" name="test_run_all_tickers_resets_cache_exchange_after_metadata_removed" time="0.024" /><testcase classname="tests.timeseries.test_run_all_and_load_timeseries" name="test_run_all_tickers_drops_cached_exchange_when_metadata_blank" time="0.006" /><testcase classname="tests.timeseries.test_run_all_and_load_timeseries" name="test_load_timeseries_data_filters_and_warnings" time="0.005" /><testcase classname="tests.timeseries.test_run_all_and_load_timeseries" name="test_load_timeseries_data_prefers_metadata_exchange_for_cache" time="0.006" /><testcase classname="tests.timeseries.test_run_all_and_load_timeseries" name="test_load_timeseries_data_handles_stale_metadata" time="0.022" /><testcase classname="tests.timeseries.test_run_all_and_load_timeseries" name="test_load_timeseries_data_drops_cached_exchange_when_metadata_blank" time="0.005" /><testcase classname="tests.utils.test_build_instruments_existing_meta" name="test_build_instruments_reuses_existing_metadata" time="0.025" /><testcase classname="tests.utils.test_build_instruments_from_accounts" name="test_split_ticker[ABC.L-expected0]" time="0.003" /><testcase classname="tests.utils.test_build_instruments_from_accounts" name="test_split_ticker[ABC-expected1]" time="0.003" /><testcase classname="tests.utils.test_build_instruments_from_accounts" name="test_best_name[Short-LongerName-LongerName]" time="0.003" /><testcase classname="tests.utils.test_build_instruments_from_accounts" name="test_best_name[LongerName-Short-LongerName]" time="0.003" /><testcase classname="tests.utils.test_build_instruments_from_accounts" name="test_best_name[None-Beta-Beta]" time="0.003" /><testcase classname="tests.utils.test_build_instruments_from_accounts" name="test_best_name[Alpha-None-Alpha]" time="0.003" /><testcase classname="tests.utils.test_build_instruments_from_accounts" name="test_best_name[None-None-None]" time="0.003" /><testcase classname="tests.utils.test_build_instruments_from_accounts" name="test_infer_currency[CASH-GBP-scaling0-GBP]" time="0.004" /><testcase classname="tests.utils.test_build_instruments_from_accounts" name="test_infer_currency[XYZ-L-scaling1-GBX]" time="0.003" /><testcase classname="tests.utils.test_build_instruments_from_accounts" name="test_infer_currency[ABC-N-scaling2-USD]" time="0.003" /><testcase classname="tests.utils.test_build_instruments_from_accounts" name="test_infer_currency[DEF-DE-scaling3-EUR]" time="0.004" /><testcase classname="tests.utils.test_build_instruments_from_accounts" name="test_infer_currency[GHI-TO-scaling4-None]" time="0.003" /><testcase classname="tests.utils.test_build_instruments_from_accounts" name="test_build_and_write_instruments" time="0.025" /><testcase classname="tests.utils.test_convert_portfolio_xml_to_account_transactions" name="test_safe_int" time="0.002" /><testcase classname="tests.utils.test_convert_portfolio_xml_to_account_transactions" name="test_normalise_account_name" time="0.002" /><testcase classname="tests.utils.test_convert_portfolio_xml_to_account_transactions" name="test_get_ref_missing_returns_none" time="0.002" /><testcase classname="tests.utils.test_convert_portfolio_xml_to_account_transactions" name="test_extract_transactions_by_account" time="0.020" /><testcase classname="tests.utils.test_convert_portfolio_xml_to_account_transactions" name="test_write_account_json" time="0.044" /><testcase classname="tests.utils.test_convert_portfolio_xml_to_account_transactions" name="test_billion_laughs_xml_rejected" time="0.014" /><testcase classname="tests.utils.test_convert_portfolio_xml_to_account_transactions" name="test_main_errors_when_paths_missing" time="0.004" /><testcase classname="tests.utils.test_convert_portfolio_xml_to_account_transactions" name="test_main_runs_with_arguments" time="0.028" /><testcase classname="tests.utils.test_convert_portfolio_xml_to_input_files" name="test_normalize_account_cases" time="0.002" /><testcase classname="tests.utils.test_convert_portfolio_xml_to_input_files" name="test_generate_json_holdings" time="0.027" /><testcase classname="tests.utils.test_currency_utils" name="test_currency_from_isin[GB00B03MLX29-GBP]" time="0.003" /><testcase classname="tests.utils.test_currency_utils" name="test_currency_from_isin[us0378331005-USD]" time="0.003" /><testcase classname="tests.utils.test_currency_utils" name="test_currency_from_isin[XX0000000000-GBP]" time="0.002" /><testcase classname="tests.utils.test_fx_rates" name="test_fetch_fx_rate_range_success[USD-GBP]" time="0.010" /><testcase classname="tests.utils.test_fx_rates" name="test_fetch_fx_rate_range_success[CHF-GBP]" time="0.009" /><testcase classname="tests.utils.test_fx_rates" name="test_fetch_fx_rate_range_success[JPY-GBP]" time="0.009" /><testcase classname="tests.utils.test_fx_rates" name="test_fetch_fx_rate_range_success[CAD-GBP]" time="0.010" /><testcase classname="tests.utils.test_fx_rates" name="test_fetch_fx_rate_range_empty" time="0.004" /><testcase classname="tests.utils.test_fx_rates" name="test_fetch_fx_rate_range_exception" time="0.004" /><testcase classname="tests.utils.test_fx_rates" name="test_fetch_fx_rate_range_unsupported" time="0.004" /><testcase classname="tests.utils.test_fx_rates" name="test_fetch_fx_rate_same_currency" time="0.004" /><testcase classname="tests.utils.test_growth_stage" name="test_get_growth_stage[None-90.0-100.0-seed-None]" time="0.004" /><testcase classname="tests.utils.test_growth_stage" name="test_get_growth_stage[45-None-None-growing-None]" time="0.003" /><testcase classname="tests.utils.test_growth_stage" name="test_get_growth_stage[200-None-None-harvest-Long-term hold \u2013 review position.]" time="0.003" /><testcase classname="tests.utils.test_growth_stage" name="test_get_growth_stage[10-105.0-100.0-harvest-Target met \u2013 consider selling.]" time="0.004" /><testcase classname="tests.utils.test_html_render" name="test_render_timeseries_html" time="0.016" /><testcase classname="tests.utils.test_html_render" name="test_render_timeseries_html_escapes_title_and_subtitle" time="0.013" /><testcase classname="tests.utils.test_html_render" name="test_render_timeseries_html_escapes_cell_values" time="0.013" /><testcase classname="tests.utils.test_period_utils" name="test_parse_period_to_days[1d-1]" time="0.003" /><testcase classname="tests.utils.test_period_utils" name="test_parse_period_to_days[2w-14]" time="0.003" /><testcase classname="tests.utils.test_period_utils" name="test_parse_period_to_days[3mo-90]" time="0.003" /><testcase classname="tests.utils.test_period_utils" name="test_parse_period_to_days[1y-365]" time="0.003" /><testcase classname="tests.utils.test_period_utils" name="test_parse_period_to_days[2W-14]" time="0.002" /><testcase classname="tests.utils.test_period_utils" name="test_parse_period_invalid_format[]" time="0.002" /><testcase classname="tests.utils.test_period_utils" name="test_parse_period_invalid_format[5x]" time="0.003" /><testcase classname="tests.utils.test_period_utils" name="test_parse_period_invalid_format[abc]" time="0.003" /><testcase classname="tests.utils.test_period_utils" name="test_parse_period_unsupported_unit" time="0.002" /><testcase classname="tests.utils.test_positions" name="test_extract_holdings_sums_and_acquisitions" time="0.020" /><testcase classname="tests.utils.test_positions" name="test_extract_holdings_by_account" time="0.019" /><testcase classname="tests.utils.test_positions" name="test_extract_holdings_with_cutoff" time="0.018" /><testcase classname="tests.utils.test_positions" name="test_get_unique_tickers" time="0.022" /><testcase classname="tests.utils.test_positions" name="test_get_name_map_from_xml" time="0.014" /><testcase classname="tests.utils.test_positions" name="test_extract_dividends" time="0.017" /><testcase classname="tests.utils.test_positions" name="test_extract_holdings_ignores_invalid" time="0.014" /><testcase classname="tests.utils.test_positions" name="test_extract_dividends_ignores_invalid" time="0.014" /><testcase classname="tests.utils.test_pricing_dates" name="test_reporting_and_previous_dates_skip_weekend" time="0.003" /><testcase classname="tests.utils.test_pricing_dates" name="test_lookback_anchor_from_reporting_date" time="0.002" /><testcase classname="tests.utils.test_pricing_dates" name="test_lookback_range_forward_end_handles_weekend" time="0.002" /><testcase classname="tests.utils.test_scenario_tester" name="test_apply_price_shock_falls_back_to_get_price" time="0.002" /><testcase classname="tests.utils.test_scenario_tester" name="test_apply_price_shock_updates_totals_without_fetch" time="0.003" /><testcase classname="tests.utils.test_scenario_tester" name="test_apply_price_shock_updates_all_totals_without_mutating_original" time="0.002" /><testcase classname="tests.utils.test_scenario_tester" name="test_scale_portfolio_scales_each_horizon" time="0.002" /><testcase classname="tests.utils.test_scenario_tester" name="test_forward_returns_empty" time="0.003" /><testcase classname="tests.utils.test_scenario_tester" name="test_forward_returns_with_data" time="0.013" /><testcase classname="tests.utils.test_scenario_tester" name="test_forward_returns_nonfinite_prices" time="0.012" /><testcase classname="tests.utils.test_scenario_tester" name="test_parse_full_ticker_variants[ABC.L-expected0]" time="0.003" /><testcase classname="tests.utils.test_scenario_tester" name="test_parse_full_ticker_variants[DEF-expected1]" time="0.003" /><testcase classname="tests.utils.test_scenario_tester" name="test_parse_full_ticker_variants[inp2-expected2]" time="0.002" /><testcase classname="tests.utils.test_scenario_tester" name="test_parse_full_ticker_variants[inp3-expected3]" time="0.003" /><testcase classname="tests.utils.test_scenario_tester" name="test_apply_historical_event_portfolio_aggregates_returns" time="0.002" /><testcase classname="tests.utils.test_timeseries_helpers" name="test_apply_scaling_basic" time="0.006" /><testcase classname="tests.utils.test_timeseries_helpers" name="test_apply_scaling_no_scale_returns_same_object" time="0.003" /><testcase classname="tests.utils.test_timeseries_helpers" name="test_get_scaling_override_requested" time="0.002" /><testcase classname="tests.utils.test_timeseries_helpers" name="test_get_scaling_override_from_json" time="0.004" /><testcase classname="tests.utils.test_timeseries_helpers" name="test_get_scaling_override_missing_file" time="0.005" /><testcase classname="tests.utils.test_timeseries_helpers" name="test_get_scaling_override_nested_currency" time="0.004" /><testcase classname="tests.utils.test_timeseries_helpers" name="test_get_scaling_override_security_meta_fallback" time="0.003" /><testcase classname="tests.utils.test_timeseries_helpers" name="test_handle_timeseries_response_variants" time="0.008" /><testcase classname="tests.utils.test_timeseries_helpers" name="test_get_scaling_override_bad_json" time="0.018" /><testcase classname="tests.utils.test_timeseries_helpers" name="test_get_scaling_override_invalid_value" time="0.018" /><testcase classname="tests.utils.test_timeseries_helpers" name="test_nearest_weekday" time="0.002" /><testcase classname="tests.utils.test_timeseries_helpers" name="test_is_isin" time="0.002" /><testcase classname="tests.utils.test_timeseries_helpers.TestResolveDateRange" name="test_positive_days_sets_start_relative_to_today" time="0.002" /><testcase classname="tests.utils.test_timeseries_helpers.TestResolveDateRange" name="test_zero_days_returns_epoch_start" time="0.002" /><testcase classname="tests.utils.test_timeseries_helpers.TestResolveDateRange" name="test_negative_days_returns_epoch_start" time="0.002" /><testcase classname="tests.utils.test_timeseries_helpers.TestResolveDateRange" name="test_explicit_start_date_overrides_days" time="0.002" /><testcase classname="tests.utils.test_timeseries_helpers.TestResolveDateRange" name="test_explicit_end_date_overrides_yesterday" time="0.002" /><testcase classname="tests.utils.test_timeseries_helpers.TestResolveDateRange" name="test_both_explicit_dates_ignore_days_entirely" time="0.002" /><testcase classname="tests.utils.test_timeseries_helpers.TestResolveDateRange" name="test_returns_tuple_of_date_objects" time="0.003" /><testcase classname="tests.utils.test_timeseries_helpers.TestApplyDateRange" name="test_start_date_only" time="0.006" /><testcase classname="tests.utils.test_timeseries_helpers.TestApplyDateRange" name="test_end_date_only" time="0.006" /><testcase classname="tests.utils.test_timeseries_helpers.TestApplyDateRange" name="test_both_bounds" time="0.006" /><testcase classname="tests.utils.test_timeseries_helpers.TestApplyDateRange" name="test_neither_bound_noop" time="0.004" /><testcase classname="tests.utils.test_timeseries_helpers.TestApplyDateRange" name="test_boundary_dates_inclusive" time="0.005" /><testcase classname="tests.utils.test_timeseries_helpers.TestApplyDateRange" name="test_plain_date_column" time="0.005" /><testcase classname="tests.utils.test_timeseries_helpers.TestApplyDateRange" name="test_empty_dataframe_returns_empty" time="0.003" /><testcase classname="tests.utils.test_timeseries_helpers.TestApplyDateRange" name="test_missing_date_column_returns_df_unchanged" time="0.003" /><testcase classname="tests.utils.test_timeseries_helpers.TestApplyDateRange" name="test_missing_date_column_not_mutated" time="0.003" /><testcase classname="tests.utils.test_timeseries_helpers.TestApplyDateRange" name="test_nat_rows_are_dropped" time="0.006" /><testcase classname="tests.utils.test_timeseries_helpers.TestApplyDateRange" name="test_none_rows_dropped_plain_date_column" time="0.005" /><testcase classname="tests.utils.test_timeseries_helpers.TestApplyDateRange" name="test_index_is_reset" time="0.006" /><testcase classname="tests.utils.test_timeseries_helpers.TestApplyDateRange" name="test_datetime64_dtype_preserved_in_output" time="0.006" /><testcase classname="tests.utils.test_timeseries_helpers.TestApplyDateRange" name="test_plain_date_dtype_preserved_in_output" time="0.005" /><testcase classname="tests.utils.test_timeseries_helpers.TestApplyDateRange" name="test_original_frame_not_mutated" time="0.008" /><testcase classname="tests.utils.test_uk_holidays" name="test_uk_bank_holidays_2026_known_dates" time="0.002" /><testcase classname="tests.utils.test_uk_holidays" name="test_new_years_day_weekend_substitution" time="0.002" /><testcase classname="tests.utils.test_uk_holidays" name="test_is_uk_business_day_excludes_weekends_and_holidays" time="0.003" /><testcase classname="tests.utils.test_uk_holidays" name="test_uk_business_days_between_excludes_christmas_period" time="0.003" /><testcase classname="tests.utils.test_uk_holidays" name="test_uk_business_days_between_empty_when_start_after_end" time="0.043" /></testsuite></testsuites>